******************************************************************************
                  TI ARM Linker PC v20.2.7                     
******************************************************************************
>> Linked Sat Jul  6 21:23:57 2024

OUTPUT FILE NAME:   <RobotCompetition.out>
ENTRY POINT SYMBOL: "_c_int00_noargs"  address: 00004205


MEMORY CONFIGURATION

         name            origin    length      used     unused   attr    fill
----------------------  --------  ---------  --------  --------  ----  --------
  MAIN                  00000000   00040000  00004629  0003b9d7  R  X
  INFO                  00200000   00004000  00000000  00004000  R  X
  SRAM_CODE             01000000   00010000  000009fa  0000f606  RW X
  SRAM_DATA             20000000   00010000  000009fa  0000f606  RW  


SEGMENT ALLOCATION MAP

run origin  load origin   length   init length attrs members
----------  ----------- ---------- ----------- ----- -------
00000000    00000000    00004630   00004630    r-x
  00000000    00000000    000000e4   000000e4    r-- .intvecs
  000000e4    000000e4    000043ac   000043ac    r-x .text
  00004490    00004490    00000101   00000101    r-- .const
  00004598    00004598    00000098   00000098    r-- .cinit
20000000    20000000    000007fa   00000000    rw-
  20000000    20000000    00000400   00000000    rw- .sysmem
  20000400    20000400    00000220   00000000    rw- .data
  20000620    20000620    000001da   00000000    rw- .bss
2000fe00    2000fe00    00000200   00000000    rw-
  2000fe00    2000fe00    00000200   00000000    rw- .stack


SECTION ALLOCATION MAP

 output                                  attributes/
section   page    origin      length       input sections
--------  ----  ----------  ----------   ----------------
.intvecs   0    00000000    000000e4     
                  00000000    000000e4     startup_msp432p401r_ccs.obj (.intvecs:retain)

.text      0    000000e4    000043ac     
                  000000e4    00000a4e     rtsv7M4_T_le_v4SPD16_eabi.lib : _printfi.c.obj (.text:__TI_printfi)
                  00000b32    00000002                                   : _lock.c.obj (.text:_nop)
                  00000b34    00000448     movements.obj (.text)
                  00000f7c    000003c0     pwm.obj (.text)
                  0000133c    0000032c     system_msp432p401r.obj (.text)
                  00001668    00000326     main.obj (.text)
                  0000198e    00000002     rtsv7M4_T_le_v4SPD16_eabi.lib : div0.asm.obj (.text)
                  00001990    000002b0     motor.obj (.text)
                  00001c40    00000270     rtsv7M4_T_le_v4SPD16_eabi.lib : _printfi.c.obj (.text:_pconv_a)
                  00001eb0    00000248     timer.obj (.text)
                  000020f8    000001d4     tachometer.obj (.text)
                  000022cc    000001d0     rtsv7M4_T_le_v4SPD16_eabi.lib : _printfi.c.obj (.text:_pconv_g)
                  0000249c    000001b6                                   : fd_add_t2.asm.obj (.text)
                  00002652    00000002     --HOLE-- [fill = 0]
                  00002654    0000013c                                   : _printfi.c.obj (.text:_pconv_e)
                  00002790    00000136                                   : fd_div_t2.asm.obj (.text)
                  000028c6    00000002     --HOLE-- [fill = 0]
                  000028c8    00000124                                   : _printfi.c.obj (.text:fcvt)
                  000029ec    00000114                                   : fputs.c.obj (.text:fputs)
                  00002b00    00000110                                   : s_scalbn.c.obj (.text:scalbn)
                  00002c10    00000100                                   : memory.c.obj (.text:aligned_alloc)
                  00002d10    000000fc     launchpad.obj (.text)
                  00002e0c    000000fc     rtsv7M4_T_le_v4SPD16_eabi.lib : fd_mul_t2.asm.obj (.text)
                  00002f08    000000e8     timer_a3_capture.obj (.text)
                  00002ff0    000000e4     rtsv7M4_T_le_v4SPD16_eabi.lib : memory.c.obj (.text:free)
                  000030d4    000000e4     refl_snsr.obj (.text)
                  000031b8    000000dc     rtsv7M4_T_le_v4SPD16_eabi.lib : setvbuf.c.obj (.text:setvbuf)
                  00003294    000000b1                                   : _printfi.c.obj (.text:_ltostr)
                  00003345    00000003     --HOLE-- [fill = 0]
                  00003348    0000009c     bump.obj (.text)
                  000033e4    0000009c     rtsv7M4_T_le_v4SPD16_eabi.lib : memcpy_t2.asm.obj (.text)
                  00003480    00000096                                   : ull_div_t2.asm.obj (.text)
                  00003516    00000002     --HOLE-- [fill = 0]
                  00003518    0000008c                                   : fputc.c.obj (.text:fputc)
                  000035a4    00000086                                   : fd_cmp_t2.asm.obj (.text:__aeabi_cdcmple)
                  0000362a    00000086                                   : fd_cmp_t2.asm.obj (.text:__aeabi_cdrcmple)
                  000036b0    0000007a                                   : memset_t2.asm.obj (.text)
                  0000372a    00000002     --HOLE-- [fill = 0]
                  0000372c    00000074                                   : fclose.c.obj (.text:__TI_closefile)
                  000037a0    00000070                                   : memory.c.obj (.text:split)
                  00003810    0000006e                                   : _printfi.c.obj (.text:_mcpy)
                  0000387e    0000006e                                   : fd_tos_t2.asm.obj (.text)
                  000038ec    0000006c                                   : hostrename.c.obj (.text:HOSTrename)
                  00003958    00000068                                   : hostlseek.c.obj (.text:HOSTlseek)
                  000039c0    00000068                                   : copy_decompress_lzss.c.obj (.text:decompress:lzss:__TI_decompress_lzss)
                  00003a28    00000068                                   : printf.c.obj (.text:printf)
                  00003a90    00000064                                   : s_frexp.c.obj (.text:frexp)
                  00003af4    00000064                                   : fseek.c.obj (.text:fseek)
                  00003b58    00000062                                   : _io_perm.c.obj (.text:__TI_wrt_ok)
                  00003bba    00000002     --HOLE-- [fill = 0]
                  00003bbc    00000060                                   : hostopen.c.obj (.text:HOSTopen)
                  00003c1c    0000005c                                   : close.c.obj (.text:close)
                  00003c78    00000058                                   : hostread.c.obj (.text:HOSTread)
                  00003cd0    00000058                                   : hostwrite.c.obj (.text:HOSTwrite)
                  00003d28    00000056                                   : _printfi.c.obj (.text:_pconv_f)
                  00003d7e    00000054                                   : _ltoa.c.obj (.text:__TI_ltoa)
                  00003dd2    00000002     --HOLE-- [fill = 0]
                  00003dd4    00000054     switch.obj (.text)
                  00003e28    00000052     rtsv7M4_T_le_v4SPD16_eabi.lib : _printfi.c.obj (.text:_ecpy)
                  00003e7a    0000004c                                   : fflush.c.obj (.text:__TI_doflush)
                  00003ec6    00000002     --HOLE-- [fill = 0]
                  00003ec8    0000004c                                   : atoi.c.obj (.text:atoi)
                  00003f14    00000048                                   : exit.c.obj (.text:exit)
                  00003f5c    00000048                                   : fd_toi_t2.asm.obj (.text)
                  00003fa4    00000044                                   : hostclose.c.obj (.text:HOSTclose)
                  00003fe8    00000044                                   : hostunlink.c.obj (.text:HOSTunlink)
                  0000402c    00000044                                   : autoinit.c.obj (.text:__TI_auto_init_nobinit_nopinit:__TI_auto_init_nobinit_nopinit)
                  00004070    00000044                                   : getdevice.c.obj (.text:getdevice)
                  000040b4    0000003e                                   : _printfi.c.obj (.text:_fcpy)
                  000040f2    00000002     --HOLE-- [fill = 0]
                  000040f4    00000038                                   : trgmsg.c.obj (.text:__TI_writemsg)
                  0000412c    00000038                                   : fs_tod_t2.asm.obj (.text)
                  00004164    00000036                                   : strncpy.c.obj (.text:strncpy)
                  0000419a    00000002     --HOLE-- [fill = 0]
                  0000419c    00000034                                   : fopen.c.obj (.text:__TI_cleanup)
                  000041d0    00000034                                   : trgmsg.c.obj (.text:__TI_readmsg)
                  00004204    00000034                                   : boot_cortex_m.c.obj (.text:_c_int00_noargs:_c_int00_noargs)
                  00004238    00000030                                   : getdevice.c.obj (.text:finddevice)
                  00004268    0000002e                                   : i_tofd_t2.asm.obj (.text)
                  00004296    00000002     --HOLE-- [fill = 0]
                  00004298    0000002c                                   : unlink.c.obj (.text:unlink)
                  000042c4    00000028                                   : memory.c.obj (.text:free_list_insert)
                  000042ec    00000028                                   : lseek.c.obj (.text:lseek)
                  00004314    00000028                                   : write.c.obj (.text:write)
                  0000433c    00000020                                   : memchr.c.obj (.text:memchr)
                  0000435c    00000020                                   : u_tofd_t2.asm.obj (.text)
                  0000437c    0000001c                                   : copy_zero_init.c.obj (.text:decompress:ZI:__TI_zero_init_nomemset:__TI_zero_init_nomemset)
                  00004398    0000001c                                   : memory.c.obj (.text:free_list_remove)
                  000043b4    0000001c                                   : memccpy.c.obj (.text:memccpy)
                  000043d0    0000001a                                   : s_copysign.c.obj (.text:copysign)
                  000043ea    00000018                                   : strcmp.c.obj (.text:strcmp)
                  00004402    00000016                                   : strchr.c.obj (.text:strchr)
                  00004418    00000014                                   : strcpy.c.obj (.text:strcpy)
                  0000442c    00000014                                   : strlen.c.obj (.text:strlen)
                  00004440    00000012                                   : wcslen.c.obj (.text:wcslen)
                  00004452    0000000e                                   : copy_decompress_none.c.obj (.text:decompress:none:__TI_decompress_none)
                  00004460    0000000e     startup_msp432p401r_ccs.obj (.text)
                  0000446e    00000002     --HOLE-- [fill = 0]
                  00004470    00000008     rtsv7M4_T_le_v4SPD16_eabi.lib : errno.c.obj (.text:__aeabi_errno_addr)
                  00004478    00000008                                   : memory.c.obj (.text:malloc)
                  00004480    00000004                                   : printf.c.obj (.text:_outc)
                  00004484    00000004                                   : printf.c.obj (.text:_outs)
                  00004488    00000004                                   : pre_init.c.obj (.text:_system_pre_init)
                  0000448c    00000004                                   : exit.c.obj (.text:abort:abort)

.const     0    00004490    00000101     
                  00004490    00000101     rtsv7M4_T_le_v4SPD16_eabi.lib : ctype.c.obj (.const:.string:_ctypes_)

.cinit     0    00004598    00000098     
                  00004598    00000074     (.cinit..data.load) [load image, compression = lzss]
                  0000460c    0000000c     (__TI_handler_table)
                  00004618    00000008     (.cinit..bss.load) [load image, compression = zero_init]
                  00004620    00000010     (__TI_cinit_table)

.init_array 
*          0    00000000    00000000     UNINITIALIZED

.binit     0    00000000    00000000     

.sysmem    0    20000000    00000400     UNINITIALIZED
                  20000000    00000010     rtsv7M4_T_le_v4SPD16_eabi.lib : memory.c.obj (.sysmem)
                  20000010    000003f0     --HOLE--

.data      0    20000400    00000220     UNINITIALIZED
                  20000400    000000f0     rtsv7M4_T_le_v4SPD16_eabi.lib : defs.c.obj (.data:_ftable)
                  200004f0    00000078                                   : host_device.c.obj (.data:_device)
                  20000568    00000050                                   : host_device.c.obj (.data:_stream)
                  200005b8    00000018     timer.obj (.data)
                  200005d0    00000011     movements.obj (.data)
                  200005e1    00000003     --HOLE--
                  200005e4    00000010     rtsv7M4_T_le_v4SPD16_eabi.lib : defs.c.obj (.data)
                  200005f4    0000000c                                   : exit.c.obj (.data:$O1$$)
                  20000600    00000008                                   : _lock.c.obj (.data:$O1$$)
                  20000608    00000008                                   : memory.c.obj (.data:$O1$$)
                  20000610    00000008     timer_a3_capture.obj (.data)
                  20000618    00000004     rtsv7M4_T_le_v4SPD16_eabi.lib : errno.c.obj (.data)
                  2000061c    00000004     system_msp432p401r.obj (.data)

.bss       0    20000620    000001da     UNINITIALIZED
                  20000620    00000120     rtsv7M4_T_le_v4SPD16_eabi.lib : trgmsg.c.obj (.bss:_CIOBUF_)
                  20000740    000000a0     (.common:__TI_tmpnams)
                  200007e0    00000008     (.common:parmbuf)
                  200007e8    00000004     (.common:tachometer_left_steps)
                  200007ec    00000004     (.common:tachometer_right_steps)
                  200007f0    00000002     (.common:tachometer_first_left_time)
                  200007f2    00000002     (.common:tachometer_first_right_time)
                  200007f4    00000002     (.common:tachometer_second_left_time)
                  200007f6    00000002     (.common:tachometer_second_right_time)
                  200007f8    00000001     (.common:tachometer_left_dir)
                  200007f9    00000001     (.common:tachometer_right_dir)

.stack     0    2000fe00    00000200     UNINITIALIZED
                  2000fe00    00000004     rtsv7M4_T_le_v4SPD16_eabi.lib : boot_cortex_m.c.obj (.stack)
                  2000fe04    000001fc     --HOLE--

__llvm_prf_cnts 
*          0    20000000    00000000     UNINITIALIZED

MODULE SUMMARY

       Module                        code    ro data   rw data
       ------                        ----    -------   -------
    .\
       movements.obj                 1096    0         34     
       pwm.obj                       960     0         0      
       system_msp432p401r.obj        812     0         8      
       main.obj                      806     0         0      
       motor.obj                     688     0         0      
       timer.obj                     584     0         48     
       tachometer.obj                468     0         36     
       launchpad.obj                 252     0         0      
       timer_a3_capture.obj          232     0         16     
       startup_msp432p401r_ccs.obj   14      228       0      
       refl_snsr.obj                 228     0         0      
       bump.obj                      156     0         0      
       switch.obj                    84      0         0      
    +--+-----------------------------+-------+---------+---------+
       Total:                        6380    228       142    
                                                              
    C:\ti\ccs1271\ccs\tools\compiler\ti-cgt-arm_20.2.7.LTS\lib\rtsv7M4_T_le_v4SPD16_eabi.lib
       _printfi.c.obj                4851    0         0      
       defs.c.obj                    0       0         832    
       memory.c.obj                  672     0         16     
       trgmsg.c.obj                  108     0         576    
       fd_add_t2.asm.obj             438     0         0      
       host_device.c.obj             0       0         400    
       fd_div_t2.asm.obj             310     0         0      
       fputs.c.obj                   276     0         0      
       s_scalbn.c.obj                272     0         0      
       fd_cmp_t2.asm.obj             268     0         0      
       ctype.c.obj                   0       257       0      
       fd_mul_t2.asm.obj             252     0         0      
       setvbuf.c.obj                 220     0         0      
       memcpy_t2.asm.obj             156     0         0      
       ull_div_t2.asm.obj            150     0         0      
       fputc.c.obj                   140     0         0      
       memset_t2.asm.obj             122     0         0      
       fclose.c.obj                  116     0         0      
       getdevice.c.obj               116     0         0      
       hostopen.c.obj                96      0         16     
       printf.c.obj                  112     0         0      
       fd_tos_t2.asm.obj             110     0         0      
       hostrename.c.obj              108     0         0      
       copy_decompress_lzss.c.obj    104     0         0      
       hostlseek.c.obj               104     0         0      
       exit.c.obj                    76      0         24     
       fseek.c.obj                   100     0         0      
       s_frexp.c.obj                 100     0         0      
       _io_perm.c.obj                98      0         0      
       close.c.obj                   92      0         0      
       hostread.c.obj                88      0         0      
       hostwrite.c.obj               88      0         0      
       _ltoa.c.obj                   84      0         0      
       atoi.c.obj                    76      0         0      
       fflush.c.obj                  76      0         0      
       fd_toi_t2.asm.obj             72      0         0      
       autoinit.c.obj                68      0         0      
       hostclose.c.obj               68      0         0      
       hostunlink.c.obj              68      0         0      
       fs_tod_t2.asm.obj             56      0         0      
       strncpy.c.obj                 54      0         0      
       boot_cortex_m.c.obj           52      0         0      
       fopen.c.obj                   52      0         0      
       i_tofd_t2.asm.obj             46      0         0      
       unlink.c.obj                  44      0         0      
       lseek.c.obj                   40      0         0      
       write.c.obj                   40      0         0      
       memchr.c.obj                  32      0         0      
       u_tofd_t2.asm.obj             32      0         0      
       copy_zero_init.c.obj          28      0         0      
       memccpy.c.obj                 28      0         0      
       s_copysign.c.obj              26      0         0      
       strcmp.c.obj                  24      0         0      
       strchr.c.obj                  22      0         0      
       strcpy.c.obj                  20      0         0      
       strlen.c.obj                  20      0         0      
       _lock.c.obj                   2       0         16     
       wcslen.c.obj                  18      0         0      
       errno.c.obj                   8       0         8      
       copy_decompress_none.c.obj    14      0         0      
       pre_init.c.obj                4       0         0      
       div0.asm.obj                  2       0         0      
    +--+-----------------------------+-------+---------+---------+
       Total:                        10919   257       1888   
                                                              
       Heap:                         0       0         2048   
       Stack:                        0       0         1024   
       Linker Generated:             0       152       0      
    +--+-----------------------------+-------+---------+---------+
       Grand Total:                  17299   637       5102   


LINKER GENERATED COPY TABLES

__TI_cinit_table @ 00004620 records: 2, size/record: 8, table size: 16
	.data: load addr=00004598, load size=00000074 bytes, run addr=20000400, run size=00000220 bytes, compression=lzss
	.bss: load addr=00004618, load size=00000008 bytes, run addr=20000620, run size=000001da bytes, compression=zero_init


LINKER GENERATED HANDLER TABLE

__TI_handler_table @ 0000460c records: 3, size/record: 4, table size: 12
	index: 0, handler: __TI_decompress_lzss
	index: 1, handler: __TI_decompress_none
	index: 2, handler: __TI_zero_init


GLOBAL SYMBOLS: SORTED ALPHABETICALLY BY Name 

address   name                              
-------   ----                              
0000446d  ADC14_IRQHandler                  
0000446d  AES256_IRQHandler                 
00000e8b  Arduino_Init                      
00000eeb  Arduino_Input                     
00000ed3  Arduino_OUT_OFF                   
00000edf  Arduino_OUT_ON                    
0000446d  BusFault_Handler                  
0000448d  C$$EXIT                           
00004123  C$$IO$$                           
0000446d  COMP_E0_IRQHandler                
0000446d  COMP_E1_IRQHandler                
200005c0  CPMwait                           
0000446d  CS_IRQHandler                     
200005b8  ClockFrequency                    
200005cc  Crystalstable                     
0000446d  DMA_ERR_IRQHandler                
0000446d  DMA_INT0_IRQHandler               
0000446d  DMA_INT1_IRQHandler               
0000446d  DMA_INT2_IRQHandler               
0000446d  DMA_INT3_IRQHandler               
0000446d  DebugMon_Handler                  
0000446d  Default_Handler                   
0000446d  EUSCIA0_IRQHandler                
0000446d  EUSCIA1_IRQHandler                
0000446d  EUSCIA2_IRQHandler                
0000446d  EUSCIA3_IRQHandler                
0000446d  EUSCIB0_IRQHandler                
0000446d  EUSCIB1_IRQHandler                
0000446d  EUSCIB2_IRQHandler                
0000446d  EUSCIB3_IRQHandler                
0000446d  FLCTL_IRQHandler                  
0000446d  FPU_IRQHandler                    
00003fa5  HOSTclose                         
00003959  HOSTlseek                         
00003bbd  HOSTopen                          
00003c79  HOSTread                          
000038ed  HOSTrename                        
00003fe9  HOSTunlink                        
00003cd1  HOSTwrite                         
0000446d  HardFault_Handler                 
200005c8  IFlags                            
00000b35  IR_Tracing                        
0000446d  MemManage_Handler                 
00000e27  Motor_Turn_ARM                    
00000e59  Motor_Turn_ARM1                   
0000446d  NMI_Handler                       
0000446d  PCM_IRQHandler                    
0000446d  PORT1_IRQHandler                  
0000446d  PORT2_IRQHandler                  
0000446d  PORT3_IRQHandler                  
0000446d  PORT4_IRQHandler                  
0000446d  PORT5_IRQHandler                  
0000446d  PORT6_IRQHandler                  
0000446d  PSS_IRQHandler                    
0000446d  PendSV_Handler                    
200005c4  Postwait                          
200005bc  Prewait                           
0000446d  RTC_C_IRQHandler                  
00004461  Reset_Handler                     
0000446d  SVC_Handler                       
0000446d  SysTick_Handler                   
2000061c  SystemCoreClock                   
0000133d  SystemCoreClockUpdate             
000015b1  SystemInit                        
0000446d  T32_INT1_IRQHandler               
0000446d  T32_INT2_IRQHandler               
0000446d  T32_INTC_IRQHandler               
0000446d  TA0_0_IRQHandler                  
0000446d  TA0_N_IRQHandler                  
0000446d  TA1_0_IRQHandler                  
0000446d  TA1_N_IRQHandler                  
0000446d  TA2_0_IRQHandler                  
0000446d  TA2_N_IRQHandler                  
00002f93  TA3_0_IRQHandler                  
00002f93  TA3_0_IRQHandler                  
00002fad  TA3_N_IRQHandler                  
00002fad  TA3_N_IRQHandler                  
0000446d  UsageFault_Handler                
4000480c  WDTCTL_SYM                        
0000446d  WDT_A_IRQHandler                  
20000620  __CIOBUF_                         
20010000  __STACK_END                       
00000200  __STACK_SIZE                      
00000400  __SYSMEM_SIZE                     
00004620  __TI_CINIT_Base                   
00004630  __TI_CINIT_Limit                  
0000460c  __TI_Handler_Table_Base           
00004618  __TI_Handler_Table_Limit          
0000402d  __TI_auto_init_nobinit_nopinit    
0000419d  __TI_cleanup                      
200005f4  __TI_cleanup_ptr                  
0000372d  __TI_closefile                    
000039c1  __TI_decompress_lzss              
00004453  __TI_decompress_none              
00003e7b  __TI_doflush                      
200005f8  __TI_dtors_ptr                    
200005fc  __TI_enable_exit_profile_output   
200005e4  __TI_ft_end                       
00003d7f  __TI_ltoa                         
ffffffff  __TI_pprof_out_hndl               
000000e5  __TI_printfi                      
ffffffff  __TI_prof_data_size               
ffffffff  __TI_prof_data_start              
000041d1  __TI_readmsg                      
00000000  __TI_static_base__                
20000740  __TI_tmpnams                      
000040f5  __TI_writemsg                     
00003b59  __TI_wrt_ok                       
0000437d  __TI_zero_init_nomemset           
000035a5  __aeabi_cdcmpeq                   
000035a5  __aeabi_cdcmple                   
0000362b  __aeabi_cdrcmple                  
0000387f  __aeabi_d2f                       
00003f5d  __aeabi_d2iz                      
000024a7  __aeabi_dadd                      
00002791  __aeabi_ddiv                      
00002e0d  __aeabi_dmul                      
0000249d  __aeabi_dsub                      
00004471  __aeabi_errno_addr                
0000412d  __aeabi_f2d                       
00004269  __aeabi_i2d                       
0000198f  __aeabi_idiv0                     
0000198f  __aeabi_ldiv0                     
000036b1  __aeabi_memclr                    
000036b1  __aeabi_memclr4                   
000036b1  __aeabi_memclr8                   
000033e5  __aeabi_memcpy                    
000033e5  __aeabi_memcpy4                   
000033e5  __aeabi_memcpy8                   
000036b3  __aeabi_memset                    
000036b3  __aeabi_memset4                   
000036b3  __aeabi_memset8                   
200005f0  __aeabi_stderr                    
200005e8  __aeabi_stdin                     
200005ec  __aeabi_stdout                    
0000435d  __aeabi_ui2d                      
00003481  __aeabi_uldivmod                  
ffffffff  __binit__                         
ffffffff  __c_args__                        
UNDEFED   __mpu_init                        
2000fe00  __stack                           
20000000  __start___llvm_prf_cnts           
20000000  __stop___llvm_prf_cnts            
00004205  _c_int00_noargs                   
00004490  _ctypes_                          
200004f0  _device                           
20000400  _ftable                           
20000600  _lock                             
00000b33  _nop                              
20000568  _stream                           
20000000  _sys_memory                       
UNDEFED   _system_post_cinit                
00004489  _system_pre_init                  
20000604  _unlock                           
0000448d  abort                             
00002c11  aligned_alloc                     
00003ec9  atoi                              
ffffffff  binit                             
00003349  bump_init                         
0000337d  bump_read                         
00003387  bump_read_num                     
000033a9  bump_wait                         
20000610  capture_task0                     
20000614  capture_task1                     
00003c1d  close                             
000043d1  copysign                          
000043d1  copysignl                         
20000618  errno                             
00003f15  exit                              
00004239  finddevice                        
00003519  fputc                             
000029ed  fputs                             
00002ff1  free                              
00003a91  frexp                             
00003a91  frexpl                            
00003af5  fseek                             
00004071  getdevice                         
00000000  interruptVectors                  
00002dbd  launchpad_3_color_led_ctrl        
00002d81  launchpad_buttons_read            
00002d11  launchpad_init                    
00002d9f  launchpad_led_ctrl                
00002b01  ldexp                             
00002b01  ldexpl                            
000042ed  lseek                             
00001865  main                              
00004479  malloc                            
00002c11  memalign                          
000043b5  memccpy                           
0000433d  memchr                            
000033e5  memcpy                            
000036b9  memset                            
00001991  motor_init                        
00001ab5  motor_move_forward                
00001bbd  motor_move_with_forward_and_turn  
00001b0d  motor_run                         
00001a7d  motor_stop                        
200007e0  parmbuf                           
00003a29  printf                            
00003519  putc                              
00000f7d  pwm_1_2_init                      
00001003  pwm_1_duty                        
00001023  pwm_2_duty                        
00001043  pwm_3_4_init                      
000010c9  pwm_3_duty                        
000010e9  pwm_4_duty                        
00001233  pwm_robot_arm_0_duty              
00001259  pwm_robot_arm_1_duty              
0000127f  pwm_robot_arm_2_duty              
00001253  pwm_robot_arm_get_0_duty          
00001279  pwm_robot_arm_get_1_duty          
0000129f  pwm_robot_arm_get_2_duty          
00001109  pwm_robot_arm_init                
000030d5  refl_snsr_init                    
00003125  refl_snsr_read                    
00004299  remove                            
00002b01  scalbn                            
00002b01  scalbnl                           
000031b9  setvbuf                           
00004403  strchr                            
000043eb  strcmp                            
00004419  strcpy                            
0000442d  strlen                            
00004165  strncpy                           
00003e09  switch_2_read                     
00003dd5  switch_init                       
00003dff  switch_read                       
200007f0  tachometer_first_left_time        
200007f2  tachometer_first_right_time       
00002221  tachometer_get                    
00002185  tachometer_init                   
200007f8  tachometer_left_dir               
200007e8  tachometer_left_steps             
0000226d  tachometer_reset                  
200007f9  tachometer_right_dir              
200007ec  tachometer_right_steps            
200007f4  tachometer_second_left_time       
200007f6  tachometer_second_right_time      
00002f15  timer_a3_capture_register_callback
00002f09  timer_a3_empty_function           
00002063  timer_delay_ms                    
00002039  timer_delay_us                    
00002025  timer_get_freq                    
00001eb1  timer_init                        
00001f0f  timer_init_48_mhz                 
00001ec1  timer_wait                        
00001ee7  timer_wait_ms                     
00004299  unlink                            
00004441  wcslen                            
00004315  write                             


GLOBAL SYMBOLS: SORTED BY Symbol Address 

address   name                              
-------   ----                              
00000000  __TI_static_base__                
00000000  interruptVectors                  
000000e5  __TI_printfi                      
00000200  __STACK_SIZE                      
00000400  __SYSMEM_SIZE                     
00000b33  _nop                              
00000b35  IR_Tracing                        
00000e27  Motor_Turn_ARM                    
00000e59  Motor_Turn_ARM1                   
00000e8b  Arduino_Init                      
00000ed3  Arduino_OUT_OFF                   
00000edf  Arduino_OUT_ON                    
00000eeb  Arduino_Input                     
00000f7d  pwm_1_2_init                      
00001003  pwm_1_duty                        
00001023  pwm_2_duty                        
00001043  pwm_3_4_init                      
000010c9  pwm_3_duty                        
000010e9  pwm_4_duty                        
00001109  pwm_robot_arm_init                
00001233  pwm_robot_arm_0_duty              
00001253  pwm_robot_arm_get_0_duty          
00001259  pwm_robot_arm_1_duty              
00001279  pwm_robot_arm_get_1_duty          
0000127f  pwm_robot_arm_2_duty              
0000129f  pwm_robot_arm_get_2_duty          
0000133d  SystemCoreClockUpdate             
000015b1  SystemInit                        
00001865  main                              
0000198f  __aeabi_idiv0                     
0000198f  __aeabi_ldiv0                     
00001991  motor_init                        
00001a7d  motor_stop                        
00001ab5  motor_move_forward                
00001b0d  motor_run                         
00001bbd  motor_move_with_forward_and_turn  
00001eb1  timer_init                        
00001ec1  timer_wait                        
00001ee7  timer_wait_ms                     
00001f0f  timer_init_48_mhz                 
00002025  timer_get_freq                    
00002039  timer_delay_us                    
00002063  timer_delay_ms                    
00002185  tachometer_init                   
00002221  tachometer_get                    
0000226d  tachometer_reset                  
0000249d  __aeabi_dsub                      
000024a7  __aeabi_dadd                      
00002791  __aeabi_ddiv                      
000029ed  fputs                             
00002b01  ldexp                             
00002b01  ldexpl                            
00002b01  scalbn                            
00002b01  scalbnl                           
00002c11  aligned_alloc                     
00002c11  memalign                          
00002d11  launchpad_init                    
00002d81  launchpad_buttons_read            
00002d9f  launchpad_led_ctrl                
00002dbd  launchpad_3_color_led_ctrl        
00002e0d  __aeabi_dmul                      
00002f09  timer_a3_empty_function           
00002f15  timer_a3_capture_register_callback
00002f93  TA3_0_IRQHandler                  
00002f93  TA3_0_IRQHandler                  
00002fad  TA3_N_IRQHandler                  
00002fad  TA3_N_IRQHandler                  
00002ff1  free                              
000030d5  refl_snsr_init                    
00003125  refl_snsr_read                    
000031b9  setvbuf                           
00003349  bump_init                         
0000337d  bump_read                         
00003387  bump_read_num                     
000033a9  bump_wait                         
000033e5  __aeabi_memcpy                    
000033e5  __aeabi_memcpy4                   
000033e5  __aeabi_memcpy8                   
000033e5  memcpy                            
00003481  __aeabi_uldivmod                  
00003519  fputc                             
00003519  putc                              
000035a5  __aeabi_cdcmpeq                   
000035a5  __aeabi_cdcmple                   
0000362b  __aeabi_cdrcmple                  
000036b1  __aeabi_memclr                    
000036b1  __aeabi_memclr4                   
000036b1  __aeabi_memclr8                   
000036b3  __aeabi_memset                    
000036b3  __aeabi_memset4                   
000036b3  __aeabi_memset8                   
000036b9  memset                            
0000372d  __TI_closefile                    
0000387f  __aeabi_d2f                       
000038ed  HOSTrename                        
00003959  HOSTlseek                         
000039c1  __TI_decompress_lzss              
00003a29  printf                            
00003a91  frexp                             
00003a91  frexpl                            
00003af5  fseek                             
00003b59  __TI_wrt_ok                       
00003bbd  HOSTopen                          
00003c1d  close                             
00003c79  HOSTread                          
00003cd1  HOSTwrite                         
00003d7f  __TI_ltoa                         
00003dd5  switch_init                       
00003dff  switch_read                       
00003e09  switch_2_read                     
00003e7b  __TI_doflush                      
00003ec9  atoi                              
00003f15  exit                              
00003f5d  __aeabi_d2iz                      
00003fa5  HOSTclose                         
00003fe9  HOSTunlink                        
0000402d  __TI_auto_init_nobinit_nopinit    
00004071  getdevice                         
000040f5  __TI_writemsg                     
00004123  C$$IO$$                           
0000412d  __aeabi_f2d                       
00004165  strncpy                           
0000419d  __TI_cleanup                      
000041d1  __TI_readmsg                      
00004205  _c_int00_noargs                   
00004239  finddevice                        
00004269  __aeabi_i2d                       
00004299  remove                            
00004299  unlink                            
000042ed  lseek                             
00004315  write                             
0000433d  memchr                            
0000435d  __aeabi_ui2d                      
0000437d  __TI_zero_init_nomemset           
000043b5  memccpy                           
000043d1  copysign                          
000043d1  copysignl                         
000043eb  strcmp                            
00004403  strchr                            
00004419  strcpy                            
0000442d  strlen                            
00004441  wcslen                            
00004453  __TI_decompress_none              
00004461  Reset_Handler                     
0000446d  ADC14_IRQHandler                  
0000446d  AES256_IRQHandler                 
0000446d  BusFault_Handler                  
0000446d  COMP_E0_IRQHandler                
0000446d  COMP_E1_IRQHandler                
0000446d  CS_IRQHandler                     
0000446d  DMA_ERR_IRQHandler                
0000446d  DMA_INT0_IRQHandler               
0000446d  DMA_INT1_IRQHandler               
0000446d  DMA_INT2_IRQHandler               
0000446d  DMA_INT3_IRQHandler               
0000446d  DebugMon_Handler                  
0000446d  Default_Handler                   
0000446d  EUSCIA0_IRQHandler                
0000446d  EUSCIA1_IRQHandler                
0000446d  EUSCIA2_IRQHandler                
0000446d  EUSCIA3_IRQHandler                
0000446d  EUSCIB0_IRQHandler                
0000446d  EUSCIB1_IRQHandler                
0000446d  EUSCIB2_IRQHandler                
0000446d  EUSCIB3_IRQHandler                
0000446d  FLCTL_IRQHandler                  
0000446d  FPU_IRQHandler                    
0000446d  HardFault_Handler                 
0000446d  MemManage_Handler                 
0000446d  NMI_Handler                       
0000446d  PCM_IRQHandler                    
0000446d  PORT1_IRQHandler                  
0000446d  PORT2_IRQHandler                  
0000446d  PORT3_IRQHandler                  
0000446d  PORT4_IRQHandler                  
0000446d  PORT5_IRQHandler                  
0000446d  PORT6_IRQHandler                  
0000446d  PSS_IRQHandler                    
0000446d  PendSV_Handler                    
0000446d  RTC_C_IRQHandler                  
0000446d  SVC_Handler                       
0000446d  SysTick_Handler                   
0000446d  T32_INT1_IRQHandler               
0000446d  T32_INT2_IRQHandler               
0000446d  T32_INTC_IRQHandler               
0000446d  TA0_0_IRQHandler                  
0000446d  TA0_N_IRQHandler                  
0000446d  TA1_0_IRQHandler                  
0000446d  TA1_N_IRQHandler                  
0000446d  TA2_0_IRQHandler                  
0000446d  TA2_N_IRQHandler                  
0000446d  UsageFault_Handler                
0000446d  WDT_A_IRQHandler                  
00004471  __aeabi_errno_addr                
00004479  malloc                            
00004489  _system_pre_init                  
0000448d  C$$EXIT                           
0000448d  abort                             
00004490  _ctypes_                          
0000460c  __TI_Handler_Table_Base           
00004618  __TI_Handler_Table_Limit          
00004620  __TI_CINIT_Base                   
00004630  __TI_CINIT_Limit                  
20000000  __start___llvm_prf_cnts           
20000000  __stop___llvm_prf_cnts            
20000000  _sys_memory                       
20000400  _ftable                           
200004f0  _device                           
20000568  _stream                           
200005b8  ClockFrequency                    
200005bc  Prewait                           
200005c0  CPMwait                           
200005c4  Postwait                          
200005c8  IFlags                            
200005cc  Crystalstable                     
200005e4  __TI_ft_end                       
200005e8  __aeabi_stdin                     
200005ec  __aeabi_stdout                    
200005f0  __aeabi_stderr                    
200005f4  __TI_cleanup_ptr                  
200005f8  __TI_dtors_ptr                    
200005fc  __TI_enable_exit_profile_output   
20000600  _lock                             
20000604  _unlock                           
20000610  capture_task0                     
20000614  capture_task1                     
20000618  errno                             
2000061c  SystemCoreClock                   
20000620  __CIOBUF_                         
20000740  __TI_tmpnams                      
200007e0  parmbuf                           
200007e8  tachometer_left_steps             
200007ec  tachometer_right_steps            
200007f0  tachometer_first_left_time        
200007f2  tachometer_first_right_time       
200007f4  tachometer_second_left_time       
200007f6  tachometer_second_right_time      
200007f8  tachometer_left_dir               
200007f9  tachometer_right_dir              
2000fe00  __stack                           
20010000  __STACK_END                       
4000480c  WDTCTL_SYM                        
ffffffff  __TI_pprof_out_hndl               
ffffffff  __TI_prof_data_size               
ffffffff  __TI_prof_data_start              
ffffffff  __binit__                         
ffffffff  __c_args__                        
ffffffff  binit                             
UNDEFED   __mpu_init                        
UNDEFED   _system_post_cinit                

[250 symbols]
