<?xml version="1.0" encoding="ISO-8859-1" ?>
<link_info>
   <banner>TI ARM Linker PC v20.2.7.LTS</banner>
   <copyright>Copyright (c) 1996-2018 Texas Instruments Incorporated</copyright>
   <link_time>0x6689fc3d</link_time>
   <link_errors>0x0</link_errors>
   <output_file>RobotCompetition.out</output_file>
   <entry_point>
      <name>_c_int00_noargs</name>
      <address>0x4205</address>
   </entry_point>
   <input_file_list>
      <input_file id="fl-2">
         <path>.\</path>
         <kind>object</kind>
         <file>bump.obj</file>
         <name>bump.obj</name>
      </input_file>
      <input_file id="fl-3">
         <path>.\</path>
         <kind>object</kind>
         <file>interrupt.obj</file>
         <name>interrupt.obj</name>
      </input_file>
      <input_file id="fl-4">
         <path>.\</path>
         <kind>object</kind>
         <file>launchpad.obj</file>
         <name>launchpad.obj</name>
      </input_file>
      <input_file id="fl-5">
         <path>.\</path>
         <kind>object</kind>
         <file>lcd.obj</file>
         <name>lcd.obj</name>
      </input_file>
      <input_file id="fl-6">
         <path>.\</path>
         <kind>object</kind>
         <file>main.obj</file>
         <name>main.obj</name>
      </input_file>
      <input_file id="fl-7">
         <path>.\</path>
         <kind>object</kind>
         <file>motor.obj</file>
         <name>motor.obj</name>
      </input_file>
      <input_file id="fl-8">
         <path>.\</path>
         <kind>object</kind>
         <file>movements.obj</file>
         <name>movements.obj</name>
      </input_file>
      <input_file id="fl-9">
         <path>.\</path>
         <kind>object</kind>
         <file>pwm.obj</file>
         <name>pwm.obj</name>
      </input_file>
      <input_file id="fl-a">
         <path>.\</path>
         <kind>object</kind>
         <file>refl_snsr.obj</file>
         <name>refl_snsr.obj</name>
      </input_file>
      <input_file id="fl-b">
         <path>.\</path>
         <kind>object</kind>
         <file>startup_msp432p401r_ccs.obj</file>
         <name>startup_msp432p401r_ccs.obj</name>
      </input_file>
      <input_file id="fl-c">
         <path>.\</path>
         <kind>object</kind>
         <file>switch.obj</file>
         <name>switch.obj</name>
      </input_file>
      <input_file id="fl-d">
         <path>.\</path>
         <kind>object</kind>
         <file>system_msp432p401r.obj</file>
         <name>system_msp432p401r.obj</name>
      </input_file>
      <input_file id="fl-e">
         <path>.\</path>
         <kind>object</kind>
         <file>tachometer.obj</file>
         <name>tachometer.obj</name>
      </input_file>
      <input_file id="fl-f">
         <path>.\</path>
         <kind>object</kind>
         <file>timer.obj</file>
         <name>timer.obj</name>
      </input_file>
      <input_file id="fl-10">
         <path>.\</path>
         <kind>object</kind>
         <file>timer_a3_capture.obj</file>
         <name>timer_a3_capture.obj</name>
      </input_file>
      <input_file id="fl-14">
         <kind>object</kind>
         <file>&lt;internal&gt;</file>
         <name>&lt;internal&gt;</name>
      </input_file>
      <input_file id="fl-ca">
         <path>C:\ti\ccs1271\ccs\tools\compiler\ti-cgt-arm_20.2.7.LTS\lib\</path>
         <kind>archive</kind>
         <file>rtsv7M4_T_le_v4SPD16_eabi.lib</file>
         <name>printf.c.obj</name>
      </input_file>
      <input_file id="fl-cb">
         <path>C:\ti\ccs1271\ccs\tools\compiler\ti-cgt-arm_20.2.7.LTS\lib\</path>
         <kind>archive</kind>
         <file>rtsv7M4_T_le_v4SPD16_eabi.lib</file>
         <name>_printfi.c.obj</name>
      </input_file>
      <input_file id="fl-cc">
         <path>C:\ti\ccs1271\ccs\tools\compiler\ti-cgt-arm_20.2.7.LTS\lib\</path>
         <kind>archive</kind>
         <file>rtsv7M4_T_le_v4SPD16_eabi.lib</file>
         <name>fputc.c.obj</name>
      </input_file>
      <input_file id="fl-cd">
         <path>C:\ti\ccs1271\ccs\tools\compiler\ti-cgt-arm_20.2.7.LTS\lib\</path>
         <kind>archive</kind>
         <file>rtsv7M4_T_le_v4SPD16_eabi.lib</file>
         <name>fputs.c.obj</name>
      </input_file>
      <input_file id="fl-ce">
         <path>C:\ti\ccs1271\ccs\tools\compiler\ti-cgt-arm_20.2.7.LTS\lib\</path>
         <kind>archive</kind>
         <file>rtsv7M4_T_le_v4SPD16_eabi.lib</file>
         <name>_io_perm.c.obj</name>
      </input_file>
      <input_file id="fl-cf">
         <path>C:\ti\ccs1271\ccs\tools\compiler\ti-cgt-arm_20.2.7.LTS\lib\</path>
         <kind>archive</kind>
         <file>rtsv7M4_T_le_v4SPD16_eabi.lib</file>
         <name>setvbuf.c.obj</name>
      </input_file>
      <input_file id="fl-d0">
         <path>C:\ti\ccs1271\ccs\tools\compiler\ti-cgt-arm_20.2.7.LTS\lib\</path>
         <kind>archive</kind>
         <file>rtsv7M4_T_le_v4SPD16_eabi.lib</file>
         <name>fd_add_t2.asm.obj</name>
      </input_file>
      <input_file id="fl-d1">
         <path>C:\ti\ccs1271\ccs\tools\compiler\ti-cgt-arm_20.2.7.LTS\lib\</path>
         <kind>archive</kind>
         <file>rtsv7M4_T_le_v4SPD16_eabi.lib</file>
         <name>fd_cmp_t2.asm.obj</name>
      </input_file>
      <input_file id="fl-d2">
         <path>C:\ti\ccs1271\ccs\tools\compiler\ti-cgt-arm_20.2.7.LTS\lib\</path>
         <kind>archive</kind>
         <file>rtsv7M4_T_le_v4SPD16_eabi.lib</file>
         <name>fd_div_t2.asm.obj</name>
      </input_file>
      <input_file id="fl-d3">
         <path>C:\ti\ccs1271\ccs\tools\compiler\ti-cgt-arm_20.2.7.LTS\lib\</path>
         <kind>archive</kind>
         <file>rtsv7M4_T_le_v4SPD16_eabi.lib</file>
         <name>fd_mul_t2.asm.obj</name>
      </input_file>
      <input_file id="fl-d4">
         <path>C:\ti\ccs1271\ccs\tools\compiler\ti-cgt-arm_20.2.7.LTS\lib\</path>
         <kind>archive</kind>
         <file>rtsv7M4_T_le_v4SPD16_eabi.lib</file>
         <name>fd_toi_t2.asm.obj</name>
      </input_file>
      <input_file id="fl-d5">
         <path>C:\ti\ccs1271\ccs\tools\compiler\ti-cgt-arm_20.2.7.LTS\lib\</path>
         <kind>archive</kind>
         <file>rtsv7M4_T_le_v4SPD16_eabi.lib</file>
         <name>fd_tos_t2.asm.obj</name>
      </input_file>
      <input_file id="fl-d6">
         <path>C:\ti\ccs1271\ccs\tools\compiler\ti-cgt-arm_20.2.7.LTS\lib\</path>
         <kind>archive</kind>
         <file>rtsv7M4_T_le_v4SPD16_eabi.lib</file>
         <name>fs_tod_t2.asm.obj</name>
      </input_file>
      <input_file id="fl-d7">
         <path>C:\ti\ccs1271\ccs\tools\compiler\ti-cgt-arm_20.2.7.LTS\lib\</path>
         <kind>archive</kind>
         <file>rtsv7M4_T_le_v4SPD16_eabi.lib</file>
         <name>i_tofd_t2.asm.obj</name>
      </input_file>
      <input_file id="fl-d8">
         <path>C:\ti\ccs1271\ccs\tools\compiler\ti-cgt-arm_20.2.7.LTS\lib\</path>
         <kind>archive</kind>
         <file>rtsv7M4_T_le_v4SPD16_eabi.lib</file>
         <name>memcpy_t2.asm.obj</name>
      </input_file>
      <input_file id="fl-d9">
         <path>C:\ti\ccs1271\ccs\tools\compiler\ti-cgt-arm_20.2.7.LTS\lib\</path>
         <kind>archive</kind>
         <file>rtsv7M4_T_le_v4SPD16_eabi.lib</file>
         <name>u_tofd_t2.asm.obj</name>
      </input_file>
      <input_file id="fl-da">
         <path>C:\ti\ccs1271\ccs\tools\compiler\ti-cgt-arm_20.2.7.LTS\lib\</path>
         <kind>archive</kind>
         <file>rtsv7M4_T_le_v4SPD16_eabi.lib</file>
         <name>memset_t2.asm.obj</name>
      </input_file>
      <input_file id="fl-db">
         <path>C:\ti\ccs1271\ccs\tools\compiler\ti-cgt-arm_20.2.7.LTS\lib\</path>
         <kind>archive</kind>
         <file>rtsv7M4_T_le_v4SPD16_eabi.lib</file>
         <name>ull_div_t2.asm.obj</name>
      </input_file>
      <input_file id="fl-dc">
         <path>C:\ti\ccs1271\ccs\tools\compiler\ti-cgt-arm_20.2.7.LTS\lib\</path>
         <kind>archive</kind>
         <file>rtsv7M4_T_le_v4SPD16_eabi.lib</file>
         <name>copy_zero_init.c.obj</name>
      </input_file>
      <input_file id="fl-dd">
         <path>C:\ti\ccs1271\ccs\tools\compiler\ti-cgt-arm_20.2.7.LTS\lib\</path>
         <kind>archive</kind>
         <file>rtsv7M4_T_le_v4SPD16_eabi.lib</file>
         <name>copy_decompress_none.c.obj</name>
      </input_file>
      <input_file id="fl-de">
         <path>C:\ti\ccs1271\ccs\tools\compiler\ti-cgt-arm_20.2.7.LTS\lib\</path>
         <kind>archive</kind>
         <file>rtsv7M4_T_le_v4SPD16_eabi.lib</file>
         <name>copy_decompress_lzss.c.obj</name>
      </input_file>
      <input_file id="fl-df">
         <path>C:\ti\ccs1271\ccs\tools\compiler\ti-cgt-arm_20.2.7.LTS\lib\</path>
         <kind>archive</kind>
         <file>rtsv7M4_T_le_v4SPD16_eabi.lib</file>
         <name>exit.c.obj</name>
      </input_file>
      <input_file id="fl-e0">
         <path>C:\ti\ccs1271\ccs\tools\compiler\ti-cgt-arm_20.2.7.LTS\lib\</path>
         <kind>archive</kind>
         <file>rtsv7M4_T_le_v4SPD16_eabi.lib</file>
         <name>_lock.c.obj</name>
      </input_file>
      <input_file id="fl-e1">
         <path>C:\ti\ccs1271\ccs\tools\compiler\ti-cgt-arm_20.2.7.LTS\lib\</path>
         <kind>archive</kind>
         <file>rtsv7M4_T_le_v4SPD16_eabi.lib</file>
         <name>_ltoa.c.obj</name>
      </input_file>
      <input_file id="fl-e2">
         <path>C:\ti\ccs1271\ccs\tools\compiler\ti-cgt-arm_20.2.7.LTS\lib\</path>
         <kind>archive</kind>
         <file>rtsv7M4_T_le_v4SPD16_eabi.lib</file>
         <name>atoi.c.obj</name>
      </input_file>
      <input_file id="fl-e3">
         <path>C:\ti\ccs1271\ccs\tools\compiler\ti-cgt-arm_20.2.7.LTS\lib\</path>
         <kind>archive</kind>
         <file>rtsv7M4_T_le_v4SPD16_eabi.lib</file>
         <name>ctype.c.obj</name>
      </input_file>
      <input_file id="fl-e4">
         <path>C:\ti\ccs1271\ccs\tools\compiler\ti-cgt-arm_20.2.7.LTS\lib\</path>
         <kind>archive</kind>
         <file>rtsv7M4_T_le_v4SPD16_eabi.lib</file>
         <name>defs.c.obj</name>
      </input_file>
      <input_file id="fl-e5">
         <path>C:\ti\ccs1271\ccs\tools\compiler\ti-cgt-arm_20.2.7.LTS\lib\</path>
         <kind>archive</kind>
         <file>rtsv7M4_T_le_v4SPD16_eabi.lib</file>
         <name>memccpy.c.obj</name>
      </input_file>
      <input_file id="fl-e6">
         <path>C:\ti\ccs1271\ccs\tools\compiler\ti-cgt-arm_20.2.7.LTS\lib\</path>
         <kind>archive</kind>
         <file>rtsv7M4_T_le_v4SPD16_eabi.lib</file>
         <name>memchr.c.obj</name>
      </input_file>
      <input_file id="fl-e7">
         <path>C:\ti\ccs1271\ccs\tools\compiler\ti-cgt-arm_20.2.7.LTS\lib\</path>
         <kind>archive</kind>
         <file>rtsv7M4_T_le_v4SPD16_eabi.lib</file>
         <name>memory.c.obj</name>
      </input_file>
      <input_file id="fl-e8">
         <path>C:\ti\ccs1271\ccs\tools\compiler\ti-cgt-arm_20.2.7.LTS\lib\</path>
         <kind>archive</kind>
         <file>rtsv7M4_T_le_v4SPD16_eabi.lib</file>
         <name>strchr.c.obj</name>
      </input_file>
      <input_file id="fl-e9">
         <path>C:\ti\ccs1271\ccs\tools\compiler\ti-cgt-arm_20.2.7.LTS\lib\</path>
         <kind>archive</kind>
         <file>rtsv7M4_T_le_v4SPD16_eabi.lib</file>
         <name>strlen.c.obj</name>
      </input_file>
      <input_file id="fl-ea">
         <path>C:\ti\ccs1271\ccs\tools\compiler\ti-cgt-arm_20.2.7.LTS\lib\</path>
         <kind>archive</kind>
         <file>rtsv7M4_T_le_v4SPD16_eabi.lib</file>
         <name>boot_cortex_m.c.obj</name>
      </input_file>
      <input_file id="fl-eb">
         <path>C:\ti\ccs1271\ccs\tools\compiler\ti-cgt-arm_20.2.7.LTS\lib\</path>
         <kind>archive</kind>
         <file>rtsv7M4_T_le_v4SPD16_eabi.lib</file>
         <name>write.c.obj</name>
      </input_file>
      <input_file id="fl-ec">
         <path>C:\ti\ccs1271\ccs\tools\compiler\ti-cgt-arm_20.2.7.LTS\lib\</path>
         <kind>archive</kind>
         <file>rtsv7M4_T_le_v4SPD16_eabi.lib</file>
         <name>host_device.c.obj</name>
      </input_file>
      <input_file id="fl-ed">
         <path>C:\ti\ccs1271\ccs\tools\compiler\ti-cgt-arm_20.2.7.LTS\lib\</path>
         <kind>archive</kind>
         <file>rtsv7M4_T_le_v4SPD16_eabi.lib</file>
         <name>errno.c.obj</name>
      </input_file>
      <input_file id="fl-ee">
         <path>C:\ti\ccs1271\ccs\tools\compiler\ti-cgt-arm_20.2.7.LTS\lib\</path>
         <kind>archive</kind>
         <file>rtsv7M4_T_le_v4SPD16_eabi.lib</file>
         <name>wcslen.c.obj</name>
      </input_file>
      <input_file id="fl-ef">
         <path>C:\ti\ccs1271\ccs\tools\compiler\ti-cgt-arm_20.2.7.LTS\lib\</path>
         <kind>archive</kind>
         <file>rtsv7M4_T_le_v4SPD16_eabi.lib</file>
         <name>s_frexp.c.obj</name>
      </input_file>
      <input_file id="fl-f0">
         <path>C:\ti\ccs1271\ccs\tools\compiler\ti-cgt-arm_20.2.7.LTS\lib\</path>
         <kind>archive</kind>
         <file>rtsv7M4_T_le_v4SPD16_eabi.lib</file>
         <name>s_scalbn.c.obj</name>
      </input_file>
      <input_file id="fl-f1">
         <path>C:\ti\ccs1271\ccs\tools\compiler\ti-cgt-arm_20.2.7.LTS\lib\</path>
         <kind>archive</kind>
         <file>rtsv7M4_T_le_v4SPD16_eabi.lib</file>
         <name>fflush.c.obj</name>
      </input_file>
      <input_file id="fl-f2">
         <path>C:\ti\ccs1271\ccs\tools\compiler\ti-cgt-arm_20.2.7.LTS\lib\</path>
         <kind>archive</kind>
         <file>rtsv7M4_T_le_v4SPD16_eabi.lib</file>
         <name>fopen.c.obj</name>
      </input_file>
      <input_file id="fl-f3">
         <path>C:\ti\ccs1271\ccs\tools\compiler\ti-cgt-arm_20.2.7.LTS\lib\</path>
         <kind>archive</kind>
         <file>rtsv7M4_T_le_v4SPD16_eabi.lib</file>
         <name>fseek.c.obj</name>
      </input_file>
      <input_file id="fl-f4">
         <path>C:\ti\ccs1271\ccs\tools\compiler\ti-cgt-arm_20.2.7.LTS\lib\</path>
         <kind>archive</kind>
         <file>rtsv7M4_T_le_v4SPD16_eabi.lib</file>
         <name>div0.asm.obj</name>
      </input_file>
      <input_file id="fl-f5">
         <path>C:\ti\ccs1271\ccs\tools\compiler\ti-cgt-arm_20.2.7.LTS\lib\</path>
         <kind>archive</kind>
         <file>rtsv7M4_T_le_v4SPD16_eabi.lib</file>
         <name>autoinit.c.obj</name>
      </input_file>
      <input_file id="fl-f6">
         <path>C:\ti\ccs1271\ccs\tools\compiler\ti-cgt-arm_20.2.7.LTS\lib\</path>
         <kind>archive</kind>
         <file>rtsv7M4_T_le_v4SPD16_eabi.lib</file>
         <name>pre_init.c.obj</name>
      </input_file>
      <input_file id="fl-f7">
         <path>C:\ti\ccs1271\ccs\tools\compiler\ti-cgt-arm_20.2.7.LTS\lib\</path>
         <kind>archive</kind>
         <file>rtsv7M4_T_le_v4SPD16_eabi.lib</file>
         <name>cpy_tbl.c.obj</name>
      </input_file>
      <input_file id="fl-f8">
         <path>C:\ti\ccs1271\ccs\tools\compiler\ti-cgt-arm_20.2.7.LTS\lib\</path>
         <kind>archive</kind>
         <file>rtsv7M4_T_le_v4SPD16_eabi.lib</file>
         <name>args_main.c.obj</name>
      </input_file>
      <input_file id="fl-f9">
         <path>C:\ti\ccs1271\ccs\tools\compiler\ti-cgt-arm_20.2.7.LTS\lib\</path>
         <kind>archive</kind>
         <file>rtsv7M4_T_le_v4SPD16_eabi.lib</file>
         <name>hostclose.c.obj</name>
      </input_file>
      <input_file id="fl-fa">
         <path>C:\ti\ccs1271\ccs\tools\compiler\ti-cgt-arm_20.2.7.LTS\lib\</path>
         <kind>archive</kind>
         <file>rtsv7M4_T_le_v4SPD16_eabi.lib</file>
         <name>hostlseek.c.obj</name>
      </input_file>
      <input_file id="fl-fb">
         <path>C:\ti\ccs1271\ccs\tools\compiler\ti-cgt-arm_20.2.7.LTS\lib\</path>
         <kind>archive</kind>
         <file>rtsv7M4_T_le_v4SPD16_eabi.lib</file>
         <name>hostopen.c.obj</name>
      </input_file>
      <input_file id="fl-fc">
         <path>C:\ti\ccs1271\ccs\tools\compiler\ti-cgt-arm_20.2.7.LTS\lib\</path>
         <kind>archive</kind>
         <file>rtsv7M4_T_le_v4SPD16_eabi.lib</file>
         <name>hostread.c.obj</name>
      </input_file>
      <input_file id="fl-fd">
         <path>C:\ti\ccs1271\ccs\tools\compiler\ti-cgt-arm_20.2.7.LTS\lib\</path>
         <kind>archive</kind>
         <file>rtsv7M4_T_le_v4SPD16_eabi.lib</file>
         <name>hostrename.c.obj</name>
      </input_file>
      <input_file id="fl-fe">
         <path>C:\ti\ccs1271\ccs\tools\compiler\ti-cgt-arm_20.2.7.LTS\lib\</path>
         <kind>archive</kind>
         <file>rtsv7M4_T_le_v4SPD16_eabi.lib</file>
         <name>hostunlink.c.obj</name>
      </input_file>
      <input_file id="fl-ff">
         <path>C:\ti\ccs1271\ccs\tools\compiler\ti-cgt-arm_20.2.7.LTS\lib\</path>
         <kind>archive</kind>
         <file>rtsv7M4_T_le_v4SPD16_eabi.lib</file>
         <name>hostwrite.c.obj</name>
      </input_file>
      <input_file id="fl-100">
         <path>C:\ti\ccs1271\ccs\tools\compiler\ti-cgt-arm_20.2.7.LTS\lib\</path>
         <kind>archive</kind>
         <file>rtsv7M4_T_le_v4SPD16_eabi.lib</file>
         <name>trgmsg.c.obj</name>
      </input_file>
      <input_file id="fl-101">
         <path>C:\ti\ccs1271\ccs\tools\compiler\ti-cgt-arm_20.2.7.LTS\lib\</path>
         <kind>archive</kind>
         <file>rtsv7M4_T_le_v4SPD16_eabi.lib</file>
         <name>open.c.obj</name>
      </input_file>
      <input_file id="fl-102">
         <path>C:\ti\ccs1271\ccs\tools\compiler\ti-cgt-arm_20.2.7.LTS\lib\</path>
         <kind>archive</kind>
         <file>rtsv7M4_T_le_v4SPD16_eabi.lib</file>
         <name>lseek.c.obj</name>
      </input_file>
      <input_file id="fl-103">
         <path>C:\ti\ccs1271\ccs\tools\compiler\ti-cgt-arm_20.2.7.LTS\lib\</path>
         <kind>archive</kind>
         <file>rtsv7M4_T_le_v4SPD16_eabi.lib</file>
         <name>s_copysign.c.obj</name>
      </input_file>
      <input_file id="fl-104">
         <path>C:\ti\ccs1271\ccs\tools\compiler\ti-cgt-arm_20.2.7.LTS\lib\</path>
         <kind>archive</kind>
         <file>rtsv7M4_T_le_v4SPD16_eabi.lib</file>
         <name>fclose.c.obj</name>
      </input_file>
      <input_file id="fl-105">
         <path>C:\ti\ccs1271\ccs\tools\compiler\ti-cgt-arm_20.2.7.LTS\lib\</path>
         <kind>archive</kind>
         <file>rtsv7M4_T_le_v4SPD16_eabi.lib</file>
         <name>getdevice.c.obj</name>
      </input_file>
      <input_file id="fl-106">
         <path>C:\ti\ccs1271\ccs\tools\compiler\ti-cgt-arm_20.2.7.LTS\lib\</path>
         <kind>archive</kind>
         <file>rtsv7M4_T_le_v4SPD16_eabi.lib</file>
         <name>strcmp.c.obj</name>
      </input_file>
      <input_file id="fl-107">
         <path>C:\ti\ccs1271\ccs\tools\compiler\ti-cgt-arm_20.2.7.LTS\lib\</path>
         <kind>archive</kind>
         <file>rtsv7M4_T_le_v4SPD16_eabi.lib</file>
         <name>strcpy.c.obj</name>
      </input_file>
      <input_file id="fl-108">
         <path>C:\ti\ccs1271\ccs\tools\compiler\ti-cgt-arm_20.2.7.LTS\lib\</path>
         <kind>archive</kind>
         <file>rtsv7M4_T_le_v4SPD16_eabi.lib</file>
         <name>strncpy.c.obj</name>
      </input_file>
      <input_file id="fl-109">
         <path>C:\ti\ccs1271\ccs\tools\compiler\ti-cgt-arm_20.2.7.LTS\lib\</path>
         <kind>archive</kind>
         <file>rtsv7M4_T_le_v4SPD16_eabi.lib</file>
         <name>remove.c.obj</name>
      </input_file>
      <input_file id="fl-10a">
         <path>C:\ti\ccs1271\ccs\tools\compiler\ti-cgt-arm_20.2.7.LTS\lib\</path>
         <kind>archive</kind>
         <file>rtsv7M4_T_le_v4SPD16_eabi.lib</file>
         <name>close.c.obj</name>
      </input_file>
      <input_file id="fl-10b">
         <path>C:\ti\ccs1271\ccs\tools\compiler\ti-cgt-arm_20.2.7.LTS\lib\</path>
         <kind>archive</kind>
         <file>rtsv7M4_T_le_v4SPD16_eabi.lib</file>
         <name>unlink.c.obj</name>
      </input_file>
   </input_file_list>
   <object_component_list>
      <object_component id="oc-26">
         <name>.intvecs:retain</name>
         <load_address>0x0</load_address>
         <run_address>0x0</run_address>
         <size>0xe4</size>
         <input_file_ref idref="fl-b"/>
      </object_component>
      <object_component id="oc-174">
         <name>.text:__TI_printfi</name>
         <load_address>0xe4</load_address>
         <run_address>0xe4</run_address>
         <size>0xa4e</size>
         <input_file_ref idref="fl-cb"/>
      </object_component>
      <object_component id="oc-249">
         <name>.text:_nop</name>
         <load_address>0xb32</load_address>
         <run_address>0xb32</run_address>
         <size>0x2</size>
         <input_file_ref idref="fl-e0"/>
      </object_component>
      <object_component id="oc-10a">
         <name>.text</name>
         <load_address>0xb34</load_address>
         <run_address>0xb34</run_address>
         <size>0x448</size>
         <input_file_ref idref="fl-8"/>
      </object_component>
      <object_component id="oc-19d">
         <name>.text</name>
         <load_address>0xf7c</load_address>
         <run_address>0xf7c</run_address>
         <size>0x3c0</size>
         <input_file_ref idref="fl-9"/>
      </object_component>
      <object_component id="oc-b2">
         <name>.text</name>
         <load_address>0x133c</load_address>
         <run_address>0x133c</run_address>
         <size>0x32c</size>
         <input_file_ref idref="fl-d"/>
      </object_component>
      <object_component id="oc-a0">
         <name>.text</name>
         <load_address>0x1668</load_address>
         <run_address>0x1668</run_address>
         <size>0x326</size>
         <input_file_ref idref="fl-6"/>
      </object_component>
      <object_component id="oc-333">
         <name>.text</name>
         <load_address>0x198e</load_address>
         <run_address>0x198e</run_address>
         <size>0x2</size>
         <input_file_ref idref="fl-f4"/>
      </object_component>
      <object_component id="oc-fe">
         <name>.text</name>
         <load_address>0x1990</load_address>
         <run_address>0x1990</run_address>
         <size>0x2b0</size>
         <input_file_ref idref="fl-7"/>
      </object_component>
      <object_component id="oc-225">
         <name>.text:_pconv_a</name>
         <load_address>0x1c40</load_address>
         <run_address>0x1c40</run_address>
         <size>0x270</size>
         <input_file_ref idref="fl-cb"/>
      </object_component>
      <object_component id="oc-f8">
         <name>.text</name>
         <load_address>0x1eb0</load_address>
         <run_address>0x1eb0</run_address>
         <size>0x248</size>
         <input_file_ref idref="fl-f"/>
      </object_component>
      <object_component id="oc-104">
         <name>.text</name>
         <load_address>0x20f8</load_address>
         <run_address>0x20f8</run_address>
         <size>0x1d4</size>
         <input_file_ref idref="fl-e"/>
      </object_component>
      <object_component id="oc-213">
         <name>.text:_pconv_g</name>
         <load_address>0x22cc</load_address>
         <run_address>0x22cc</run_address>
         <size>0x1d0</size>
         <input_file_ref idref="fl-cb"/>
      </object_component>
      <object_component id="oc-1c8">
         <name>.text</name>
         <load_address>0x249c</load_address>
         <run_address>0x249c</run_address>
         <size>0x1b6</size>
         <input_file_ref idref="fl-d0"/>
      </object_component>
      <object_component id="oc-21f">
         <name>.text:_pconv_e</name>
         <load_address>0x2654</load_address>
         <run_address>0x2654</run_address>
         <size>0x13c</size>
         <input_file_ref idref="fl-cb"/>
      </object_component>
      <object_component id="oc-2a2">
         <name>.text</name>
         <load_address>0x2790</load_address>
         <run_address>0x2790</run_address>
         <size>0x136</size>
         <input_file_ref idref="fl-d2"/>
      </object_component>
      <object_component id="oc-2bf">
         <name>.text:fcvt</name>
         <load_address>0x28c8</load_address>
         <run_address>0x28c8</run_address>
         <size>0x124</size>
         <input_file_ref idref="fl-cb"/>
      </object_component>
      <object_component id="oc-257">
         <name>.text:fputs</name>
         <load_address>0x29ec</load_address>
         <run_address>0x29ec</run_address>
         <size>0x114</size>
         <input_file_ref idref="fl-cd"/>
      </object_component>
      <object_component id="oc-2d3">
         <name>.text:scalbn</name>
         <load_address>0x2b00</load_address>
         <run_address>0x2b00</run_address>
         <size>0x110</size>
         <input_file_ref idref="fl-f0"/>
      </object_component>
      <object_component id="oc-3da">
         <name>.text:aligned_alloc</name>
         <load_address>0x2c10</load_address>
         <run_address>0x2c10</run_address>
         <size>0x100</size>
         <input_file_ref idref="fl-e7"/>
      </object_component>
      <object_component id="oc-110">
         <name>.text</name>
         <load_address>0x2d10</load_address>
         <run_address>0x2d10</run_address>
         <size>0xfc</size>
         <input_file_ref idref="fl-4"/>
      </object_component>
      <object_component id="oc-1c3">
         <name>.text</name>
         <load_address>0x2e0c</load_address>
         <run_address>0x2e0c</run_address>
         <size>0xfc</size>
         <input_file_ref idref="fl-d3"/>
      </object_component>
      <object_component id="oc-70">
         <name>.text</name>
         <load_address>0x2f08</load_address>
         <run_address>0x2f08</run_address>
         <size>0xe8</size>
         <input_file_ref idref="fl-10"/>
      </object_component>
      <object_component id="oc-398">
         <name>.text:free</name>
         <load_address>0x2ff0</load_address>
         <run_address>0x2ff0</run_address>
         <size>0xe4</size>
         <input_file_ref idref="fl-e7"/>
      </object_component>
      <object_component id="oc-e6">
         <name>.text</name>
         <load_address>0x30d4</load_address>
         <run_address>0x30d4</run_address>
         <size>0xe4</size>
         <input_file_ref idref="fl-a"/>
      </object_component>
      <object_component id="oc-36a">
         <name>.text:setvbuf</name>
         <load_address>0x31b8</load_address>
         <run_address>0x31b8</run_address>
         <size>0xdc</size>
         <input_file_ref idref="fl-cf"/>
      </object_component>
      <object_component id="oc-208">
         <name>.text:_ltostr</name>
         <load_address>0x3294</load_address>
         <run_address>0x3294</run_address>
         <size>0xb1</size>
         <input_file_ref idref="fl-cb"/>
      </object_component>
      <object_component id="oc-f2">
         <name>.text</name>
         <load_address>0x3348</load_address>
         <run_address>0x3348</run_address>
         <size>0x9c</size>
         <input_file_ref idref="fl-2"/>
      </object_component>
      <object_component id="oc-3a">
         <name>.text</name>
         <load_address>0x33e4</load_address>
         <run_address>0x33e4</run_address>
         <size>0x9c</size>
         <input_file_ref idref="fl-d8"/>
      </object_component>
      <object_component id="oc-29b">
         <name>.text</name>
         <load_address>0x3480</load_address>
         <run_address>0x3480</run_address>
         <size>0x96</size>
         <input_file_ref idref="fl-db"/>
      </object_component>
      <object_component id="oc-25e">
         <name>.text:fputc</name>
         <load_address>0x3518</load_address>
         <run_address>0x3518</run_address>
         <size>0x8c</size>
         <input_file_ref idref="fl-cc"/>
      </object_component>
      <object_component id="oc-20e">
         <name>.text:__aeabi_cdcmple</name>
         <load_address>0x35a4</load_address>
         <run_address>0x35a4</run_address>
         <size>0x86</size>
         <input_file_ref idref="fl-d1"/>
      </object_component>
      <object_component id="oc-2a7">
         <name>.text:__aeabi_cdrcmple</name>
         <load_address>0x362a</load_address>
         <run_address>0x362a</run_address>
         <size>0x86</size>
         <input_file_ref idref="fl-d1"/>
      </object_component>
      <object_component id="oc-94">
         <name>.text</name>
         <load_address>0x36b0</load_address>
         <run_address>0x36b0</run_address>
         <size>0x7a</size>
         <input_file_ref idref="fl-da"/>
      </object_component>
      <object_component id="oc-3e1">
         <name>.text:__TI_closefile</name>
         <load_address>0x372c</load_address>
         <run_address>0x372c</run_address>
         <size>0x74</size>
         <input_file_ref idref="fl-104"/>
      </object_component>
      <object_component id="oc-422">
         <name>.text:split</name>
         <load_address>0x37a0</load_address>
         <run_address>0x37a0</run_address>
         <size>0x70</size>
         <input_file_ref idref="fl-e7"/>
      </object_component>
      <object_component id="oc-2b8">
         <name>.text:_mcpy</name>
         <load_address>0x3810</load_address>
         <run_address>0x3810</run_address>
         <size>0x6e</size>
         <input_file_ref idref="fl-cb"/>
      </object_component>
      <object_component id="oc-1cd">
         <name>.text</name>
         <load_address>0x387e</load_address>
         <run_address>0x387e</run_address>
         <size>0x6e</size>
         <input_file_ref idref="fl-d5"/>
      </object_component>
      <object_component id="oc-411">
         <name>.text:HOSTrename</name>
         <load_address>0x38ec</load_address>
         <run_address>0x38ec</run_address>
         <size>0x6c</size>
         <input_file_ref idref="fl-fd"/>
      </object_component>
      <object_component id="oc-405">
         <name>.text:HOSTlseek</name>
         <load_address>0x3958</load_address>
         <run_address>0x3958</run_address>
         <size>0x68</size>
         <input_file_ref idref="fl-fa"/>
      </object_component>
      <object_component id="oc-17">
         <name>.text:decompress:lzss:__TI_decompress_lzss</name>
         <load_address>0x39c0</load_address>
         <run_address>0x39c0</run_address>
         <size>0x68</size>
         <input_file_ref idref="fl-de"/>
      </object_component>
      <object_component id="oc-ec">
         <name>.text:printf</name>
         <load_address>0x3a28</load_address>
         <run_address>0x3a28</run_address>
         <size>0x68</size>
         <input_file_ref idref="fl-ca"/>
      </object_component>
      <object_component id="oc-2cd">
         <name>.text:frexp</name>
         <load_address>0x3a90</load_address>
         <run_address>0x3a90</run_address>
         <size>0x64</size>
         <input_file_ref idref="fl-ef"/>
      </object_component>
      <object_component id="oc-364">
         <name>.text:fseek</name>
         <load_address>0x3af4</load_address>
         <run_address>0x3af4</run_address>
         <size>0x64</size>
         <input_file_ref idref="fl-f3"/>
      </object_component>
      <object_component id="oc-304">
         <name>.text:__TI_wrt_ok</name>
         <load_address>0x3b58</load_address>
         <run_address>0x3b58</run_address>
         <size>0x62</size>
         <input_file_ref idref="fl-ce"/>
      </object_component>
      <object_component id="oc-3ed">
         <name>.text:HOSTopen</name>
         <load_address>0x3bbc</load_address>
         <run_address>0x3bbc</run_address>
         <size>0x60</size>
         <input_file_ref idref="fl-fb"/>
      </object_component>
      <object_component id="oc-429">
         <name>.text:close</name>
         <load_address>0x3c1c</load_address>
         <run_address>0x3c1c</run_address>
         <size>0x5c</size>
         <input_file_ref idref="fl-10a"/>
      </object_component>
      <object_component id="oc-3f9">
         <name>.text:HOSTread</name>
         <load_address>0x3c78</load_address>
         <run_address>0x3c78</run_address>
         <size>0x58</size>
         <input_file_ref idref="fl-fc"/>
      </object_component>
      <object_component id="oc-3ff">
         <name>.text:HOSTwrite</name>
         <load_address>0x3cd0</load_address>
         <run_address>0x3cd0</run_address>
         <size>0x58</size>
         <input_file_ref idref="fl-ff"/>
      </object_component>
      <object_component id="oc-219">
         <name>.text:_pconv_f</name>
         <load_address>0x3d28</load_address>
         <run_address>0x3d28</run_address>
         <size>0x56</size>
         <input_file_ref idref="fl-cb"/>
      </object_component>
      <object_component id="oc-2ac">
         <name>.text:__TI_ltoa</name>
         <load_address>0x3d7e</load_address>
         <run_address>0x3d7e</run_address>
         <size>0x54</size>
         <input_file_ref idref="fl-e1"/>
      </object_component>
      <object_component id="oc-116">
         <name>.text</name>
         <load_address>0x3dd4</load_address>
         <run_address>0x3dd4</run_address>
         <size>0x54</size>
         <input_file_ref idref="fl-c"/>
      </object_component>
      <object_component id="oc-2b2">
         <name>.text:_ecpy</name>
         <load_address>0x3e28</load_address>
         <run_address>0x3e28</run_address>
         <size>0x52</size>
         <input_file_ref idref="fl-cb"/>
      </object_component>
      <object_component id="oc-310">
         <name>.text:__TI_doflush</name>
         <load_address>0x3e7a</load_address>
         <run_address>0x3e7a</run_address>
         <size>0x4c</size>
         <input_file_ref idref="fl-f1"/>
      </object_component>
      <object_component id="oc-202">
         <name>.text:atoi</name>
         <load_address>0x3ec8</load_address>
         <run_address>0x3ec8</run_address>
         <size>0x4c</size>
         <input_file_ref idref="fl-e2"/>
      </object_component>
      <object_component id="oc-123">
         <name>.text:exit</name>
         <load_address>0x3f14</load_address>
         <run_address>0x3f14</run_address>
         <size>0x48</size>
         <input_file_ref idref="fl-df"/>
      </object_component>
      <object_component id="oc-1a8">
         <name>.text</name>
         <load_address>0x3f5c</load_address>
         <run_address>0x3f5c</run_address>
         <size>0x48</size>
         <input_file_ref idref="fl-d4"/>
      </object_component>
      <object_component id="oc-3f3">
         <name>.text:HOSTclose</name>
         <load_address>0x3fa4</load_address>
         <run_address>0x3fa4</run_address>
         <size>0x44</size>
         <input_file_ref idref="fl-f9"/>
      </object_component>
      <object_component id="oc-40b">
         <name>.text:HOSTunlink</name>
         <load_address>0x3fe8</load_address>
         <run_address>0x3fe8</run_address>
         <size>0x44</size>
         <input_file_ref idref="fl-fe"/>
      </object_component>
      <object_component id="oc-129">
         <name>.text:__TI_auto_init_nobinit_nopinit:__TI_auto_init_nobinit_nopinit</name>
         <load_address>0x402c</load_address>
         <run_address>0x402c</run_address>
         <size>0x44</size>
         <input_file_ref idref="fl-f5"/>
      </object_component>
      <object_component id="oc-461">
         <name>.text:getdevice</name>
         <load_address>0x4070</load_address>
         <run_address>0x4070</run_address>
         <size>0x44</size>
         <input_file_ref idref="fl-105"/>
      </object_component>
      <object_component id="oc-2c5">
         <name>.text:_fcpy</name>
         <load_address>0x40b4</load_address>
         <run_address>0x40b4</run_address>
         <size>0x3e</size>
         <input_file_ref idref="fl-cb"/>
      </object_component>
      <object_component id="oc-43a">
         <name>.text:__TI_writemsg</name>
         <load_address>0x40f4</load_address>
         <run_address>0x40f4</run_address>
         <size>0x38</size>
         <input_file_ref idref="fl-100"/>
      </object_component>
      <object_component id="oc-1d2">
         <name>.text</name>
         <load_address>0x412c</load_address>
         <run_address>0x412c</run_address>
         <size>0x38</size>
         <input_file_ref idref="fl-d6"/>
      </object_component>
      <object_component id="oc-483">
         <name>.text:strncpy</name>
         <load_address>0x4164</load_address>
         <run_address>0x4164</run_address>
         <size>0x36</size>
         <input_file_ref idref="fl-108"/>
      </object_component>
      <object_component id="oc-3a4">
         <name>.text:__TI_cleanup</name>
         <load_address>0x419c</load_address>
         <run_address>0x419c</run_address>
         <size>0x34</size>
         <input_file_ref idref="fl-f2"/>
      </object_component>
      <object_component id="oc-440">
         <name>.text:__TI_readmsg</name>
         <load_address>0x41d0</load_address>
         <run_address>0x41d0</run_address>
         <size>0x34</size>
         <input_file_ref idref="fl-100"/>
      </object_component>
      <object_component id="oc-58">
         <name>.text:_c_int00_noargs:_c_int00_noargs</name>
         <load_address>0x4204</load_address>
         <run_address>0x4204</run_address>
         <size>0x34</size>
         <input_file_ref idref="fl-ea"/>
      </object_component>
      <object_component id="oc-489">
         <name>.text:finddevice</name>
         <load_address>0x4238</load_address>
         <run_address>0x4238</run_address>
         <size>0x30</size>
         <input_file_ref idref="fl-105"/>
      </object_component>
      <object_component id="oc-1a3">
         <name>.text</name>
         <load_address>0x4268</load_address>
         <run_address>0x4268</run_address>
         <size>0x2e</size>
         <input_file_ref idref="fl-d7"/>
      </object_component>
      <object_component id="oc-42f">
         <name>.text:unlink</name>
         <load_address>0x4298</load_address>
         <run_address>0x4298</run_address>
         <size>0x2c</size>
         <input_file_ref idref="fl-10b"/>
      </object_component>
      <object_component id="oc-3d3">
         <name>.text:free_list_insert</name>
         <load_address>0x42c4</load_address>
         <run_address>0x42c4</run_address>
         <size>0x28</size>
         <input_file_ref idref="fl-e7"/>
      </object_component>
      <object_component id="oc-390">
         <name>.text:lseek</name>
         <load_address>0x42ec</load_address>
         <run_address>0x42ec</run_address>
         <size>0x28</size>
         <input_file_ref idref="fl-102"/>
      </object_component>
      <object_component id="oc-316">
         <name>.text:write</name>
         <load_address>0x4314</load_address>
         <run_address>0x4314</run_address>
         <size>0x28</size>
         <input_file_ref idref="fl-eb"/>
      </object_component>
      <object_component id="oc-30a">
         <name>.text:memchr</name>
         <load_address>0x433c</load_address>
         <run_address>0x433c</run_address>
         <size>0x20</size>
         <input_file_ref idref="fl-e6"/>
      </object_component>
      <object_component id="oc-1be">
         <name>.text</name>
         <load_address>0x435c</load_address>
         <run_address>0x435c</run_address>
         <size>0x20</size>
         <input_file_ref idref="fl-d9"/>
      </object_component>
      <object_component id="oc-46">
         <name>.text:decompress:ZI:__TI_zero_init_nomemset:__TI_zero_init_nomemset</name>
         <load_address>0x437c</load_address>
         <run_address>0x437c</run_address>
         <size>0x1c</size>
         <input_file_ref idref="fl-dc"/>
      </object_component>
      <object_component id="oc-3cd">
         <name>.text:free_list_remove</name>
         <load_address>0x4398</load_address>
         <run_address>0x4398</run_address>
         <size>0x1c</size>
         <input_file_ref idref="fl-e7"/>
      </object_component>
      <object_component id="oc-22b">
         <name>.text:memccpy</name>
         <load_address>0x43b4</load_address>
         <run_address>0x43b4</run_address>
         <size>0x1c</size>
         <input_file_ref idref="fl-e5"/>
      </object_component>
      <object_component id="oc-348">
         <name>.text:copysign</name>
         <load_address>0x43d0</load_address>
         <run_address>0x43d0</run_address>
         <size>0x1a</size>
         <input_file_ref idref="fl-103"/>
      </object_component>
      <object_component id="oc-4a0">
         <name>.text:strcmp</name>
         <load_address>0x43ea</load_address>
         <run_address>0x43ea</run_address>
         <size>0x18</size>
         <input_file_ref idref="fl-106"/>
      </object_component>
      <object_component id="oc-2d9">
         <name>.text:strchr</name>
         <load_address>0x4402</load_address>
         <run_address>0x4402</run_address>
         <size>0x16</size>
         <input_file_ref idref="fl-e8"/>
      </object_component>
      <object_component id="oc-454">
         <name>.text:strcpy</name>
         <load_address>0x4418</load_address>
         <run_address>0x4418</run_address>
         <size>0x14</size>
         <input_file_ref idref="fl-107"/>
      </object_component>
      <object_component id="oc-1fc">
         <name>.text:strlen</name>
         <load_address>0x442c</load_address>
         <run_address>0x442c</run_address>
         <size>0x14</size>
         <input_file_ref idref="fl-e9"/>
      </object_component>
      <object_component id="oc-231">
         <name>.text:wcslen</name>
         <load_address>0x4440</load_address>
         <run_address>0x4440</run_address>
         <size>0x12</size>
         <input_file_ref idref="fl-ee"/>
      </object_component>
      <object_component id="oc-1d">
         <name>.text:decompress:none:__TI_decompress_none</name>
         <load_address>0x4452</load_address>
         <run_address>0x4452</run_address>
         <size>0xe</size>
         <input_file_ref idref="fl-dd"/>
      </object_component>
      <object_component id="oc-6a">
         <name>.text</name>
         <load_address>0x4460</load_address>
         <run_address>0x4460</run_address>
         <size>0xe</size>
         <input_file_ref idref="fl-b"/>
      </object_component>
      <object_component id="oc-237">
         <name>.text:__aeabi_errno_addr</name>
         <load_address>0x4470</load_address>
         <run_address>0x4470</run_address>
         <size>0x8</size>
         <input_file_ref idref="fl-ed"/>
      </object_component>
      <object_component id="oc-39e">
         <name>.text:malloc</name>
         <load_address>0x4478</load_address>
         <run_address>0x4478</run_address>
         <size>0x8</size>
         <input_file_ref idref="fl-e7"/>
      </object_component>
      <object_component id="oc-186">
         <name>.text:_outc</name>
         <load_address>0x4480</load_address>
         <run_address>0x4480</run_address>
         <size>0x4</size>
         <input_file_ref idref="fl-ca"/>
      </object_component>
      <object_component id="oc-180">
         <name>.text:_outs</name>
         <load_address>0x4484</load_address>
         <run_address>0x4484</run_address>
         <size>0x4</size>
         <input_file_ref idref="fl-ca"/>
      </object_component>
      <object_component id="oc-9a">
         <name>.text:_system_pre_init</name>
         <load_address>0x4488</load_address>
         <run_address>0x4488</run_address>
         <size>0x4</size>
         <input_file_ref idref="fl-f6"/>
      </object_component>
      <object_component id="oc-11d">
         <name>.text:abort:abort</name>
         <load_address>0x448c</load_address>
         <run_address>0x448c</run_address>
         <size>0x4</size>
         <input_file_ref idref="fl-df"/>
      </object_component>
      <object_component id="oc-296">
         <name>.const:.string:_ctypes_</name>
         <load_address>0x4490</load_address>
         <run_address>0x4490</run_address>
         <size>0x101</size>
         <input_file_ref idref="fl-e3"/>
      </object_component>
      <object_component id="oc-4e0">
         <name>.cinit..data.load</name>
         <load_address>0x4598</load_address>
         <run_address>0x4598</run_address>
         <size>0x74</size>
      </object_component>
      <object_component id="oc-4de">
         <name>__TI_handler_table</name>
         <load_address>0x460c</load_address>
         <run_address>0x460c</run_address>
         <size>0xc</size>
      </object_component>
      <object_component id="oc-4e1">
         <name>.cinit..bss.load</name>
         <load_address>0x4618</load_address>
         <run_address>0x4618</run_address>
         <size>0x8</size>
      </object_component>
      <object_component id="oc-4df">
         <name>__TI_cinit_table</name>
         <load_address>0x4620</load_address>
         <run_address>0x4620</run_address>
         <size>0x10</size>
      </object_component>
      <object_component id="oc-4b2">
         <name>.binit</name>
         <load_address>0x0</load_address>
         <run_address>0x0</run_address>
         <size>0x0</size>
      </object_component>
      <object_component id="oc-1d7">
         <name>.data</name>
         <load_address>0x200005d0</load_address>
         <run_address>0x200005d0</run_address>
         <size>0x11</size>
         <input_file_ref idref="fl-8"/>
      </object_component>
      <object_component id="oc-15b">
         <name>.data</name>
         <load_address>0x2000061c</load_address>
         <run_address>0x2000061c</run_address>
         <size>0x4</size>
         <input_file_ref idref="fl-d"/>
      </object_component>
      <object_component id="oc-199">
         <name>.data</name>
         <load_address>0x200005b8</load_address>
         <run_address>0x200005b8</run_address>
         <size>0x18</size>
         <input_file_ref idref="fl-f"/>
      </object_component>
      <object_component id="oc-b9">
         <name>.data</name>
         <load_address>0x20000610</load_address>
         <run_address>0x20000610</run_address>
         <size>0x8</size>
         <input_file_ref idref="fl-10"/>
      </object_component>
      <object_component id="oc-1dc">
         <name>.data:$O1$$</name>
         <load_address>0x200005f4</load_address>
         <run_address>0x200005f4</run_address>
         <size>0xc</size>
         <input_file_ref idref="fl-df"/>
      </object_component>
      <object_component id="oc-17a">
         <name>.data:$O1$$</name>
         <load_address>0x20000600</load_address>
         <run_address>0x20000600</run_address>
         <size>0x8</size>
         <input_file_ref idref="fl-e0"/>
      </object_component>
      <object_component id="oc-17d">
         <name>.data:_ftable</name>
         <load_address>0x20000400</load_address>
         <run_address>0x20000400</run_address>
         <size>0xf0</size>
         <input_file_ref idref="fl-e4"/>
      </object_component>
      <object_component id="oc-3e7">
         <name>.data</name>
         <load_address>0x200005e4</load_address>
         <run_address>0x200005e4</run_address>
         <size>0x10</size>
         <input_file_ref idref="fl-e4"/>
      </object_component>
      <object_component id="oc-41d">
         <name>.data:$O1$$</name>
         <load_address>0x20000608</load_address>
         <run_address>0x20000608</run_address>
         <size>0x8</size>
         <input_file_ref idref="fl-e7"/>
      </object_component>
      <object_component id="oc-3b7">
         <name>.data:_device</name>
         <load_address>0x200004f0</load_address>
         <run_address>0x200004f0</run_address>
         <size>0x78</size>
         <input_file_ref idref="fl-ec"/>
      </object_component>
      <object_component id="oc-376">
         <name>.data:_stream</name>
         <load_address>0x20000568</load_address>
         <run_address>0x20000568</run_address>
         <size>0x50</size>
         <input_file_ref idref="fl-ec"/>
      </object_component>
      <object_component id="oc-2e9">
         <name>.data</name>
         <load_address>0x20000618</load_address>
         <run_address>0x20000618</run_address>
         <size>0x4</size>
         <input_file_ref idref="fl-ed"/>
      </object_component>
      <object_component id="oc-46b">
         <name>.bss:_CIOBUF_</name>
         <uninitialized>true</uninitialized>
         <run_address>0x20000620</run_address>
         <size>0x120</size>
         <input_file_ref idref="fl-100"/>
      </object_component>
      <object_component id="oc-1b3">
         <name>.common:tachometer_first_right_time</name>
         <uninitialized>true</uninitialized>
         <run_address>0x200007f2</run_address>
         <size>0x2</size>
      </object_component>
      <object_component id="oc-1b6">
         <name>.common:tachometer_second_right_time</name>
         <uninitialized>true</uninitialized>
         <run_address>0x200007f6</run_address>
         <size>0x2</size>
      </object_component>
      <object_component id="oc-1b9">
         <name>.common:tachometer_first_left_time</name>
         <uninitialized>true</uninitialized>
         <run_address>0x200007f0</run_address>
         <size>0x2</size>
      </object_component>
      <object_component id="oc-1ba">
         <name>.common:tachometer_second_left_time</name>
         <uninitialized>true</uninitialized>
         <run_address>0x200007f4</run_address>
         <size>0x2</size>
      </object_component>
      <object_component id="oc-1b7">
         <name>.common:tachometer_right_steps</name>
         <uninitialized>true</uninitialized>
         <run_address>0x200007ec</run_address>
         <size>0x4</size>
      </object_component>
      <object_component id="oc-1bb">
         <name>.common:tachometer_left_steps</name>
         <uninitialized>true</uninitialized>
         <run_address>0x200007e8</run_address>
         <size>0x4</size>
      </object_component>
      <object_component id="oc-1b8">
         <name>.common:tachometer_right_dir</name>
         <uninitialized>true</uninitialized>
         <run_address>0x200007f9</run_address>
         <size>0x1</size>
      </object_component>
      <object_component id="oc-1bc">
         <name>.common:tachometer_left_dir</name>
         <uninitialized>true</uninitialized>
         <run_address>0x200007f8</run_address>
         <size>0x1</size>
      </object_component>
      <object_component id="oc-435">
         <name>.common:__TI_tmpnams</name>
         <uninitialized>true</uninitialized>
         <run_address>0x20000740</run_address>
         <size>0xa0</size>
      </object_component>
      <object_component id="oc-446">
         <name>.common:parmbuf</name>
         <uninitialized>true</uninitialized>
         <run_address>0x200007e0</run_address>
         <size>0x8</size>
      </object_component>
      <object_component id="oc-29">
         <name>.sysmem</name>
         <uninitialized>true</uninitialized>
         <run_address>0x20000000</run_address>
         <size>0x10</size>
         <input_file_ref idref="fl-e7"/>
      </object_component>
      <object_component id="oc-4e4">
         <name>.sysmem</name>
         <uninitialized>true</uninitialized>
         <run_address>0x20000000</run_address>
         <size>0x0</size>
      </object_component>
      <object_component id="oc-2c">
         <name>.stack</name>
         <uninitialized>true</uninitialized>
         <run_address>0x2000fe00</run_address>
         <size>0x4</size>
         <input_file_ref idref="fl-ea"/>
      </object_component>
      <object_component id="oc-4e3">
         <name>.stack</name>
         <uninitialized>true</uninitialized>
         <run_address>0x2000fe00</run_address>
         <size>0x0</size>
      </object_component>
      <object_component id="oc-172">
         <name>.debug_info</name>
         <load_address>0x0</load_address>
         <run_address>0x0</run_address>
         <size>0x52c</size>
         <input_file_ref idref="fl-2"/>
      </object_component>
      <object_component id="oc-f3">
         <name>.debug_info</name>
         <load_address>0x52c</load_address>
         <run_address>0x52c</run_address>
         <size>0x23e</size>
         <input_file_ref idref="fl-2"/>
      </object_component>
      <object_component id="oc-168">
         <name>.debug_info</name>
         <load_address>0x76a</load_address>
         <run_address>0x76a</run_address>
         <size>0x37e2</size>
         <input_file_ref idref="fl-2"/>
      </object_component>
      <object_component id="oc-c5">
         <name>.debug_info</name>
         <load_address>0x3f4c</load_address>
         <run_address>0x3f4c</run_address>
         <size>0x26b</size>
         <input_file_ref idref="fl-2"/>
      </object_component>
      <object_component id="oc-16d">
         <name>.debug_info</name>
         <load_address>0x41b7</load_address>
         <run_address>0x41b7</run_address>
         <size>0x1055</size>
         <input_file_ref idref="fl-2"/>
      </object_component>
      <object_component id="oc-35">
         <name>.debug_info</name>
         <load_address>0x520c</load_address>
         <run_address>0x520c</run_address>
         <size>0x84</size>
         <input_file_ref idref="fl-2"/>
      </object_component>
      <object_component id="oc-161">
         <name>.debug_info</name>
         <load_address>0x5290</load_address>
         <run_address>0x5290</run_address>
         <size>0x2a4</size>
         <input_file_ref idref="fl-2"/>
      </object_component>
      <object_component id="oc-bd">
         <name>.debug_info</name>
         <load_address>0x5534</load_address>
         <run_address>0x5534</run_address>
         <size>0xbb</size>
         <input_file_ref idref="fl-2"/>
      </object_component>
      <object_component id="oc-194">
         <name>.debug_info</name>
         <load_address>0x55ef</load_address>
         <run_address>0x55ef</run_address>
         <size>0x2c</size>
         <input_file_ref idref="fl-2"/>
      </object_component>
      <object_component id="oc-111">
         <name>.debug_info</name>
         <load_address>0x561b</load_address>
         <run_address>0x561b</run_address>
         <size>0x29f</size>
         <input_file_ref idref="fl-4"/>
      </object_component>
      <object_component id="oc-a3">
         <name>.debug_info</name>
         <load_address>0x58ba</load_address>
         <run_address>0x58ba</run_address>
         <size>0x7ab</size>
         <input_file_ref idref="fl-6"/>
      </object_component>
      <object_component id="oc-1ae">
         <name>.debug_info</name>
         <load_address>0x6065</load_address>
         <run_address>0x6065</run_address>
         <size>0x48</size>
         <input_file_ref idref="fl-6"/>
      </object_component>
      <object_component id="oc-273">
         <name>.debug_info</name>
         <load_address>0x60ad</load_address>
         <run_address>0x60ad</run_address>
         <size>0x51</size>
         <input_file_ref idref="fl-6"/>
      </object_component>
      <object_component id="oc-18e">
         <name>.debug_info</name>
         <load_address>0x60fe</load_address>
         <run_address>0x60fe</run_address>
         <size>0x2c</size>
         <input_file_ref idref="fl-6"/>
      </object_component>
      <object_component id="oc-100">
         <name>.debug_info</name>
         <load_address>0x612a</load_address>
         <run_address>0x612a</run_address>
         <size>0x47b</size>
         <input_file_ref idref="fl-7"/>
      </object_component>
      <object_component id="oc-10b">
         <name>.debug_info</name>
         <load_address>0x65a5</load_address>
         <run_address>0x65a5</run_address>
         <size>0x8b1</size>
         <input_file_ref idref="fl-8"/>
      </object_component>
      <object_component id="oc-19e">
         <name>.debug_info</name>
         <load_address>0x6e56</load_address>
         <run_address>0x6e56</run_address>
         <size>0x7a8</size>
         <input_file_ref idref="fl-9"/>
      </object_component>
      <object_component id="oc-e7">
         <name>.debug_info</name>
         <load_address>0x75fe</load_address>
         <run_address>0x75fe</run_address>
         <size>0x1ef</size>
         <input_file_ref idref="fl-a"/>
      </object_component>
      <object_component id="oc-78">
         <name>.debug_info</name>
         <load_address>0x77ed</load_address>
         <run_address>0x77ed</run_address>
         <size>0x2cc</size>
         <input_file_ref idref="fl-b"/>
      </object_component>
      <object_component id="oc-27">
         <name>.debug_info</name>
         <load_address>0x7ab9</load_address>
         <run_address>0x7ab9</run_address>
         <size>0xf8</size>
         <input_file_ref idref="fl-b"/>
      </object_component>
      <object_component id="oc-6e">
         <name>.debug_info</name>
         <load_address>0x7bb1</load_address>
         <run_address>0x7bb1</run_address>
         <size>0x1bf</size>
         <input_file_ref idref="fl-b"/>
      </object_component>
      <object_component id="oc-118">
         <name>.debug_info</name>
         <load_address>0x7d70</load_address>
         <run_address>0x7d70</run_address>
         <size>0x1b1</size>
         <input_file_ref idref="fl-c"/>
      </object_component>
      <object_component id="oc-15c">
         <name>.debug_info</name>
         <load_address>0x7f21</load_address>
         <run_address>0x7f21</run_address>
         <size>0xf1</size>
         <input_file_ref idref="fl-d"/>
      </object_component>
      <object_component id="oc-b3">
         <name>.debug_info</name>
         <load_address>0x8012</load_address>
         <run_address>0x8012</run_address>
         <size>0x263</size>
         <input_file_ref idref="fl-d"/>
      </object_component>
      <object_component id="oc-1b4">
         <name>.debug_info</name>
         <load_address>0x8275</load_address>
         <run_address>0x8275</run_address>
         <size>0x7b5</size>
         <input_file_ref idref="fl-e"/>
      </object_component>
      <object_component id="oc-106">
         <name>.debug_info</name>
         <load_address>0x8a2a</load_address>
         <run_address>0x8a2a</run_address>
         <size>0x469</size>
         <input_file_ref idref="fl-e"/>
      </object_component>
      <object_component id="oc-19a">
         <name>.debug_info</name>
         <load_address>0x8e93</load_address>
         <run_address>0x8e93</run_address>
         <size>0x189</size>
         <input_file_ref idref="fl-f"/>
      </object_component>
      <object_component id="oc-f9">
         <name>.debug_info</name>
         <load_address>0x901c</load_address>
         <run_address>0x901c</run_address>
         <size>0x3fe</size>
         <input_file_ref idref="fl-f"/>
      </object_component>
      <object_component id="oc-c2">
         <name>.debug_info</name>
         <load_address>0x941a</load_address>
         <run_address>0x941a</run_address>
         <size>0x54a</size>
         <input_file_ref idref="fl-10"/>
      </object_component>
      <object_component id="oc-ba">
         <name>.debug_info</name>
         <load_address>0x9964</load_address>
         <run_address>0x9964</run_address>
         <size>0x116</size>
         <input_file_ref idref="fl-10"/>
      </object_component>
      <object_component id="oc-71">
         <name>.debug_info</name>
         <load_address>0x9a7a</load_address>
         <run_address>0x9a7a</run_address>
         <size>0x319</size>
         <input_file_ref idref="fl-10"/>
      </object_component>
      <object_component id="oc-18d">
         <name>.debug_info</name>
         <load_address>0x9d93</load_address>
         <run_address>0x9d93</run_address>
         <size>0x3e5</size>
         <input_file_ref idref="fl-ca"/>
      </object_component>
      <object_component id="oc-188">
         <name>.debug_info</name>
         <load_address>0xa178</load_address>
         <run_address>0xa178</run_address>
         <size>0x157</size>
         <input_file_ref idref="fl-ca"/>
      </object_component>
      <object_component id="oc-181">
         <name>.debug_info</name>
         <load_address>0xa2cf</load_address>
         <run_address>0xa2cf</run_address>
         <size>0x166</size>
         <input_file_ref idref="fl-ca"/>
      </object_component>
      <object_component id="oc-ee">
         <name>.debug_info</name>
         <load_address>0xa435</load_address>
         <run_address>0xa435</run_address>
         <size>0x1ac</size>
         <input_file_ref idref="fl-ca"/>
      </object_component>
      <object_component id="oc-267">
         <name>.debug_info</name>
         <load_address>0xa5e1</load_address>
         <run_address>0xa5e1</run_address>
         <size>0xb2</size>
         <input_file_ref idref="fl-ca"/>
      </object_component>
      <object_component id="oc-23e">
         <name>.debug_info</name>
         <load_address>0xa693</load_address>
         <run_address>0xa693</run_address>
         <size>0x590</size>
         <input_file_ref idref="fl-cb"/>
      </object_component>
      <object_component id="oc-209">
         <name>.debug_info</name>
         <load_address>0xac23</load_address>
         <run_address>0xac23</run_address>
         <size>0x21e</size>
         <input_file_ref idref="fl-cb"/>
      </object_component>
      <object_component id="oc-2b4">
         <name>.debug_info</name>
         <load_address>0xae41</load_address>
         <run_address>0xae41</run_address>
         <size>0x1b3</size>
         <input_file_ref idref="fl-cb"/>
      </object_component>
      <object_component id="oc-2ba">
         <name>.debug_info</name>
         <load_address>0xaff4</load_address>
         <run_address>0xaff4</run_address>
         <size>0x21b</size>
         <input_file_ref idref="fl-cb"/>
      </object_component>
      <object_component id="oc-214">
         <name>.debug_info</name>
         <load_address>0xb20f</load_address>
         <run_address>0xb20f</run_address>
         <size>0x3c0</size>
         <input_file_ref idref="fl-cb"/>
      </object_component>
      <object_component id="oc-2c1">
         <name>.debug_info</name>
         <load_address>0xb5cf</load_address>
         <run_address>0xb5cf</run_address>
         <size>0x30a</size>
         <input_file_ref idref="fl-cb"/>
      </object_component>
      <object_component id="oc-2c7">
         <name>.debug_info</name>
         <load_address>0xb8d9</load_address>
         <run_address>0xb8d9</run_address>
         <size>0x215</size>
         <input_file_ref idref="fl-cb"/>
      </object_component>
      <object_component id="oc-21a">
         <name>.debug_info</name>
         <load_address>0xbaee</load_address>
         <run_address>0xbaee</run_address>
         <size>0x215</size>
         <input_file_ref idref="fl-cb"/>
      </object_component>
      <object_component id="oc-221">
         <name>.debug_info</name>
         <load_address>0xbd03</load_address>
         <run_address>0xbd03</run_address>
         <size>0x304</size>
         <input_file_ref idref="fl-cb"/>
      </object_component>
      <object_component id="oc-226">
         <name>.debug_info</name>
         <load_address>0xc007</load_address>
         <run_address>0xc007</run_address>
         <size>0x4b5</size>
         <input_file_ref idref="fl-cb"/>
      </object_component>
      <object_component id="oc-176">
         <name>.debug_info</name>
         <load_address>0xc4bc</load_address>
         <run_address>0xc4bc</run_address>
         <size>0x5f4</size>
         <input_file_ref idref="fl-cb"/>
      </object_component>
      <object_component id="oc-23f">
         <name>.debug_info</name>
         <load_address>0xcab0</load_address>
         <run_address>0xcab0</run_address>
         <size>0x86</size>
         <input_file_ref idref="fl-cb"/>
      </object_component>
      <object_component id="oc-2f5">
         <name>.debug_info</name>
         <load_address>0xcb36</load_address>
         <run_address>0xcb36</run_address>
         <size>0x39</size>
         <input_file_ref idref="fl-cb"/>
      </object_component>
      <object_component id="oc-35f">
         <name>.debug_info</name>
         <load_address>0xcb6f</load_address>
         <run_address>0xcb6f</run_address>
         <size>0xb6</size>
         <input_file_ref idref="fl-cb"/>
      </object_component>
      <object_component id="oc-2fa">
         <name>.debug_info</name>
         <load_address>0xcc25</load_address>
         <run_address>0xcc25</run_address>
         <size>0x46</size>
         <input_file_ref idref="fl-cb"/>
      </object_component>
      <object_component id="oc-244">
         <name>.debug_info</name>
         <load_address>0xcc6b</load_address>
         <run_address>0xcc6b</run_address>
         <size>0x46</size>
         <input_file_ref idref="fl-cb"/>
      </object_component>
      <object_component id="oc-2f0">
         <name>.debug_info</name>
         <load_address>0xccb1</load_address>
         <run_address>0xccb1</run_address>
         <size>0x2c</size>
         <input_file_ref idref="fl-cb"/>
      </object_component>
      <object_component id="oc-31f">
         <name>.debug_info</name>
         <load_address>0xccdd</load_address>
         <run_address>0xccdd</run_address>
         <size>0x383</size>
         <input_file_ref idref="fl-cc"/>
      </object_component>
      <object_component id="oc-260">
         <name>.debug_info</name>
         <load_address>0xd060</load_address>
         <run_address>0xd060</run_address>
         <size>0x1ea</size>
         <input_file_ref idref="fl-cc"/>
      </object_component>
      <object_component id="oc-31d">
         <name>.debug_info</name>
         <load_address>0xd24a</load_address>
         <run_address>0xd24a</run_address>
         <size>0x3fc</size>
         <input_file_ref idref="fl-cd"/>
      </object_component>
      <object_component id="oc-258">
         <name>.debug_info</name>
         <load_address>0xd646</load_address>
         <run_address>0xd646</run_address>
         <size>0x2e2</size>
         <input_file_ref idref="fl-cd"/>
      </object_component>
      <object_component id="oc-dd">
         <name>.debug_info</name>
         <load_address>0xd928</load_address>
         <run_address>0xd928</run_address>
         <size>0x2c</size>
         <input_file_ref idref="fl-cd"/>
      </object_component>
      <object_component id="oc-371">
         <name>.debug_info</name>
         <load_address>0xd954</load_address>
         <run_address>0xd954</run_address>
         <size>0x300</size>
         <input_file_ref idref="fl-ce"/>
      </object_component>
      <object_component id="oc-305">
         <name>.debug_info</name>
         <load_address>0xdc54</load_address>
         <run_address>0xdc54</run_address>
         <size>0x19c</size>
         <input_file_ref idref="fl-ce"/>
      </object_component>
      <object_component id="oc-3ac">
         <name>.debug_info</name>
         <load_address>0xddf0</load_address>
         <run_address>0xddf0</run_address>
         <size>0xbf</size>
         <input_file_ref idref="fl-ce"/>
      </object_component>
      <object_component id="oc-3ab">
         <name>.debug_info</name>
         <load_address>0xdeaf</load_address>
         <run_address>0xdeaf</run_address>
         <size>0x374</size>
         <input_file_ref idref="fl-cf"/>
      </object_component>
      <object_component id="oc-36b">
         <name>.debug_info</name>
         <load_address>0xe223</load_address>
         <run_address>0xe223</run_address>
         <size>0x20b</size>
         <input_file_ref idref="fl-cf"/>
      </object_component>
      <object_component id="oc-1cb">
         <name>.debug_info</name>
         <load_address>0xe42e</load_address>
         <run_address>0xe42e</run_address>
         <size>0x14c</size>
         <input_file_ref idref="fl-d0"/>
      </object_component>
      <object_component id="oc-20f">
         <name>.debug_info</name>
         <load_address>0xe57a</load_address>
         <run_address>0xe57a</run_address>
         <size>0x128</size>
         <input_file_ref idref="fl-d1"/>
      </object_component>
      <object_component id="oc-2a8">
         <name>.debug_info</name>
         <load_address>0xe6a2</load_address>
         <run_address>0xe6a2</run_address>
         <size>0x12a</size>
         <input_file_ref idref="fl-d1"/>
      </object_component>
      <object_component id="oc-2a3">
         <name>.debug_info</name>
         <load_address>0xe7cc</load_address>
         <run_address>0xe7cc</run_address>
         <size>0x13a</size>
         <input_file_ref idref="fl-d2"/>
      </object_component>
      <object_component id="oc-1c4">
         <name>.debug_info</name>
         <load_address>0xe906</load_address>
         <run_address>0xe906</run_address>
         <size>0x13a</size>
         <input_file_ref idref="fl-d3"/>
      </object_component>
      <object_component id="oc-1aa">
         <name>.debug_info</name>
         <load_address>0xea40</load_address>
         <run_address>0xea40</run_address>
         <size>0x12e</size>
         <input_file_ref idref="fl-d4"/>
      </object_component>
      <object_component id="oc-1cf">
         <name>.debug_info</name>
         <load_address>0xeb6e</load_address>
         <run_address>0xeb6e</run_address>
         <size>0x13e</size>
         <input_file_ref idref="fl-d5"/>
      </object_component>
      <object_component id="oc-1d3">
         <name>.debug_info</name>
         <load_address>0xecac</load_address>
         <run_address>0xecac</run_address>
         <size>0x12c</size>
         <input_file_ref idref="fl-d6"/>
      </object_component>
      <object_component id="oc-1a4">
         <name>.debug_info</name>
         <load_address>0xedd8</load_address>
         <run_address>0xedd8</run_address>
         <size>0x12c</size>
         <input_file_ref idref="fl-d7"/>
      </object_component>
      <object_component id="oc-3b">
         <name>.debug_info</name>
         <load_address>0xef04</load_address>
         <run_address>0xef04</run_address>
         <size>0x119</size>
         <input_file_ref idref="fl-d8"/>
      </object_component>
      <object_component id="oc-1bf">
         <name>.debug_info</name>
         <load_address>0xf01d</load_address>
         <run_address>0xf01d</run_address>
         <size>0x12e</size>
         <input_file_ref idref="fl-d9"/>
      </object_component>
      <object_component id="oc-95">
         <name>.debug_info</name>
         <load_address>0xf14b</load_address>
         <run_address>0xf14b</run_address>
         <size>0x147</size>
         <input_file_ref idref="fl-da"/>
      </object_component>
      <object_component id="oc-29d">
         <name>.debug_info</name>
         <load_address>0xf292</load_address>
         <run_address>0xf292</run_address>
         <size>0x134</size>
         <input_file_ref idref="fl-db"/>
      </object_component>
      <object_component id="oc-93">
         <name>.debug_info</name>
         <load_address>0xf3c6</load_address>
         <run_address>0xf3c6</run_address>
         <size>0x2d4</size>
         <input_file_ref idref="fl-dc"/>
      </object_component>
      <object_component id="oc-49">
         <name>.debug_info</name>
         <load_address>0xf69a</load_address>
         <run_address>0xf69a</run_address>
         <size>0x1d2</size>
         <input_file_ref idref="fl-dc"/>
      </object_component>
      <object_component id="oc-8e">
         <name>.debug_info</name>
         <load_address>0xf86c</load_address>
         <run_address>0xf86c</run_address>
         <size>0x46</size>
         <input_file_ref idref="fl-dc"/>
      </object_component>
      <object_component id="oc-45">
         <name>.debug_info</name>
         <load_address>0xf8b2</load_address>
         <run_address>0xf8b2</run_address>
         <size>0x2a8</size>
         <input_file_ref idref="fl-dd"/>
      </object_component>
      <object_component id="oc-20">
         <name>.debug_info</name>
         <load_address>0xfb5a</load_address>
         <run_address>0xfb5a</run_address>
         <size>0x1ea</size>
         <input_file_ref idref="fl-dd"/>
      </object_component>
      <object_component id="oc-40">
         <name>.debug_info</name>
         <load_address>0xfd44</load_address>
         <run_address>0xfd44</run_address>
         <size>0x46</size>
         <input_file_ref idref="fl-dd"/>
      </object_component>
      <object_component id="oc-86">
         <name>.debug_info</name>
         <load_address>0xfd8a</load_address>
         <run_address>0xfd8a</run_address>
         <size>0x2c</size>
         <input_file_ref idref="fl-dd"/>
      </object_component>
      <object_component id="oc-84">
         <name>.debug_info</name>
         <load_address>0xfdb6</load_address>
         <run_address>0xfdb6</run_address>
         <size>0x29e</size>
         <input_file_ref idref="fl-de"/>
      </object_component>
      <object_component id="oc-1a">
         <name>.debug_info</name>
         <load_address>0x10054</load_address>
         <run_address>0x10054</run_address>
         <size>0x250</size>
         <input_file_ref idref="fl-de"/>
      </object_component>
      <object_component id="oc-30">
         <name>.debug_info</name>
         <load_address>0x102a4</load_address>
         <run_address>0x102a4</run_address>
         <size>0x60</size>
         <input_file_ref idref="fl-de"/>
      </object_component>
      <object_component id="oc-d6">
         <name>.debug_info</name>
         <load_address>0x10304</load_address>
         <run_address>0x10304</run_address>
         <size>0x46</size>
         <input_file_ref idref="fl-de"/>
      </object_component>
      <object_component id="oc-7f">
         <name>.debug_info</name>
         <load_address>0x1034a</load_address>
         <run_address>0x1034a</run_address>
         <size>0x39</size>
         <input_file_ref idref="fl-de"/>
      </object_component>
      <object_component id="oc-1e0">
         <name>.debug_info</name>
         <load_address>0x10383</load_address>
         <run_address>0x10383</run_address>
         <size>0x3ad</size>
         <input_file_ref idref="fl-df"/>
      </object_component>
      <object_component id="oc-1dd">
         <name>.debug_info</name>
         <load_address>0x10730</load_address>
         <run_address>0x10730</run_address>
         <size>0x190</size>
         <input_file_ref idref="fl-df"/>
      </object_component>
      <object_component id="oc-11f">
         <name>.debug_info</name>
         <load_address>0x108c0</load_address>
         <run_address>0x108c0</run_address>
         <size>0x122</size>
         <input_file_ref idref="fl-df"/>
      </object_component>
      <object_component id="oc-124">
         <name>.debug_info</name>
         <load_address>0x109e2</load_address>
         <run_address>0x109e2</run_address>
         <size>0x184</size>
         <input_file_ref idref="fl-df"/>
      </object_component>
      <object_component id="oc-251">
         <name>.debug_info</name>
         <load_address>0x10b66</load_address>
         <run_address>0x10b66</run_address>
         <size>0x2c9</size>
         <input_file_ref idref="fl-e0"/>
      </object_component>
      <object_component id="oc-17b">
         <name>.debug_info</name>
         <load_address>0x10e2f</load_address>
         <run_address>0x10e2f</run_address>
         <size>0x11e</size>
         <input_file_ref idref="fl-e0"/>
      </object_component>
      <object_component id="oc-24b">
         <name>.debug_info</name>
         <load_address>0x10f4d</load_address>
         <run_address>0x10f4d</run_address>
         <size>0x12e</size>
         <input_file_ref idref="fl-e0"/>
      </object_component>
      <object_component id="oc-33c">
         <name>.debug_info</name>
         <load_address>0x1107b</load_address>
         <run_address>0x1107b</run_address>
         <size>0x29c</size>
         <input_file_ref idref="fl-e1"/>
      </object_component>
      <object_component id="oc-2af">
         <name>.debug_info</name>
         <load_address>0x11317</load_address>
         <run_address>0x11317</run_address>
         <size>0x1da</size>
         <input_file_ref idref="fl-e1"/>
      </object_component>
      <object_component id="oc-29a">
         <name>.debug_info</name>
         <load_address>0x114f1</load_address>
         <run_address>0x114f1</run_address>
         <size>0x2b9</size>
         <input_file_ref idref="fl-e2"/>
      </object_component>
      <object_component id="oc-203">
         <name>.debug_info</name>
         <load_address>0x117aa</load_address>
         <run_address>0x117aa</run_address>
         <size>0x17c</size>
         <input_file_ref idref="fl-e2"/>
      </object_component>
      <object_component id="oc-330">
         <name>.debug_info</name>
         <load_address>0x11926</load_address>
         <run_address>0x11926</run_address>
         <size>0xf9</size>
         <input_file_ref idref="fl-e3"/>
      </object_component>
      <object_component id="oc-297">
         <name>.debug_info</name>
         <load_address>0x11a1f</load_address>
         <run_address>0x11a1f</run_address>
         <size>0x105</size>
         <input_file_ref idref="fl-e3"/>
      </object_component>
      <object_component id="oc-255">
         <name>.debug_info</name>
         <load_address>0x11b24</load_address>
         <run_address>0x11b24</run_address>
         <size>0x144</size>
         <input_file_ref idref="fl-e4"/>
      </object_component>
      <object_component id="oc-17e">
         <name>.debug_info</name>
         <load_address>0x11c68</load_address>
         <run_address>0x11c68</run_address>
         <size>0x102</size>
         <input_file_ref idref="fl-e4"/>
      </object_component>
      <object_component id="oc-3e8">
         <name>.debug_info</name>
         <load_address>0x11d6a</load_address>
         <run_address>0x11d6a</run_address>
         <size>0x18f</size>
         <input_file_ref idref="fl-e4"/>
      </object_component>
      <object_component id="oc-2e1">
         <name>.debug_info</name>
         <load_address>0x11ef9</load_address>
         <run_address>0x11ef9</run_address>
         <size>0x2a7</size>
         <input_file_ref idref="fl-e5"/>
      </object_component>
      <object_component id="oc-22d">
         <name>.debug_info</name>
         <load_address>0x121a0</load_address>
         <run_address>0x121a0</run_address>
         <size>0x1b8</size>
         <input_file_ref idref="fl-e5"/>
      </object_component>
      <object_component id="oc-373">
         <name>.debug_info</name>
         <load_address>0x12358</load_address>
         <run_address>0x12358</run_address>
         <size>0x2a5</size>
         <input_file_ref idref="fl-e6"/>
      </object_component>
      <object_component id="oc-30e">
         <name>.debug_info</name>
         <load_address>0x125fd</load_address>
         <run_address>0x125fd</run_address>
         <size>0x25d</size>
         <input_file_ref idref="fl-e6"/>
      </object_component>
      <object_component id="oc-7b">
         <name>.debug_info</name>
         <load_address>0x1285a</load_address>
         <run_address>0x1285a</run_address>
         <size>0x3b2</size>
         <input_file_ref idref="fl-e7"/>
      </object_component>
      <object_component id="oc-2a">
         <name>.debug_info</name>
         <load_address>0x12c0c</load_address>
         <run_address>0x12c0c</run_address>
         <size>0x10c</size>
         <input_file_ref idref="fl-e7"/>
      </object_component>
      <object_component id="oc-41e">
         <name>.debug_info</name>
         <load_address>0x12d18</load_address>
         <run_address>0x12d18</run_address>
         <size>0x13f</size>
         <input_file_ref idref="fl-e7"/>
      </object_component>
      <object_component id="oc-3a0">
         <name>.debug_info</name>
         <load_address>0x12e57</load_address>
         <run_address>0x12e57</run_address>
         <size>0x168</size>
         <input_file_ref idref="fl-e7"/>
      </object_component>
      <object_component id="oc-3cf">
[...]
      </symbol>
      <symbol id="sm-55e">
         <name>__aeabi_f2d</name>
         <value>0x412d</value>
         <object_component_ref idref="oc-1d2"/>
      </symbol>
      <symbol id="sm-568">
         <name>__aeabi_i2d</name>
         <value>0x4269</value>
         <object_component_ref idref="oc-1a3"/>
      </symbol>
      <symbol id="sm-583">
         <name>memcpy</name>
         <value>0x33e5</value>
         <object_component_ref idref="oc-3a"/>
      </symbol>
      <symbol id="sm-584">
         <name>__aeabi_memcpy</name>
         <value>0x33e5</value>
         <object_component_ref idref="oc-3a"/>
      </symbol>
      <symbol id="sm-585">
         <name>__aeabi_memcpy8</name>
         <value>0x33e5</value>
         <object_component_ref idref="oc-3a"/>
      </symbol>
      <symbol id="sm-586">
         <name>__aeabi_memcpy4</name>
         <value>0x33e5</value>
         <object_component_ref idref="oc-3a"/>
      </symbol>
      <symbol id="sm-590">
         <name>__aeabi_ui2d</name>
         <value>0x435d</value>
         <object_component_ref idref="oc-1be"/>
      </symbol>
      <symbol id="sm-59f">
         <name>__aeabi_memset</name>
         <value>0x36b3</value>
         <object_component_ref idref="oc-94"/>
      </symbol>
      <symbol id="sm-5a0">
         <name>memset</name>
         <value>0x36b9</value>
         <object_component_ref idref="oc-94"/>
      </symbol>
      <symbol id="sm-5a1">
         <name>__aeabi_memset8</name>
         <value>0x36b3</value>
         <object_component_ref idref="oc-94"/>
      </symbol>
      <symbol id="sm-5a2">
         <name>__aeabi_memset4</name>
         <value>0x36b3</value>
         <object_component_ref idref="oc-94"/>
      </symbol>
      <symbol id="sm-5a3">
         <name>__aeabi_memclr8</name>
         <value>0x36b1</value>
         <object_component_ref idref="oc-94"/>
      </symbol>
      <symbol id="sm-5a4">
         <name>__aeabi_memclr4</name>
         <value>0x36b1</value>
         <object_component_ref idref="oc-94"/>
      </symbol>
      <symbol id="sm-5a5">
         <name>__aeabi_memclr</name>
         <value>0x36b1</value>
         <object_component_ref idref="oc-94"/>
      </symbol>
      <symbol id="sm-5b2">
         <name>__aeabi_uldivmod</name>
         <value>0x3481</value>
         <object_component_ref idref="oc-29b"/>
      </symbol>
      <symbol id="sm-5c6">
         <name>__TI_zero_init_nomemset</name>
         <value>0x437d</value>
         <object_component_ref idref="oc-46"/>
      </symbol>
      <symbol id="sm-5dd">
         <name>__TI_decompress_none</name>
         <value>0x4453</value>
         <object_component_ref idref="oc-1d"/>
      </symbol>
      <symbol id="sm-600">
         <name>__TI_decompress_lzss</name>
         <value>0x39c1</value>
         <object_component_ref idref="oc-17"/>
      </symbol>
      <symbol id="sm-626">
         <name>C$$EXIT</name>
         <value>0x448d</value>
         <object_component_ref idref="oc-11d"/>
      </symbol>
      <symbol id="sm-627">
         <name>abort</name>
         <value>0x448d</value>
         <object_component_ref idref="oc-11d"/>
      </symbol>
      <symbol id="sm-628">
         <name>__TI_dtors_ptr</name>
         <value>0x200005f8</value>
         <object_component_ref idref="oc-1dc"/>
      </symbol>
      <symbol id="sm-629">
         <name>__TI_cleanup_ptr</name>
         <value>0x200005f4</value>
         <object_component_ref idref="oc-1dc"/>
      </symbol>
      <symbol id="sm-62a">
         <name>__TI_enable_exit_profile_output</name>
         <value>0x200005fc</value>
         <object_component_ref idref="oc-1dc"/>
      </symbol>
      <symbol id="sm-62b">
         <name>exit</name>
         <value>0x3f15</value>
         <object_component_ref idref="oc-123"/>
      </symbol>
      <symbol id="sm-640">
         <name>_nop</name>
         <value>0xb33</value>
         <object_component_ref idref="oc-249"/>
      </symbol>
      <symbol id="sm-641">
         <name>_lock</name>
         <value>0x20000600</value>
         <object_component_ref idref="oc-17a"/>
      </symbol>
      <symbol id="sm-642">
         <name>_unlock</name>
         <value>0x20000604</value>
         <object_component_ref idref="oc-17a"/>
      </symbol>
      <symbol id="sm-651">
         <name>__TI_ltoa</name>
         <value>0x3d7f</value>
         <object_component_ref idref="oc-2ac"/>
      </symbol>
      <symbol id="sm-667">
         <name>atoi</name>
         <value>0x3ec9</value>
         <object_component_ref idref="oc-202"/>
      </symbol>
      <symbol id="sm-672">
         <name>_ctypes_</name>
         <value>0x4490</value>
         <object_component_ref idref="oc-296"/>
      </symbol>
      <symbol id="sm-687">
         <name>__TI_tmpnams</name>
         <value>0x20000740</value>
      </symbol>
      <symbol id="sm-688">
         <name>__aeabi_stdout</name>
         <value>0x200005ec</value>
         <object_component_ref idref="oc-3e7"/>
      </symbol>
      <symbol id="sm-689">
         <name>__aeabi_stderr</name>
         <value>0x200005f0</value>
         <object_component_ref idref="oc-3e7"/>
      </symbol>
      <symbol id="sm-68a">
         <name>__aeabi_stdin</name>
         <value>0x200005e8</value>
         <object_component_ref idref="oc-3e7"/>
      </symbol>
      <symbol id="sm-68b">
         <name>_ftable</name>
         <value>0x20000400</value>
         <object_component_ref idref="oc-17d"/>
      </symbol>
      <symbol id="sm-68c">
         <name>__TI_ft_end</name>
         <value>0x200005e4</value>
         <object_component_ref idref="oc-3e7"/>
      </symbol>
      <symbol id="sm-69c">
         <name>memccpy</name>
         <value>0x43b5</value>
         <object_component_ref idref="oc-22b"/>
      </symbol>
      <symbol id="sm-6ac">
         <name>memchr</name>
         <value>0x433d</value>
         <object_component_ref idref="oc-30a"/>
      </symbol>
      <symbol id="sm-735">
         <name>_sys_memory</name>
         <value>0x20000000</value>
         <object_component_ref idref="oc-29"/>
      </symbol>
      <symbol id="sm-736">
         <name>free</name>
         <value>0x2ff1</value>
         <object_component_ref idref="oc-398"/>
      </symbol>
      <symbol id="sm-737">
         <name>memalign</name>
         <value>0x2c11</value>
         <object_component_ref idref="oc-3da"/>
      </symbol>
      <symbol id="sm-738">
         <name>malloc</name>
         <value>0x4479</value>
         <object_component_ref idref="oc-39e"/>
      </symbol>
      <symbol id="sm-739">
         <name>aligned_alloc</name>
         <value>0x2c11</value>
         <object_component_ref idref="oc-3da"/>
      </symbol>
      <symbol id="sm-749">
         <name>strchr</name>
         <value>0x4403</value>
         <object_component_ref idref="oc-2d9"/>
      </symbol>
      <symbol id="sm-757">
         <name>strlen</name>
         <value>0x442d</value>
         <object_component_ref idref="oc-1fc"/>
      </symbol>
      <symbol id="sm-76a">
         <name>__stack</name>
         <value>0x2000fe00</value>
         <object_component_ref idref="oc-2c"/>
      </symbol>
      <symbol id="sm-76b">
         <name>_c_int00_noargs</name>
         <value>0x4205</value>
         <object_component_ref idref="oc-58"/>
      </symbol>
      <symbol id="sm-785">
         <name>write</name>
         <value>0x4315</value>
         <object_component_ref idref="oc-316"/>
      </symbol>
      <symbol id="sm-796">
         <name>_stream</name>
         <value>0x20000568</value>
         <object_component_ref idref="oc-376"/>
      </symbol>
      <symbol id="sm-797">
         <name>_device</name>
         <value>0x200004f0</value>
         <object_component_ref idref="oc-3b7"/>
      </symbol>
      <symbol id="sm-7ad">
         <name>__aeabi_errno_addr</name>
         <value>0x4471</value>
         <object_component_ref idref="oc-237"/>
      </symbol>
      <symbol id="sm-7ae">
         <name>errno</name>
         <value>0x20000618</value>
         <object_component_ref idref="oc-2e9"/>
      </symbol>
      <symbol id="sm-7c7">
         <name>wcslen</name>
         <value>0x4441</value>
         <object_component_ref idref="oc-231"/>
      </symbol>
      <symbol id="sm-7e7">
         <name>frexpl</name>
         <value>0x3a91</value>
         <object_component_ref idref="oc-2cd"/>
      </symbol>
      <symbol id="sm-7e8">
         <name>frexp</name>
         <value>0x3a91</value>
         <object_component_ref idref="oc-2cd"/>
      </symbol>
      <symbol id="sm-805">
         <name>scalbn</name>
         <value>0x2b01</value>
         <object_component_ref idref="oc-2d3"/>
      </symbol>
      <symbol id="sm-806">
         <name>scalbnl</name>
         <value>0x2b01</value>
         <object_component_ref idref="oc-2d3"/>
      </symbol>
      <symbol id="sm-807">
         <name>ldexpl</name>
         <value>0x2b01</value>
         <object_component_ref idref="oc-2d3"/>
      </symbol>
      <symbol id="sm-808">
         <name>ldexp</name>
         <value>0x2b01</value>
         <object_component_ref idref="oc-2d3"/>
      </symbol>
      <symbol id="sm-818">
         <name>__TI_doflush</name>
         <value>0x3e7b</value>
         <object_component_ref idref="oc-310"/>
      </symbol>
      <symbol id="sm-828">
         <name>__TI_cleanup</name>
         <value>0x419d</value>
         <object_component_ref idref="oc-3a4"/>
      </symbol>
      <symbol id="sm-83a">
         <name>fseek</name>
         <value>0x3af5</value>
         <object_component_ref idref="oc-364"/>
      </symbol>
      <symbol id="sm-844">
         <name>__aeabi_idiv0</name>
         <value>0x198f</value>
         <object_component_ref idref="oc-333"/>
      </symbol>
      <symbol id="sm-845">
         <name>__aeabi_ldiv0</name>
         <value>0x198f</value>
         <object_component_ref idref="oc-333"/>
      </symbol>
      <symbol id="sm-86d">
         <name>__TI_auto_init_nobinit_nopinit</name>
         <value>0x402d</value>
         <object_component_ref idref="oc-129"/>
      </symbol>
      <symbol id="sm-877">
         <name>_system_pre_init</name>
         <value>0x4489</value>
         <object_component_ref idref="oc-9a"/>
      </symbol>
      <symbol id="sm-88a">
         <name>HOSTclose</name>
         <value>0x3fa5</value>
         <object_component_ref idref="oc-3f3"/>
      </symbol>
      <symbol id="sm-89b">
         <name>HOSTlseek</name>
         <value>0x3959</value>
         <object_component_ref idref="oc-405"/>
      </symbol>
      <symbol id="sm-8ad">
         <name>parmbuf</name>
         <value>0x200007e0</value>
      </symbol>
      <symbol id="sm-8ae">
         <name>HOSTopen</name>
         <value>0x3bbd</value>
         <object_component_ref idref="oc-3ed"/>
      </symbol>
      <symbol id="sm-8bf">
         <name>HOSTread</name>
         <value>0x3c79</value>
         <object_component_ref idref="oc-3f9"/>
      </symbol>
      <symbol id="sm-8d0">
         <name>HOSTrename</name>
         <value>0x38ed</value>
         <object_component_ref idref="oc-411"/>
      </symbol>
      <symbol id="sm-8e1">
         <name>HOSTunlink</name>
         <value>0x3fe9</value>
         <object_component_ref idref="oc-40b"/>
      </symbol>
      <symbol id="sm-8f2">
         <name>HOSTwrite</name>
         <value>0x3cd1</value>
         <object_component_ref idref="oc-3ff"/>
      </symbol>
      <symbol id="sm-916">
         <name>__TI_readmsg</name>
         <value>0x41d1</value>
         <object_component_ref idref="oc-440"/>
      </symbol>
      <symbol id="sm-917">
         <name>C$$IO$$</name>
         <value>0x4123</value>
         <object_component_ref idref="oc-43a"/>
      </symbol>
      <symbol id="sm-918">
         <name>__CIOBUF_</name>
         <value>0x20000620</value>
         <object_component_ref idref="oc-46b"/>
      </symbol>
      <symbol id="sm-919">
         <name>__TI_writemsg</name>
         <value>0x40f5</value>
         <object_component_ref idref="oc-43a"/>
      </symbol>
      <symbol id="sm-92a">
         <name>lseek</name>
         <value>0x42ed</value>
         <object_component_ref idref="oc-390"/>
      </symbol>
      <symbol id="sm-934">
         <name>copysign</name>
         <value>0x43d1</value>
         <object_component_ref idref="oc-348"/>
      </symbol>
      <symbol id="sm-935">
         <name>copysignl</name>
         <value>0x43d1</value>
         <object_component_ref idref="oc-348"/>
      </symbol>
      <symbol id="sm-94a">
         <name>__TI_closefile</name>
         <value>0x372d</value>
         <object_component_ref idref="oc-3e1"/>
      </symbol>
      <symbol id="sm-96d">
         <name>finddevice</name>
         <value>0x4239</value>
         <object_component_ref idref="oc-489"/>
      </symbol>
      <symbol id="sm-96e">
         <name>getdevice</name>
         <value>0x4071</value>
         <object_component_ref idref="oc-461"/>
      </symbol>
      <symbol id="sm-97d">
         <name>strcmp</name>
         <value>0x43eb</value>
         <object_component_ref idref="oc-4a0"/>
      </symbol>
      <symbol id="sm-98b">
         <name>strcpy</name>
         <value>0x4419</value>
         <object_component_ref idref="oc-454"/>
      </symbol>
      <symbol id="sm-99b">
         <name>strncpy</name>
         <value>0x4165</value>
         <object_component_ref idref="oc-483"/>
      </symbol>
      <symbol id="sm-9b0">
         <name>close</name>
         <value>0x3c1d</value>
         <object_component_ref idref="oc-429"/>
      </symbol>
      <symbol id="sm-9c0">
         <name>unlink</name>
         <value>0x4299</value>
         <object_component_ref idref="oc-42f"/>
      </symbol>
      <symbol id="sm-9c1">
         <name>__TI_static_base__</name>
         <value>0x0</value>
      </symbol>
      <symbol id="sm-9c4">
         <name>__mpu_init</name>
         <value>0x0</value>
      </symbol>
      <symbol id="sm-9c5">
         <name>_system_post_cinit</name>
         <value>0x0</value>
      </symbol>
      <symbol id="sm-9c6">
         <name>NMI_Handler</name>
         <value>0x446d</value>
      </symbol>
      <symbol id="sm-9c7">
         <name>HardFault_Handler</name>
         <value>0x446d</value>
      </symbol>
      <symbol id="sm-9c8">
         <name>MemManage_Handler</name>
         <value>0x446d</value>
      </symbol>
      <symbol id="sm-9c9">
         <name>BusFault_Handler</name>
         <value>0x446d</value>
      </symbol>
      <symbol id="sm-9ca">
         <name>UsageFault_Handler</name>
         <value>0x446d</value>
      </symbol>
      <symbol id="sm-9cb">
         <name>SVC_Handler</name>
         <value>0x446d</value>
      </symbol>
      <symbol id="sm-9cc">
         <name>DebugMon_Handler</name>
         <value>0x446d</value>
      </symbol>
      <symbol id="sm-9cd">
         <name>PendSV_Handler</name>
         <value>0x446d</value>
      </symbol>
      <symbol id="sm-9ce">
         <name>SysTick_Handler</name>
         <value>0x446d</value>
      </symbol>
      <symbol id="sm-9cf">
         <name>PSS_IRQHandler</name>
         <value>0x446d</value>
      </symbol>
      <symbol id="sm-9d0">
         <name>CS_IRQHandler</name>
         <value>0x446d</value>
      </symbol>
      <symbol id="sm-9d1">
         <name>PCM_IRQHandler</name>
         <value>0x446d</value>
      </symbol>
      <symbol id="sm-9d2">
         <name>WDT_A_IRQHandler</name>
         <value>0x446d</value>
      </symbol>
      <symbol id="sm-9d3">
         <name>FPU_IRQHandler</name>
         <value>0x446d</value>
      </symbol>
      <symbol id="sm-9d4">
         <name>FLCTL_IRQHandler</name>
         <value>0x446d</value>
      </symbol>
      <symbol id="sm-9d5">
         <name>COMP_E0_IRQHandler</name>
         <value>0x446d</value>
      </symbol>
      <symbol id="sm-9d6">
         <name>COMP_E1_IRQHandler</name>
         <value>0x446d</value>
      </symbol>
      <symbol id="sm-9d7">
         <name>TA0_0_IRQHandler</name>
         <value>0x446d</value>
      </symbol>
      <symbol id="sm-9d8">
         <name>TA0_N_IRQHandler</name>
         <value>0x446d</value>
      </symbol>
      <symbol id="sm-9d9">
         <name>TA1_0_IRQHandler</name>
         <value>0x446d</value>
      </symbol>
      <symbol id="sm-9da">
         <name>TA1_N_IRQHandler</name>
         <value>0x446d</value>
      </symbol>
      <symbol id="sm-9db">
         <name>TA2_0_IRQHandler</name>
         <value>0x446d</value>
      </symbol>
      <symbol id="sm-9dc">
         <name>TA2_N_IRQHandler</name>
         <value>0x446d</value>
      </symbol>
      <symbol id="sm-9dd">
         <name>TA3_0_IRQHandler</name>
         <value>0x2f93</value>
      </symbol>
      <symbol id="sm-9de">
         <name>TA3_N_IRQHandler</name>
         <value>0x2fad</value>
      </symbol>
      <symbol id="sm-9df">
         <name>EUSCIA0_IRQHandler</name>
         <value>0x446d</value>
      </symbol>
      <symbol id="sm-9e0">
         <name>EUSCIA1_IRQHandler</name>
         <value>0x446d</value>
      </symbol>
      <symbol id="sm-9e1">
         <name>EUSCIA2_IRQHandler</name>
         <value>0x446d</value>
      </symbol>
      <symbol id="sm-9e2">
         <name>EUSCIA3_IRQHandler</name>
         <value>0x446d</value>
      </symbol>
      <symbol id="sm-9e3">
         <name>EUSCIB0_IRQHandler</name>
         <value>0x446d</value>
      </symbol>
      <symbol id="sm-9e4">
         <name>EUSCIB1_IRQHandler</name>
         <value>0x446d</value>
      </symbol>
      <symbol id="sm-9e5">
         <name>EUSCIB2_IRQHandler</name>
         <value>0x446d</value>
      </symbol>
      <symbol id="sm-9e6">
         <name>EUSCIB3_IRQHandler</name>
         <value>0x446d</value>
      </symbol>
      <symbol id="sm-9e7">
         <name>ADC14_IRQHandler</name>
         <value>0x446d</value>
      </symbol>
      <symbol id="sm-9e8">
         <name>T32_INT1_IRQHandler</name>
         <value>0x446d</value>
      </symbol>
      <symbol id="sm-9e9">
         <name>T32_INT2_IRQHandler</name>
         <value>0x446d</value>
      </symbol>
      <symbol id="sm-9ea">
         <name>T32_INTC_IRQHandler</name>
         <value>0x446d</value>
      </symbol>
      <symbol id="sm-9eb">
         <name>AES256_IRQHandler</name>
         <value>0x446d</value>
      </symbol>
      <symbol id="sm-9ec">
         <name>RTC_C_IRQHandler</name>
         <value>0x446d</value>
      </symbol>
      <symbol id="sm-9ed">
         <name>DMA_ERR_IRQHandler</name>
         <value>0x446d</value>
      </symbol>
      <symbol id="sm-9ee">
         <name>DMA_INT3_IRQHandler</name>
         <value>0x446d</value>
      </symbol>
      <symbol id="sm-9ef">
         <name>DMA_INT2_IRQHandler</name>
         <value>0x446d</value>
      </symbol>
      <symbol id="sm-9f0">
         <name>DMA_INT1_IRQHandler</name>
         <value>0x446d</value>
      </symbol>
      <symbol id="sm-9f1">
         <name>DMA_INT0_IRQHandler</name>
         <value>0x446d</value>
      </symbol>
      <symbol id="sm-9f2">
         <name>PORT1_IRQHandler</name>
         <value>0x446d</value>
      </symbol>
      <symbol id="sm-9f3">
         <name>PORT2_IRQHandler</name>
         <value>0x446d</value>
      </symbol>
      <symbol id="sm-9f4">
         <name>PORT3_IRQHandler</name>
         <value>0x446d</value>
      </symbol>
      <symbol id="sm-9f5">
         <name>PORT4_IRQHandler</name>
         <value>0x446d</value>
      </symbol>
      <symbol id="sm-9f6">
         <name>PORT5_IRQHandler</name>
         <value>0x446d</value>
      </symbol>
      <symbol id="sm-9f7">
         <name>PORT6_IRQHandler</name>
         <value>0x446d</value>
      </symbol>
      <symbol id="sm-9f8">
         <name>remove</name>
         <value>0x4299</value>
      </symbol>
   </symbol_table>
   <title>Link successful</title>
</link_info>
