******************************************************************************
                  TI ARM Linker PC v20.2.7                     
******************************************************************************
>> Linked Sun Jul  9 09:41:40 2023

OUTPUT FILE NAME:   <RobotCompetition.out>
ENTRY POINT SYMBOL: "_c_int00_noargs"  address: 00003769


MEMORY CONFIGURATION

         name            origin    length      used     unused   attr    fill
----------------------  --------  ---------  --------  --------  ----  --------
  MAIN                  00000000   00040000  00003b6d  0003c493  R  X
  INFO                  00200000   00004000  00000000  00004000  R  X
  SRAM_CODE             01000000   00010000  000009e0  0000f620  RW X
  SRAM_DATA             20000000   00010000  000009e0  0000f620  RW  


SEGMENT ALLOCATION MAP

run origin  load origin   length   init length attrs members
----------  ----------- ---------- ----------- ----- -------
00000000    00000000    00003b70   00003b70    r-x
  00000000    00000000    000000e4   000000e4    r-- .intvecs
  000000e4    000000e4    000038f0   000038f0    r-x .text
  000039d4    000039d4    00000101   00000101    r-- .const
  00003ad8    00003ad8    00000098   00000098    r-- .cinit
20000000    20000000    000007e0   00000000    rw-
  20000000    20000000    00000400   00000000    rw- .sysmem
  20000400    20000400    00000218   00000000    rw- .data
  20000618    20000618    000001c8   00000000    rw- .bss
2000fe00    2000fe00    00000200   00000000    rw-
  2000fe00    2000fe00    00000200   00000000    rw- .stack


SECTION ALLOCATION MAP

 output                                  attributes/
section   page    origin      length       input sections
--------  ----  ----------  ----------   ----------------
.intvecs   0    00000000    000000e4     
                  00000000    000000e4     startup_msp432p401r_ccs.obj (.intvecs:retain)

.text      0    000000e4    000038f0     
                  000000e4    00000a4e     rtsv7M4_T_le_v4SPD16_eabi.lib : _printfi.c.obj (.text:__TI_printfi)
                  00000b32    00000002                                   : _lock.c.obj (.text:_nop)
                  00000b34    00000330     movements.obj (.text)
                  00000e64    00000270     rtsv7M4_T_le_v4SPD16_eabi.lib : _printfi.c.obj (.text:_pconv_a)
                  000010d4    0000023c     motor.obj (.text)
                  00001310    00000239     main.obj (.text)
                  00001549    00000001     --HOLE-- [fill = 0]
                  0000154a    00000002     rtsv7M4_T_le_v4SPD16_eabi.lib : div0.asm.obj (.text)
                  0000154c    000001f0     pwm.obj (.text)
                  0000173c    000001e4     system_msp432p401r.obj (.text)
                  00001920    000001d0     rtsv7M4_T_le_v4SPD16_eabi.lib : _printfi.c.obj (.text:_pconv_g)
                  00001af0    000001b6                                   : fd_add_t2.asm.obj (.text)
                  00001ca6    00000002     --HOLE-- [fill = 0]
                  00001ca8    00000178     timer.obj (.text)
                  00001e20    0000013c     rtsv7M4_T_le_v4SPD16_eabi.lib : _printfi.c.obj (.text:_pconv_e)
                  00001f5c    00000136                                   : fd_div_t2.asm.obj (.text)
                  00002092    00000002     --HOLE-- [fill = 0]
                  00002094    00000124                                   : _printfi.c.obj (.text:fcvt)
                  000021b8    00000114                                   : fputs.c.obj (.text:fputs)
                  000022cc    00000110                                   : s_scalbn.c.obj (.text:scalbn)
                  000023dc    00000100                                   : memory.c.obj (.text:aligned_alloc)
                  000024dc    000000fc                                   : fd_mul_t2.asm.obj (.text)
                  000025d8    000000e4                                   : memory.c.obj (.text:free)
                  000026bc    000000dc                                   : setvbuf.c.obj (.text:setvbuf)
                  00002798    000000b1                                   : _printfi.c.obj (.text:_ltostr)
                  00002849    00000003     --HOLE-- [fill = 0]
                  0000284c    0000009c     launchpad.obj (.text)
                  000028e8    0000009c     rtsv7M4_T_le_v4SPD16_eabi.lib : memcpy_t2.asm.obj (.text)
                  00002984    00000096                                   : ull_div_t2.asm.obj (.text)
                  00002a1a    00000002     --HOLE-- [fill = 0]
                  00002a1c    0000008c                                   : fputc.c.obj (.text:fputc)
                  00002aa8    00000086                                   : fd_cmp_t2.asm.obj (.text:__aeabi_cdcmple)
                  00002b2e    00000086                                   : fd_cmp_t2.asm.obj (.text:__aeabi_cdrcmple)
                  00002bb4    0000007c     adc.obj (.text)
                  00002c30    0000007a     rtsv7M4_T_le_v4SPD16_eabi.lib : memset_t2.asm.obj (.text)
                  00002caa    00000002     --HOLE-- [fill = 0]
                  00002cac    00000074                                   : fclose.c.obj (.text:__TI_closefile)
                  00002d20    00000070                                   : memory.c.obj (.text:split)
                  00002d90    0000006e                                   : _printfi.c.obj (.text:_mcpy)
                  00002dfe    0000006e                                   : fd_tos_t2.asm.obj (.text)
                  00002e6c    0000006c                                   : hostrename.c.obj (.text:HOSTrename)
                  00002ed8    00000068                                   : hostlseek.c.obj (.text:HOSTlseek)
                  00002f40    00000068                                   : copy_decompress_lzss.c.obj (.text:decompress:lzss:__TI_decompress_lzss)
                  00002fa8    00000068                                   : printf.c.obj (.text:printf)
                  00003010    00000064                                   : s_frexp.c.obj (.text:frexp)
                  00003074    00000064                                   : fseek.c.obj (.text:fseek)
                  000030d8    00000062                                   : _io_perm.c.obj (.text:__TI_wrt_ok)
                  0000313a    00000002     --HOLE-- [fill = 0]
                  0000313c    00000060                                   : hostopen.c.obj (.text:HOSTopen)
                  0000319c    0000005c                                   : close.c.obj (.text:close)
                  000031f8    00000058                                   : hostread.c.obj (.text:HOSTread)
                  00003250    00000058                                   : hostwrite.c.obj (.text:HOSTwrite)
                  000032a8    00000056                                   : _printfi.c.obj (.text:_pconv_f)
                  000032fe    00000054                                   : _ltoa.c.obj (.text:__TI_ltoa)
                  00003352    00000052                                   : _printfi.c.obj (.text:_ecpy)
                  000033a4    0000004c                                   : fflush.c.obj (.text:__TI_doflush)
                  000033f0    0000004c                                   : atoi.c.obj (.text:atoi)
                  0000343c    00000048                                   : exit.c.obj (.text:exit)
                  00003484    00000048                                   : fd_toi_t2.asm.obj (.text)
                  000034cc    00000044                                   : hostclose.c.obj (.text:HOSTclose)
                  00003510    00000044                                   : hostunlink.c.obj (.text:HOSTunlink)
                  00003554    00000044                                   : autoinit.c.obj (.text:__TI_auto_init_nobinit_nopinit:__TI_auto_init_nobinit_nopinit)
                  00003598    00000044                                   : getdevice.c.obj (.text:getdevice)
                  000035dc    0000003e                                   : _printfi.c.obj (.text:_fcpy)
                  0000361a    00000002     --HOLE-- [fill = 0]
                  0000361c    0000003c     bump.obj (.text)
                  00003658    00000038     rtsv7M4_T_le_v4SPD16_eabi.lib : trgmsg.c.obj (.text:__TI_writemsg)
                  00003690    00000038                                   : fs_tod_t2.asm.obj (.text)
                  000036c8    00000036                                   : strncpy.c.obj (.text:strncpy)
                  000036fe    00000002     --HOLE-- [fill = 0]
                  00003700    00000034                                   : fopen.c.obj (.text:__TI_cleanup)
                  00003734    00000034                                   : trgmsg.c.obj (.text:__TI_readmsg)
                  00003768    00000034                                   : boot_cortex_m.c.obj (.text:_c_int00_noargs:_c_int00_noargs)
                  0000379c    00000030                                   : getdevice.c.obj (.text:finddevice)
                  000037cc    0000002e                                   : i_tofd_t2.asm.obj (.text)
                  000037fa    00000002     --HOLE-- [fill = 0]
                  000037fc    0000002c                                   : unlink.c.obj (.text:unlink)
                  00003828    00000028                                   : memory.c.obj (.text:free_list_insert)
                  00003850    00000028                                   : lseek.c.obj (.text:lseek)
                  00003878    00000028                                   : write.c.obj (.text:write)
                  000038a0    00000020                                   : memchr.c.obj (.text:memchr)
                  000038c0    0000001c                                   : copy_zero_init.c.obj (.text:decompress:ZI:__TI_zero_init_nomemset:__TI_zero_init_nomemset)
                  000038dc    0000001c                                   : memory.c.obj (.text:free_list_remove)
                  000038f8    0000001c                                   : memccpy.c.obj (.text:memccpy)
                  00003914    0000001a                                   : s_copysign.c.obj (.text:copysign)
                  0000392e    00000018                                   : strcmp.c.obj (.text:strcmp)
                  00003946    00000016                                   : strchr.c.obj (.text:strchr)
                  0000395c    00000014                                   : strcpy.c.obj (.text:strcpy)
                  00003970    00000014                                   : strlen.c.obj (.text:strlen)
                  00003984    00000012                                   : wcslen.c.obj (.text:wcslen)
                  00003996    0000000e                                   : copy_decompress_none.c.obj (.text:decompress:none:__TI_decompress_none)
                  000039a4    0000000e     startup_msp432p401r_ccs.obj (.text)
                  000039b2    00000002     --HOLE-- [fill = 0]
                  000039b4    00000008     rtsv7M4_T_le_v4SPD16_eabi.lib : errno.c.obj (.text:__aeabi_errno_addr)
                  000039bc    00000008                                   : memory.c.obj (.text:malloc)
                  000039c4    00000004                                   : printf.c.obj (.text:_outc)
                  000039c8    00000004                                   : printf.c.obj (.text:_outs)
                  000039cc    00000004                                   : pre_init.c.obj (.text:_system_pre_init)
                  000039d0    00000004                                   : exit.c.obj (.text:abort:abort)

.const     0    000039d4    00000101     
                  000039d4    00000101     rtsv7M4_T_le_v4SPD16_eabi.lib : ctype.c.obj (.const:.string:_ctypes_)

.cinit     0    00003ad8    00000098     
                  00003ad8    00000070     (.cinit..data.load) [load image, compression = lzss]
                  00003b48    0000000c     (__TI_handler_table)
                  00003b54    00000004     --HOLE-- [fill = 0]
                  00003b58    00000008     (.cinit..bss.load) [load image, compression = zero_init]
                  00003b60    00000010     (__TI_cinit_table)

.init_array 
*          0    00000000    00000000     UNINITIALIZED

.binit     0    00000000    00000000     

.sysmem    0    20000000    00000400     UNINITIALIZED
                  20000000    00000010     rtsv7M4_T_le_v4SPD16_eabi.lib : memory.c.obj (.sysmem)
                  20000010    000003f0     --HOLE--

.data      0    20000400    00000218     UNINITIALIZED
                  20000400    000000f0     rtsv7M4_T_le_v4SPD16_eabi.lib : defs.c.obj (.data:_ftable)
                  200004f0    00000078                                   : host_device.c.obj (.data:_device)
                  20000568    00000050                                   : host_device.c.obj (.data:_stream)
                  200005b8    00000018     timer.obj (.data)
                  200005d0    00000011     movements.obj (.data)
                  200005e1    00000003     --HOLE--
                  200005e4    00000010     rtsv7M4_T_le_v4SPD16_eabi.lib : defs.c.obj (.data)
                  200005f4    0000000c                                   : exit.c.obj (.data:$O1$$)
                  20000600    00000008                                   : _lock.c.obj (.data:$O1$$)
                  20000608    00000008                                   : memory.c.obj (.data:$O1$$)
                  20000610    00000004                                   : errno.c.obj (.data)
                  20000614    00000004     system_msp432p401r.obj (.data)

.bss       0    20000618    000001c8     UNINITIALIZED
                  20000618    00000120     rtsv7M4_T_le_v4SPD16_eabi.lib : trgmsg.c.obj (.bss:_CIOBUF_)
                  20000738    000000a0     (.common:__TI_tmpnams)
                  200007d8    00000008     (.common:parmbuf)

.stack     0    2000fe00    00000200     UNINITIALIZED
                  2000fe00    00000004     rtsv7M4_T_le_v4SPD16_eabi.lib : boot_cortex_m.c.obj (.stack)
                  2000fe04    000001fc     --HOLE--

__llvm_prf_cnts 
*          0    20000000    00000000     UNINITIALIZED

MODULE SUMMARY

       Module                        code    ro data   rw data
       ------                        ----    -------   -------
    .\
       movements.obj                 816     0         34     
       motor.obj                     572     0         0      
       main.obj                      569     0         0      
       pwm.obj                       496     0         0      
       system_msp432p401r.obj        484     0         8      
       timer.obj                     376     0         48     
       startup_msp432p401r_ccs.obj   14      228       0      
       launchpad.obj                 156     0         0      
       adc.obj                       124     0         0      
       bump.obj                      60      0         0      
    +--+-----------------------------+-------+---------+---------+
       Total:                        3667    228       90     
                                                              
    D:\ti\ccs1230\ccs\tools\compiler\ti-cgt-arm_20.2.7.LTS\lib\rtsv7M4_T_le_v4SPD16_eabi.lib
       _printfi.c.obj                4851    0         0      
       defs.c.obj                    0       0         832    
       memory.c.obj                  672     0         16     
       trgmsg.c.obj                  108     0         576    
       fd_add_t2.asm.obj             438     0         0      
       host_device.c.obj             0       0         400    
       fd_div_t2.asm.obj             310     0         0      
       fputs.c.obj                   276     0         0      
       s_scalbn.c.obj                272     0         0      
       fd_cmp_t2.asm.obj             268     0         0      
       ctype.c.obj                   0       257       0      
       fd_mul_t2.asm.obj             252     0         0      
       setvbuf.c.obj                 220     0         0      
       memcpy_t2.asm.obj             156     0         0      
       ull_div_t2.asm.obj            150     0         0      
       fputc.c.obj                   140     0         0      
       memset_t2.asm.obj             122     0         0      
       fclose.c.obj                  116     0         0      
       getdevice.c.obj               116     0         0      
       hostopen.c.obj                96      0         16     
       printf.c.obj                  112     0         0      
       fd_tos_t2.asm.obj             110     0         0      
       hostrename.c.obj              108     0         0      
       copy_decompress_lzss.c.obj    104     0         0      
       hostlseek.c.obj               104     0         0      
       exit.c.obj                    76      0         24     
       fseek.c.obj                   100     0         0      
       s_frexp.c.obj                 100     0         0      
       _io_perm.c.obj                98      0         0      
       close.c.obj                   92      0         0      
       hostread.c.obj                88      0         0      
       hostwrite.c.obj               88      0         0      
       _ltoa.c.obj                   84      0         0      
       atoi.c.obj                    76      0         0      
       fflush.c.obj                  76      0         0      
       fd_toi_t2.asm.obj             72      0         0      
       autoinit.c.obj                68      0         0      
       hostclose.c.obj               68      0         0      
       hostunlink.c.obj              68      0         0      
       fs_tod_t2.asm.obj             56      0         0      
       strncpy.c.obj                 54      0         0      
       boot_cortex_m.c.obj           52      0         0      
       fopen.c.obj                   52      0         0      
       i_tofd_t2.asm.obj             46      0         0      
       unlink.c.obj                  44      0         0      
       lseek.c.obj                   40      0         0      
       write.c.obj                   40      0         0      
       memchr.c.obj                  32      0         0      
       copy_zero_init.c.obj          28      0         0      
       memccpy.c.obj                 28      0         0      
       s_copysign.c.obj              26      0         0      
       strcmp.c.obj                  24      0         0      
       strchr.c.obj                  22      0         0      
       strcpy.c.obj                  20      0         0      
       strlen.c.obj                  20      0         0      
       _lock.c.obj                   2       0         16     
       wcslen.c.obj                  18      0         0      
       errno.c.obj                   8       0         8      
       copy_decompress_none.c.obj    14      0         0      
       pre_init.c.obj                4       0         0      
       div0.asm.obj                  2       0         0      
    +--+-----------------------------+-------+---------+---------+
       Total:                        10887   257       1888   
                                                              
       Heap:                         0       0         2048   
       Stack:                        0       0         1024   
       Linker Generated:             0       148       0      
    +--+-----------------------------+-------+---------+---------+
       Grand Total:                  14554   633       5050   


LINKER GENERATED COPY TABLES

__TI_cinit_table @ 00003b60 records: 2, size/record: 8, table size: 16
	.data: load addr=00003ad8, load size=00000070 bytes, run addr=20000400, run size=00000218 bytes, compression=lzss
	.bss: load addr=00003b58, load size=00000008 bytes, run addr=20000618, run size=000001c8 bytes, compression=zero_init


LINKER GENERATED HANDLER TABLE

__TI_handler_table @ 00003b48 records: 3, size/record: 4, table size: 12
	index: 0, handler: __TI_decompress_lzss
	index: 1, handler: __TI_decompress_none
	index: 2, handler: __TI_zero_init


GLOBAL SYMBOLS: SORTED ALPHABETICALLY BY Name 

address   name                            
-------   ----                            
000039b1  ADC14_IRQHandler                
000039b1  AES256_IRQHandler               
00000db7  Arduino_Init                    
00000dab  Arduino_Input                   
00000d9f  Arduino_OUT_OFF                 
00000d93  Arduino_OUT_ON                  
00003627  Bump_Init                       
0000361d  Bump_Read                       
000039b1  BusFault_Handler                
000039d1  C$$EXIT                         
00003687  C$$IO$$                         
000039b1  COMP_E0_IRQHandler              
000039b1  COMP_E1_IRQHandler              
200005c0  CPMwait                         
000039b1  CS_IRQHandler                   
200005b8  ClockFrequency                  
200005cc  Crystalstable                   
000039b1  DMA_ERR_IRQHandler              
000039b1  DMA_INT0_IRQHandler             
000039b1  DMA_INT1_IRQHandler             
000039b1  DMA_INT2_IRQHandler             
000039b1  DMA_INT3_IRQHandler             
000039b1  DebugMon_Handler                
000039b1  Default_Handler                 
000039b1  EUSCIA0_IRQHandler              
000039b1  EUSCIA1_IRQHandler              
000039b1  EUSCIA2_IRQHandler              
000039b1  EUSCIA3_IRQHandler              
000039b1  EUSCIB0_IRQHandler              
000039b1  EUSCIB1_IRQHandler              
000039b1  EUSCIB2_IRQHandler              
000039b1  EUSCIB3_IRQHandler              
000039b1  FLCTL_IRQHandler                
000039b1  FPU_IRQHandler                  
000034cd  HOSTclose                       
00002ed9  HOSTlseek                       
0000313d  HOSTopen                        
000031f9  HOSTread                        
00002e6d  HOSTrename                      
00003511  HOSTunlink                      
00003251  HOSTwrite                       
000039b1  HardFault_Handler               
200005c8  IFlags                          
00000b65  IR_Tracing                      
000039b1  MemManage_Handler               
00000b4d  Motor_Turn_ARM                  
00000b35  Motor_Turn_ARM1                 
000039b1  NMI_Handler                     
000039b1  PCM_IRQHandler                  
000039b1  PORT1_IRQHandler                
000039b1  PORT2_IRQHandler                
000039b1  PORT3_IRQHandler                
000039b1  PORT4_IRQHandler                
000039b1  PORT5_IRQHandler                
000039b1  PORT6_IRQHandler                
000039b1  PSS_IRQHandler                  
000039b1  PendSV_Handler                  
200005c4  Postwait                        
200005bc  Prewait                         
000039b1  RTC_C_IRQHandler                
000039a5  Reset_Handler                   
000039b1  SVC_Handler                     
000039b1  SysTick_Handler                 
20000614  SystemCoreClock                 
00001793  SystemCoreClockUpdate           
0000173d  SystemInit                      
000039b1  T32_INT1_IRQHandler             
000039b1  T32_INT2_IRQHandler             
000039b1  T32_INTC_IRQHandler             
000039b1  TA0_0_IRQHandler                
000039b1  TA0_N_IRQHandler                
000039b1  TA1_0_IRQHandler                
000039b1  TA1_N_IRQHandler                
000039b1  TA2_0_IRQHandler                
000039b1  TA2_N_IRQHandler                
000039b1  TA3_0_IRQHandler                
000039b1  TA3_N_IRQHandler                
000039b1  UsageFault_Handler              
4000480c  WDTCTL_SYM                      
000039b1  WDT_A_IRQHandler                
20000618  __CIOBUF_                       
20010000  __STACK_END                     
00000200  __STACK_SIZE                    
00000400  __SYSMEM_SIZE                   
00003b60  __TI_CINIT_Base                 
00003b70  __TI_CINIT_Limit                
00003b48  __TI_Handler_Table_Base         
00003b54  __TI_Handler_Table_Limit        
00003555  __TI_auto_init_nobinit_nopinit  
00003701  __TI_cleanup                    
200005f4  __TI_cleanup_ptr                
00002cad  __TI_closefile                  
00002f41  __TI_decompress_lzss            
00003997  __TI_decompress_none            
000033a5  __TI_doflush                    
200005f8  __TI_dtors_ptr                  
200005fc  __TI_enable_exit_profile_output 
200005e4  __TI_ft_end                     
000032ff  __TI_ltoa                       
ffffffff  __TI_pprof_out_hndl             
000000e5  __TI_printfi                    
ffffffff  __TI_prof_data_size             
ffffffff  __TI_prof_data_start            
00003735  __TI_readmsg                    
00000000  __TI_static_base__              
20000738  __TI_tmpnams                    
00003659  __TI_writemsg                   
000030d9  __TI_wrt_ok                     
000038c1  __TI_zero_init_nomemset         
00002aa9  __aeabi_cdcmpeq                 
00002aa9  __aeabi_cdcmple                 
00002b2f  __aeabi_cdrcmple                
00002dff  __aeabi_d2f                     
00003485  __aeabi_d2iz                    
00001afb  __aeabi_dadd                    
00001f5d  __aeabi_ddiv                    
000024dd  __aeabi_dmul                    
00001af1  __aeabi_dsub                    
000039b5  __aeabi_errno_addr              
00003691  __aeabi_f2d                     
000037cd  __aeabi_i2d                     
0000154b  __aeabi_idiv0                   
0000154b  __aeabi_ldiv0                   
00002c31  __aeabi_memclr                  
00002c31  __aeabi_memclr4                 
00002c31  __aeabi_memclr8                 
000028e9  __aeabi_memcpy                  
000028e9  __aeabi_memcpy4                 
000028e9  __aeabi_memcpy8                 
00002c33  __aeabi_memset                  
00002c33  __aeabi_memset4                 
00002c33  __aeabi_memset8                 
200005f0  __aeabi_stderr                  
200005e8  __aeabi_stdin                   
200005ec  __aeabi_stdout                  
00002985  __aeabi_uldivmod                
ffffffff  __binit__                       
ffffffff  __c_args__                      
UNDEFED   __mpu_init                      
2000fe00  __stack                         
20000000  __start___llvm_prf_cnts         
20000000  __stop___llvm_prf_cnts          
00003769  _c_int00_noargs                 
000039d4  _ctypes_                        
200004f0  _device                         
20000400  _ftable                         
20000600  _lock                           
00000b33  _nop                            
20000568  _stream                         
20000000  _sys_memory                     
UNDEFED   _system_post_cinit              
000039cd  _system_pre_init                
20000604  _unlock                         
000039d1  abort                           
00002bf7  adc_init                        
00002bb5  adc_refl_snsr_read              
000023dd  aligned_alloc                   
000033f1  atoi                            
ffffffff  binit                           
0000319d  close                           
00003915  copysign                        
00003915  copysignl                       
00001dcd  delay                           
20000610  errno                           
0000343d  exit                            
0000379d  finddevice                      
00002a1d  fputc                           
000021b9  fputs                           
000025d9  free                            
00003011  frexp                           
00003011  frexpl                          
00003075  fseek                           
00003599  getdevice                       
00000000  interruptVectors                
000028d5  launchpad_3_color_led_ctrl      
000028b7  launchpad_buttons_read          
0000285b  launchpad_init                  
0000284d  launchpad_led_ctrl              
000022cd  ldexp                           
000022cd  ldexpl                          
00003851  lseek                           
00001485  main                            
000039bd  malloc                          
000023dd  memalign                        
000038f9  memccpy                         
000038a1  memchr                          
000028e9  memcpy                          
00002c39  memset                          
00001207  motor_init                      
000011bf  motor_move_forward              
0000118d  motor_move_with_forward_and_turn
0000110b  motor_run                       
000010d5  motor_stop                      
200007d8  parmbuf                         
00002fa9  printf                          
00002a1d  putc                            
000016e9  pwm_1_2_init                    
000016dd  pwm_1_duty                      
000016d1  pwm_2_duty                      
0000168d  pwm_3_4_init                    
00001681  pwm_3_duty                      
00001675  pwm_4_duty                      
00001667  pwm_robot_arm_0_duty            
00001659  pwm_robot_arm_1_duty            
0000164b  pwm_robot_arm_2_duty            
00001643  pwm_robot_arm_get_0_duty        
0000163d  pwm_robot_arm_get_1_duty        
00001637  pwm_robot_arm_get_2_duty        
0000154d  pwm_robot_arm_init              
000037fd  remove                          
000022cd  scalbn                          
000022cd  scalbnl                         
000026bd  setvbuf                         
00003947  strchr                          
0000392f  strcmp                          
0000395d  strcpy                          
00003971  strlen                          
000036c9  strncpy                         
00001dd3  timer_delay_ms                  
00001dcb  timer_delay_us                  
00001dc5  timer_get_freq                  
00001db7  timer_init                      
00001cd3  timer_init_48_mhz               
00001ca9  timer_wait                      
00001cbf  timer_wait_ms                   
000037fd  unlink                          
00003985  wcslen                          
00003879  write                           


GLOBAL SYMBOLS: SORTED BY Symbol Address 

address   name                            
-------   ----                            
00000000  __TI_static_base__              
00000000  interruptVectors                
000000e5  __TI_printfi                    
00000200  __STACK_SIZE                    
00000400  __SYSMEM_SIZE                   
00000b33  _nop                            
00000b35  Motor_Turn_ARM1                 
00000b4d  Motor_Turn_ARM                  
00000b65  IR_Tracing                      
00000d93  Arduino_OUT_ON                  
00000d9f  Arduino_OUT_OFF                 
00000dab  Arduino_Input                   
00000db7  Arduino_Init                    
000010d5  motor_stop                      
0000110b  motor_run                       
0000118d  motor_move_with_forward_and_turn
000011bf  motor_move_forward              
00001207  motor_init                      
00001485  main                            
0000154b  __aeabi_idiv0                   
0000154b  __aeabi_ldiv0                   
0000154d  pwm_robot_arm_init              
00001637  pwm_robot_arm_get_2_duty        
0000163d  pwm_robot_arm_get_1_duty        
00001643  pwm_robot_arm_get_0_duty        
0000164b  pwm_robot_arm_2_duty            
00001659  pwm_robot_arm_1_duty            
00001667  pwm_robot_arm_0_duty            
00001675  pwm_4_duty                      
00001681  pwm_3_duty                      
0000168d  pwm_3_4_init                    
000016d1  pwm_2_duty                      
000016dd  pwm_1_duty                      
000016e9  pwm_1_2_init                    
0000173d  SystemInit                      
00001793  SystemCoreClockUpdate           
00001af1  __aeabi_dsub                    
00001afb  __aeabi_dadd                    
00001ca9  timer_wait                      
00001cbf  timer_wait_ms                   
00001cd3  timer_init_48_mhz               
00001db7  timer_init                      
00001dc5  timer_get_freq                  
00001dcb  timer_delay_us                  
00001dcd  delay                           
00001dd3  timer_delay_ms                  
00001f5d  __aeabi_ddiv                    
000021b9  fputs                           
000022cd  ldexp                           
000022cd  ldexpl                          
000022cd  scalbn                          
000022cd  scalbnl                         
000023dd  aligned_alloc                   
000023dd  memalign                        
000024dd  __aeabi_dmul                    
000025d9  free                            
000026bd  setvbuf                         
0000284d  launchpad_led_ctrl              
0000285b  launchpad_init                  
000028b7  launchpad_buttons_read          
000028d5  launchpad_3_color_led_ctrl      
000028e9  __aeabi_memcpy                  
000028e9  __aeabi_memcpy4                 
000028e9  __aeabi_memcpy8                 
000028e9  memcpy                          
00002985  __aeabi_uldivmod                
00002a1d  fputc                           
00002a1d  putc                            
00002aa9  __aeabi_cdcmpeq                 
00002aa9  __aeabi_cdcmple                 
00002b2f  __aeabi_cdrcmple                
00002bb5  adc_refl_snsr_read              
00002bf7  adc_init                        
00002c31  __aeabi_memclr                  
00002c31  __aeabi_memclr4                 
00002c31  __aeabi_memclr8                 
00002c33  __aeabi_memset                  
00002c33  __aeabi_memset4                 
00002c33  __aeabi_memset8                 
00002c39  memset                          
00002cad  __TI_closefile                  
00002dff  __aeabi_d2f                     
00002e6d  HOSTrename                      
00002ed9  HOSTlseek                       
00002f41  __TI_decompress_lzss            
00002fa9  printf                          
00003011  frexp                           
00003011  frexpl                          
00003075  fseek                           
000030d9  __TI_wrt_ok                     
0000313d  HOSTopen                        
0000319d  close                           
000031f9  HOSTread                        
00003251  HOSTwrite                       
000032ff  __TI_ltoa                       
000033a5  __TI_doflush                    
000033f1  atoi                            
0000343d  exit                            
00003485  __aeabi_d2iz                    
000034cd  HOSTclose                       
00003511  HOSTunlink                      
00003555  __TI_auto_init_nobinit_nopinit  
00003599  getdevice                       
0000361d  Bump_Read                       
00003627  Bump_Init                       
00003659  __TI_writemsg                   
00003687  C$$IO$$                         
00003691  __aeabi_f2d                     
000036c9  strncpy                         
00003701  __TI_cleanup                    
00003735  __TI_readmsg                    
00003769  _c_int00_noargs                 
0000379d  finddevice                      
000037cd  __aeabi_i2d                     
000037fd  remove                          
000037fd  unlink                          
00003851  lseek                           
00003879  write                           
000038a1  memchr                          
000038c1  __TI_zero_init_nomemset         
000038f9  memccpy                         
00003915  copysign                        
00003915  copysignl                       
0000392f  strcmp                          
00003947  strchr                          
0000395d  strcpy                          
00003971  strlen                          
00003985  wcslen                          
00003997  __TI_decompress_none            
000039a5  Reset_Handler                   
000039b1  ADC14_IRQHandler                
000039b1  AES256_IRQHandler               
000039b1  BusFault_Handler                
000039b1  COMP_E0_IRQHandler              
000039b1  COMP_E1_IRQHandler              
000039b1  CS_IRQHandler                   
000039b1  DMA_ERR_IRQHandler              
000039b1  DMA_INT0_IRQHandler             
000039b1  DMA_INT1_IRQHandler             
000039b1  DMA_INT2_IRQHandler             
000039b1  DMA_INT3_IRQHandler             
000039b1  DebugMon_Handler                
000039b1  Default_Handler                 
000039b1  EUSCIA0_IRQHandler              
000039b1  EUSCIA1_IRQHandler              
000039b1  EUSCIA2_IRQHandler              
000039b1  EUSCIA3_IRQHandler              
000039b1  EUSCIB0_IRQHandler              
000039b1  EUSCIB1_IRQHandler              
000039b1  EUSCIB2_IRQHandler              
000039b1  EUSCIB3_IRQHandler              
000039b1  FLCTL_IRQHandler                
000039b1  FPU_IRQHandler                  
000039b1  HardFault_Handler               
000039b1  MemManage_Handler               
000039b1  NMI_Handler                     
000039b1  PCM_IRQHandler                  
000039b1  PORT1_IRQHandler                
000039b1  PORT2_IRQHandler                
000039b1  PORT3_IRQHandler                
000039b1  PORT4_IRQHandler                
000039b1  PORT5_IRQHandler                
000039b1  PORT6_IRQHandler                
000039b1  PSS_IRQHandler                  
000039b1  PendSV_Handler                  
000039b1  RTC_C_IRQHandler                
000039b1  SVC_Handler                     
000039b1  SysTick_Handler                 
000039b1  T32_INT1_IRQHandler             
000039b1  T32_INT2_IRQHandler             
000039b1  T32_INTC_IRQHandler             
000039b1  TA0_0_IRQHandler                
000039b1  TA0_N_IRQHandler                
000039b1  TA1_0_IRQHandler                
000039b1  TA1_N_IRQHandler                
000039b1  TA2_0_IRQHandler                
000039b1  TA2_N_IRQHandler                
000039b1  TA3_0_IRQHandler                
000039b1  TA3_N_IRQHandler                
000039b1  UsageFault_Handler              
000039b1  WDT_A_IRQHandler                
000039b5  __aeabi_errno_addr              
000039bd  malloc                          
000039cd  _system_pre_init                
000039d1  C$$EXIT                         
000039d1  abort                           
000039d4  _ctypes_                        
00003b48  __TI_Handler_Table_Base         
00003b54  __TI_Handler_Table_Limit        
00003b60  __TI_CINIT_Base                 
00003b70  __TI_CINIT_Limit                
20000000  __start___llvm_prf_cnts         
20000000  __stop___llvm_prf_cnts          
20000000  _sys_memory                     
20000400  _ftable                         
200004f0  _device                         
20000568  _stream                         
200005b8  ClockFrequency                  
200005bc  Prewait                         
200005c0  CPMwait                         
200005c4  Postwait                        
200005c8  IFlags                          
200005cc  Crystalstable                   
200005e4  __TI_ft_end                     
200005e8  __aeabi_stdin                   
200005ec  __aeabi_stdout                  
200005f0  __aeabi_stderr                  
200005f4  __TI_cleanup_ptr                
200005f8  __TI_dtors_ptr                  
200005fc  __TI_enable_exit_profile_output 
20000600  _lock                           
20000604  _unlock                         
20000610  errno                           
20000614  SystemCoreClock                 
20000618  __CIOBUF_                       
20000738  __TI_tmpnams                    
200007d8  parmbuf                         
2000fe00  __stack                         
20010000  __STACK_END                     
4000480c  WDTCTL_SYM                      
ffffffff  __TI_pprof_out_hndl             
ffffffff  __TI_prof_data_size             
ffffffff  __TI_prof_data_start            
ffffffff  __binit__                       
ffffffff  __c_args__                      
ffffffff  binit                           
UNDEFED   __mpu_init                      
UNDEFED   _system_post_cinit              

[228 symbols]
