<?xml version="1.0" encoding="ISO-8859-1" ?>
<link_info>
   <banner>TI ARM Linker PC v20.2.7.LTS</banner>
   <copyright>Copyright (c) 1996-2018 Texas Instruments Incorporated</copyright>
   <link_time>0x64aac724</link_time>
   <link_errors>0x0</link_errors>
   <output_file>RobotCompetition.out</output_file>
   <entry_point>
      <name>_c_int00_noargs</name>
      <address>0x3769</address>
   </entry_point>
   <input_file_list>
      <input_file id="fl-2">
         <path>.\</path>
         <kind>object</kind>
         <file>adc.obj</file>
         <name>adc.obj</name>
      </input_file>
      <input_file id="fl-3">
         <path>.\</path>
         <kind>object</kind>
         <file>bump.obj</file>
         <name>bump.obj</name>
      </input_file>
      <input_file id="fl-4">
         <path>.\</path>
         <kind>object</kind>
         <file>interrupt.obj</file>
         <name>interrupt.obj</name>
      </input_file>
      <input_file id="fl-5">
         <path>.\</path>
         <kind>object</kind>
         <file>launchpad.obj</file>
         <name>launchpad.obj</name>
      </input_file>
      <input_file id="fl-6">
         <path>.\</path>
         <kind>object</kind>
         <file>lcd.obj</file>
         <name>lcd.obj</name>
      </input_file>
      <input_file id="fl-7">
         <path>.\</path>
         <kind>object</kind>
         <file>main.obj</file>
         <name>main.obj</name>
      </input_file>
      <input_file id="fl-8">
         <path>.\</path>
         <kind>object</kind>
         <file>motor.obj</file>
         <name>motor.obj</name>
      </input_file>
      <input_file id="fl-9">
         <path>.\</path>
         <kind>object</kind>
         <file>movements.obj</file>
         <name>movements.obj</name>
      </input_file>
      <input_file id="fl-a">
         <path>.\</path>
         <kind>object</kind>
         <file>pwm.obj</file>
         <name>pwm.obj</name>
      </input_file>
      <input_file id="fl-b">
         <path>.\</path>
         <kind>object</kind>
         <file>startup_msp432p401r_ccs.obj</file>
         <name>startup_msp432p401r_ccs.obj</name>
      </input_file>
      <input_file id="fl-c">
         <path>.\</path>
         <kind>object</kind>
         <file>switch.obj</file>
         <name>switch.obj</name>
      </input_file>
      <input_file id="fl-d">
         <path>.\</path>
         <kind>object</kind>
         <file>system.obj</file>
         <name>system.obj</name>
      </input_file>
      <input_file id="fl-e">
         <path>.\</path>
         <kind>object</kind>
         <file>system_msp432p401r.obj</file>
         <name>system_msp432p401r.obj</name>
      </input_file>
      <input_file id="fl-f">
         <path>.\</path>
         <kind>object</kind>
         <file>timer.obj</file>
         <name>timer.obj</name>
      </input_file>
      <input_file id="fl-13">
         <kind>object</kind>
         <file>&lt;internal&gt;</file>
         <name>&lt;internal&gt;</name>
      </input_file>
      <input_file id="fl-c9">
         <path>D:\ti\ccs1230\ccs\tools\compiler\ti-cgt-arm_20.2.7.LTS\lib\</path>
         <kind>archive</kind>
         <file>rtsv7M4_T_le_v4SPD16_eabi.lib</file>
         <name>printf.c.obj</name>
      </input_file>
      <input_file id="fl-ca">
         <path>D:\ti\ccs1230\ccs\tools\compiler\ti-cgt-arm_20.2.7.LTS\lib\</path>
         <kind>archive</kind>
         <file>rtsv7M4_T_le_v4SPD16_eabi.lib</file>
         <name>_printfi.c.obj</name>
      </input_file>
      <input_file id="fl-cb">
         <path>D:\ti\ccs1230\ccs\tools\compiler\ti-cgt-arm_20.2.7.LTS\lib\</path>
         <kind>archive</kind>
         <file>rtsv7M4_T_le_v4SPD16_eabi.lib</file>
         <name>fputc.c.obj</name>
      </input_file>
      <input_file id="fl-cc">
         <path>D:\ti\ccs1230\ccs\tools\compiler\ti-cgt-arm_20.2.7.LTS\lib\</path>
         <kind>archive</kind>
         <file>rtsv7M4_T_le_v4SPD16_eabi.lib</file>
         <name>fputs.c.obj</name>
      </input_file>
      <input_file id="fl-cd">
         <path>D:\ti\ccs1230\ccs\tools\compiler\ti-cgt-arm_20.2.7.LTS\lib\</path>
         <kind>archive</kind>
         <file>rtsv7M4_T_le_v4SPD16_eabi.lib</file>
         <name>_io_perm.c.obj</name>
      </input_file>
      <input_file id="fl-ce">
         <path>D:\ti\ccs1230\ccs\tools\compiler\ti-cgt-arm_20.2.7.LTS\lib\</path>
         <kind>archive</kind>
         <file>rtsv7M4_T_le_v4SPD16_eabi.lib</file>
         <name>setvbuf.c.obj</name>
      </input_file>
      <input_file id="fl-cf">
         <path>D:\ti\ccs1230\ccs\tools\compiler\ti-cgt-arm_20.2.7.LTS\lib\</path>
         <kind>archive</kind>
         <file>rtsv7M4_T_le_v4SPD16_eabi.lib</file>
         <name>fd_add_t2.asm.obj</name>
      </input_file>
      <input_file id="fl-d0">
         <path>D:\ti\ccs1230\ccs\tools\compiler\ti-cgt-arm_20.2.7.LTS\lib\</path>
         <kind>archive</kind>
         <file>rtsv7M4_T_le_v4SPD16_eabi.lib</file>
         <name>fd_cmp_t2.asm.obj</name>
      </input_file>
      <input_file id="fl-d1">
         <path>D:\ti\ccs1230\ccs\tools\compiler\ti-cgt-arm_20.2.7.LTS\lib\</path>
         <kind>archive</kind>
         <file>rtsv7M4_T_le_v4SPD16_eabi.lib</file>
         <name>fd_div_t2.asm.obj</name>
      </input_file>
      <input_file id="fl-d2">
         <path>D:\ti\ccs1230\ccs\tools\compiler\ti-cgt-arm_20.2.7.LTS\lib\</path>
         <kind>archive</kind>
         <file>rtsv7M4_T_le_v4SPD16_eabi.lib</file>
         <name>fd_mul_t2.asm.obj</name>
      </input_file>
      <input_file id="fl-d3">
         <path>D:\ti\ccs1230\ccs\tools\compiler\ti-cgt-arm_20.2.7.LTS\lib\</path>
         <kind>archive</kind>
         <file>rtsv7M4_T_le_v4SPD16_eabi.lib</file>
         <name>fd_toi_t2.asm.obj</name>
      </input_file>
      <input_file id="fl-d4">
         <path>D:\ti\ccs1230\ccs\tools\compiler\ti-cgt-arm_20.2.7.LTS\lib\</path>
         <kind>archive</kind>
         <file>rtsv7M4_T_le_v4SPD16_eabi.lib</file>
         <name>fd_tos_t2.asm.obj</name>
      </input_file>
      <input_file id="fl-d5">
         <path>D:\ti\ccs1230\ccs\tools\compiler\ti-cgt-arm_20.2.7.LTS\lib\</path>
         <kind>archive</kind>
         <file>rtsv7M4_T_le_v4SPD16_eabi.lib</file>
         <name>fs_tod_t2.asm.obj</name>
      </input_file>
      <input_file id="fl-d6">
         <path>D:\ti\ccs1230\ccs\tools\compiler\ti-cgt-arm_20.2.7.LTS\lib\</path>
         <kind>archive</kind>
         <file>rtsv7M4_T_le_v4SPD16_eabi.lib</file>
         <name>i_tofd_t2.asm.obj</name>
      </input_file>
      <input_file id="fl-d7">
         <path>D:\ti\ccs1230\ccs\tools\compiler\ti-cgt-arm_20.2.7.LTS\lib\</path>
         <kind>archive</kind>
         <file>rtsv7M4_T_le_v4SPD16_eabi.lib</file>
         <name>memcpy_t2.asm.obj</name>
      </input_file>
      <input_file id="fl-d8">
         <path>D:\ti\ccs1230\ccs\tools\compiler\ti-cgt-arm_20.2.7.LTS\lib\</path>
         <kind>archive</kind>
         <file>rtsv7M4_T_le_v4SPD16_eabi.lib</file>
         <name>memset_t2.asm.obj</name>
      </input_file>
      <input_file id="fl-d9">
         <path>D:\ti\ccs1230\ccs\tools\compiler\ti-cgt-arm_20.2.7.LTS\lib\</path>
         <kind>archive</kind>
         <file>rtsv7M4_T_le_v4SPD16_eabi.lib</file>
         <name>ull_div_t2.asm.obj</name>
      </input_file>
      <input_file id="fl-da">
         <path>D:\ti\ccs1230\ccs\tools\compiler\ti-cgt-arm_20.2.7.LTS\lib\</path>
         <kind>archive</kind>
         <file>rtsv7M4_T_le_v4SPD16_eabi.lib</file>
         <name>copy_zero_init.c.obj</name>
      </input_file>
      <input_file id="fl-db">
         <path>D:\ti\ccs1230\ccs\tools\compiler\ti-cgt-arm_20.2.7.LTS\lib\</path>
         <kind>archive</kind>
         <file>rtsv7M4_T_le_v4SPD16_eabi.lib</file>
         <name>copy_decompress_none.c.obj</name>
      </input_file>
      <input_file id="fl-dc">
         <path>D:\ti\ccs1230\ccs\tools\compiler\ti-cgt-arm_20.2.7.LTS\lib\</path>
         <kind>archive</kind>
         <file>rtsv7M4_T_le_v4SPD16_eabi.lib</file>
         <name>copy_decompress_lzss.c.obj</name>
      </input_file>
      <input_file id="fl-dd">
         <path>D:\ti\ccs1230\ccs\tools\compiler\ti-cgt-arm_20.2.7.LTS\lib\</path>
         <kind>archive</kind>
         <file>rtsv7M4_T_le_v4SPD16_eabi.lib</file>
         <name>exit.c.obj</name>
      </input_file>
      <input_file id="fl-de">
         <path>D:\ti\ccs1230\ccs\tools\compiler\ti-cgt-arm_20.2.7.LTS\lib\</path>
         <kind>archive</kind>
         <file>rtsv7M4_T_le_v4SPD16_eabi.lib</file>
         <name>_lock.c.obj</name>
      </input_file>
      <input_file id="fl-df">
         <path>D:\ti\ccs1230\ccs\tools\compiler\ti-cgt-arm_20.2.7.LTS\lib\</path>
         <kind>archive</kind>
         <file>rtsv7M4_T_le_v4SPD16_eabi.lib</file>
         <name>_ltoa.c.obj</name>
      </input_file>
      <input_file id="fl-e0">
         <path>D:\ti\ccs1230\ccs\tools\compiler\ti-cgt-arm_20.2.7.LTS\lib\</path>
         <kind>archive</kind>
         <file>rtsv7M4_T_le_v4SPD16_eabi.lib</file>
         <name>atoi.c.obj</name>
      </input_file>
      <input_file id="fl-e1">
         <path>D:\ti\ccs1230\ccs\tools\compiler\ti-cgt-arm_20.2.7.LTS\lib\</path>
         <kind>archive</kind>
         <file>rtsv7M4_T_le_v4SPD16_eabi.lib</file>
         <name>ctype.c.obj</name>
      </input_file>
      <input_file id="fl-e2">
         <path>D:\ti\ccs1230\ccs\tools\compiler\ti-cgt-arm_20.2.7.LTS\lib\</path>
         <kind>archive</kind>
         <file>rtsv7M4_T_le_v4SPD16_eabi.lib</file>
         <name>defs.c.obj</name>
      </input_file>
      <input_file id="fl-e3">
         <path>D:\ti\ccs1230\ccs\tools\compiler\ti-cgt-arm_20.2.7.LTS\lib\</path>
         <kind>archive</kind>
         <file>rtsv7M4_T_le_v4SPD16_eabi.lib</file>
         <name>memccpy.c.obj</name>
      </input_file>
      <input_file id="fl-e4">
         <path>D:\ti\ccs1230\ccs\tools\compiler\ti-cgt-arm_20.2.7.LTS\lib\</path>
         <kind>archive</kind>
         <file>rtsv7M4_T_le_v4SPD16_eabi.lib</file>
         <name>memchr.c.obj</name>
      </input_file>
      <input_file id="fl-e5">
         <path>D:\ti\ccs1230\ccs\tools\compiler\ti-cgt-arm_20.2.7.LTS\lib\</path>
         <kind>archive</kind>
         <file>rtsv7M4_T_le_v4SPD16_eabi.lib</file>
         <name>memory.c.obj</name>
      </input_file>
      <input_file id="fl-e6">
         <path>D:\ti\ccs1230\ccs\tools\compiler\ti-cgt-arm_20.2.7.LTS\lib\</path>
         <kind>archive</kind>
         <file>rtsv7M4_T_le_v4SPD16_eabi.lib</file>
         <name>strchr.c.obj</name>
      </input_file>
      <input_file id="fl-e7">
         <path>D:\ti\ccs1230\ccs\tools\compiler\ti-cgt-arm_20.2.7.LTS\lib\</path>
         <kind>archive</kind>
         <file>rtsv7M4_T_le_v4SPD16_eabi.lib</file>
         <name>strlen.c.obj</name>
      </input_file>
      <input_file id="fl-e8">
         <path>D:\ti\ccs1230\ccs\tools\compiler\ti-cgt-arm_20.2.7.LTS\lib\</path>
         <kind>archive</kind>
         <file>rtsv7M4_T_le_v4SPD16_eabi.lib</file>
         <name>boot_cortex_m.c.obj</name>
      </input_file>
      <input_file id="fl-e9">
         <path>D:\ti\ccs1230\ccs\tools\compiler\ti-cgt-arm_20.2.7.LTS\lib\</path>
         <kind>archive</kind>
         <file>rtsv7M4_T_le_v4SPD16_eabi.lib</file>
         <name>write.c.obj</name>
      </input_file>
      <input_file id="fl-ea">
         <path>D:\ti\ccs1230\ccs\tools\compiler\ti-cgt-arm_20.2.7.LTS\lib\</path>
         <kind>archive</kind>
         <file>rtsv7M4_T_le_v4SPD16_eabi.lib</file>
         <name>host_device.c.obj</name>
      </input_file>
      <input_file id="fl-eb">
         <path>D:\ti\ccs1230\ccs\tools\compiler\ti-cgt-arm_20.2.7.LTS\lib\</path>
         <kind>archive</kind>
         <file>rtsv7M4_T_le_v4SPD16_eabi.lib</file>
         <name>errno.c.obj</name>
      </input_file>
      <input_file id="fl-ec">
         <path>D:\ti\ccs1230\ccs\tools\compiler\ti-cgt-arm_20.2.7.LTS\lib\</path>
         <kind>archive</kind>
         <file>rtsv7M4_T_le_v4SPD16_eabi.lib</file>
         <name>wcslen.c.obj</name>
      </input_file>
      <input_file id="fl-ed">
         <path>D:\ti\ccs1230\ccs\tools\compiler\ti-cgt-arm_20.2.7.LTS\lib\</path>
         <kind>archive</kind>
         <file>rtsv7M4_T_le_v4SPD16_eabi.lib</file>
         <name>s_frexp.c.obj</name>
      </input_file>
      <input_file id="fl-ee">
         <path>D:\ti\ccs1230\ccs\tools\compiler\ti-cgt-arm_20.2.7.LTS\lib\</path>
         <kind>archive</kind>
         <file>rtsv7M4_T_le_v4SPD16_eabi.lib</file>
         <name>s_scalbn.c.obj</name>
      </input_file>
      <input_file id="fl-ef">
         <path>D:\ti\ccs1230\ccs\tools\compiler\ti-cgt-arm_20.2.7.LTS\lib\</path>
         <kind>archive</kind>
         <file>rtsv7M4_T_le_v4SPD16_eabi.lib</file>
         <name>fflush.c.obj</name>
      </input_file>
      <input_file id="fl-f0">
         <path>D:\ti\ccs1230\ccs\tools\compiler\ti-cgt-arm_20.2.7.LTS\lib\</path>
         <kind>archive</kind>
         <file>rtsv7M4_T_le_v4SPD16_eabi.lib</file>
         <name>fopen.c.obj</name>
      </input_file>
      <input_file id="fl-f1">
         <path>D:\ti\ccs1230\ccs\tools\compiler\ti-cgt-arm_20.2.7.LTS\lib\</path>
         <kind>archive</kind>
         <file>rtsv7M4_T_le_v4SPD16_eabi.lib</file>
         <name>fseek.c.obj</name>
      </input_file>
      <input_file id="fl-f2">
         <path>D:\ti\ccs1230\ccs\tools\compiler\ti-cgt-arm_20.2.7.LTS\lib\</path>
         <kind>archive</kind>
         <file>rtsv7M4_T_le_v4SPD16_eabi.lib</file>
         <name>div0.asm.obj</name>
      </input_file>
      <input_file id="fl-f3">
         <path>D:\ti\ccs1230\ccs\tools\compiler\ti-cgt-arm_20.2.7.LTS\lib\</path>
         <kind>archive</kind>
         <file>rtsv7M4_T_le_v4SPD16_eabi.lib</file>
         <name>autoinit.c.obj</name>
      </input_file>
      <input_file id="fl-f4">
         <path>D:\ti\ccs1230\ccs\tools\compiler\ti-cgt-arm_20.2.7.LTS\lib\</path>
         <kind>archive</kind>
         <file>rtsv7M4_T_le_v4SPD16_eabi.lib</file>
         <name>pre_init.c.obj</name>
      </input_file>
      <input_file id="fl-f5">
         <path>D:\ti\ccs1230\ccs\tools\compiler\ti-cgt-arm_20.2.7.LTS\lib\</path>
         <kind>archive</kind>
         <file>rtsv7M4_T_le_v4SPD16_eabi.lib</file>
         <name>cpy_tbl.c.obj</name>
      </input_file>
      <input_file id="fl-f6">
         <path>D:\ti\ccs1230\ccs\tools\compiler\ti-cgt-arm_20.2.7.LTS\lib\</path>
         <kind>archive</kind>
         <file>rtsv7M4_T_le_v4SPD16_eabi.lib</file>
         <name>args_main.c.obj</name>
      </input_file>
      <input_file id="fl-f7">
         <path>D:\ti\ccs1230\ccs\tools\compiler\ti-cgt-arm_20.2.7.LTS\lib\</path>
         <kind>archive</kind>
         <file>rtsv7M4_T_le_v4SPD16_eabi.lib</file>
         <name>hostclose.c.obj</name>
      </input_file>
      <input_file id="fl-f8">
         <path>D:\ti\ccs1230\ccs\tools\compiler\ti-cgt-arm_20.2.7.LTS\lib\</path>
         <kind>archive</kind>
         <file>rtsv7M4_T_le_v4SPD16_eabi.lib</file>
         <name>hostlseek.c.obj</name>
      </input_file>
      <input_file id="fl-f9">
         <path>D:\ti\ccs1230\ccs\tools\compiler\ti-cgt-arm_20.2.7.LTS\lib\</path>
         <kind>archive</kind>
         <file>rtsv7M4_T_le_v4SPD16_eabi.lib</file>
         <name>hostopen.c.obj</name>
      </input_file>
      <input_file id="fl-fa">
         <path>D:\ti\ccs1230\ccs\tools\compiler\ti-cgt-arm_20.2.7.LTS\lib\</path>
         <kind>archive</kind>
         <file>rtsv7M4_T_le_v4SPD16_eabi.lib</file>
         <name>hostread.c.obj</name>
      </input_file>
      <input_file id="fl-fb">
         <path>D:\ti\ccs1230\ccs\tools\compiler\ti-cgt-arm_20.2.7.LTS\lib\</path>
         <kind>archive</kind>
         <file>rtsv7M4_T_le_v4SPD16_eabi.lib</file>
         <name>hostrename.c.obj</name>
      </input_file>
      <input_file id="fl-fc">
         <path>D:\ti\ccs1230\ccs\tools\compiler\ti-cgt-arm_20.2.7.LTS\lib\</path>
         <kind>archive</kind>
         <file>rtsv7M4_T_le_v4SPD16_eabi.lib</file>
         <name>hostunlink.c.obj</name>
      </input_file>
      <input_file id="fl-fd">
         <path>D:\ti\ccs1230\ccs\tools\compiler\ti-cgt-arm_20.2.7.LTS\lib\</path>
         <kind>archive</kind>
         <file>rtsv7M4_T_le_v4SPD16_eabi.lib</file>
         <name>hostwrite.c.obj</name>
      </input_file>
      <input_file id="fl-fe">
         <path>D:\ti\ccs1230\ccs\tools\compiler\ti-cgt-arm_20.2.7.LTS\lib\</path>
         <kind>archive</kind>
         <file>rtsv7M4_T_le_v4SPD16_eabi.lib</file>
         <name>trgmsg.c.obj</name>
      </input_file>
      <input_file id="fl-ff">
         <path>D:\ti\ccs1230\ccs\tools\compiler\ti-cgt-arm_20.2.7.LTS\lib\</path>
         <kind>archive</kind>
         <file>rtsv7M4_T_le_v4SPD16_eabi.lib</file>
         <name>open.c.obj</name>
      </input_file>
      <input_file id="fl-100">
         <path>D:\ti\ccs1230\ccs\tools\compiler\ti-cgt-arm_20.2.7.LTS\lib\</path>
         <kind>archive</kind>
         <file>rtsv7M4_T_le_v4SPD16_eabi.lib</file>
         <name>lseek.c.obj</name>
      </input_file>
      <input_file id="fl-101">
         <path>D:\ti\ccs1230\ccs\tools\compiler\ti-cgt-arm_20.2.7.LTS\lib\</path>
         <kind>archive</kind>
         <file>rtsv7M4_T_le_v4SPD16_eabi.lib</file>
         <name>s_copysign.c.obj</name>
      </input_file>
      <input_file id="fl-102">
         <path>D:\ti\ccs1230\ccs\tools\compiler\ti-cgt-arm_20.2.7.LTS\lib\</path>
         <kind>archive</kind>
         <file>rtsv7M4_T_le_v4SPD16_eabi.lib</file>
         <name>fclose.c.obj</name>
      </input_file>
      <input_file id="fl-103">
         <path>D:\ti\ccs1230\ccs\tools\compiler\ti-cgt-arm_20.2.7.LTS\lib\</path>
         <kind>archive</kind>
         <file>rtsv7M4_T_le_v4SPD16_eabi.lib</file>
         <name>getdevice.c.obj</name>
      </input_file>
      <input_file id="fl-104">
         <path>D:\ti\ccs1230\ccs\tools\compiler\ti-cgt-arm_20.2.7.LTS\lib\</path>
         <kind>archive</kind>
         <file>rtsv7M4_T_le_v4SPD16_eabi.lib</file>
         <name>strcmp.c.obj</name>
      </input_file>
      <input_file id="fl-105">
         <path>D:\ti\ccs1230\ccs\tools\compiler\ti-cgt-arm_20.2.7.LTS\lib\</path>
         <kind>archive</kind>
         <file>rtsv7M4_T_le_v4SPD16_eabi.lib</file>
         <name>strcpy.c.obj</name>
      </input_file>
      <input_file id="fl-106">
         <path>D:\ti\ccs1230\ccs\tools\compiler\ti-cgt-arm_20.2.7.LTS\lib\</path>
         <kind>archive</kind>
         <file>rtsv7M4_T_le_v4SPD16_eabi.lib</file>
         <name>strncpy.c.obj</name>
      </input_file>
      <input_file id="fl-107">
         <path>D:\ti\ccs1230\ccs\tools\compiler\ti-cgt-arm_20.2.7.LTS\lib\</path>
         <kind>archive</kind>
         <file>rtsv7M4_T_le_v4SPD16_eabi.lib</file>
         <name>remove.c.obj</name>
      </input_file>
      <input_file id="fl-108">
         <path>D:\ti\ccs1230\ccs\tools\compiler\ti-cgt-arm_20.2.7.LTS\lib\</path>
         <kind>archive</kind>
         <file>rtsv7M4_T_le_v4SPD16_eabi.lib</file>
         <name>close.c.obj</name>
      </input_file>
      <input_file id="fl-109">
         <path>D:\ti\ccs1230\ccs\tools\compiler\ti-cgt-arm_20.2.7.LTS\lib\</path>
         <kind>archive</kind>
         <file>rtsv7M4_T_le_v4SPD16_eabi.lib</file>
         <name>unlink.c.obj</name>
      </input_file>
   </input_file_list>
   <object_component_list>
      <object_component id="oc-26">
         <name>.intvecs:retain</name>
         <load_address>0x0</load_address>
         <run_address>0x0</run_address>
         <size>0xe4</size>
         <input_file_ref idref="fl-b"/>
      </object_component>
      <object_component id="oc-175">
         <name>.text:__TI_printfi</name>
         <load_address>0xe4</load_address>
         <run_address>0xe4</run_address>
         <size>0xa4e</size>
         <input_file_ref idref="fl-ca"/>
      </object_component>
      <object_component id="oc-228">
         <name>.text:_nop</name>
         <load_address>0xb32</load_address>
         <run_address>0xb32</run_address>
         <size>0x2</size>
         <input_file_ref idref="fl-de"/>
      </object_component>
      <object_component id="oc-d6">
         <name>.text</name>
         <load_address>0xb34</load_address>
         <run_address>0xb34</run_address>
         <size>0x330</size>
         <input_file_ref idref="fl-9"/>
      </object_component>
      <object_component id="oc-204">
         <name>.text:_pconv_a</name>
         <load_address>0xe64</load_address>
         <run_address>0xe64</run_address>
         <size>0x270</size>
         <input_file_ref idref="fl-ca"/>
      </object_component>
      <object_component id="oc-f4">
         <name>.text</name>
         <load_address>0x10d4</load_address>
         <run_address>0x10d4</run_address>
         <size>0x23c</size>
         <input_file_ref idref="fl-8"/>
      </object_component>
      <object_component id="oc-9a">
         <name>.text</name>
         <load_address>0x1310</load_address>
         <run_address>0x1310</run_address>
         <size>0x239</size>
         <input_file_ref idref="fl-7"/>
      </object_component>
      <object_component id="oc-30e">
         <name>.text</name>
         <load_address>0x154a</load_address>
         <run_address>0x154a</run_address>
         <size>0x2</size>
         <input_file_ref idref="fl-f2"/>
      </object_component>
      <object_component id="oc-196">
         <name>.text</name>
         <load_address>0x154c</load_address>
         <run_address>0x154c</run_address>
         <size>0x1f0</size>
         <input_file_ref idref="fl-a"/>
      </object_component>
      <object_component id="oc-ac">
         <name>.text</name>
         <load_address>0x173c</load_address>
         <run_address>0x173c</run_address>
         <size>0x1e4</size>
         <input_file_ref idref="fl-e"/>
      </object_component>
      <object_component id="oc-1f2">
         <name>.text:_pconv_g</name>
         <load_address>0x1920</load_address>
         <run_address>0x1920</run_address>
         <size>0x1d0</size>
         <input_file_ref idref="fl-ca"/>
      </object_component>
      <object_component id="oc-153">
         <name>.text</name>
         <load_address>0x1af0</load_address>
         <run_address>0x1af0</run_address>
         <size>0x1b6</size>
         <input_file_ref idref="fl-cf"/>
      </object_component>
      <object_component id="oc-dc">
         <name>.text</name>
         <load_address>0x1ca8</load_address>
         <run_address>0x1ca8</run_address>
         <size>0x178</size>
         <input_file_ref idref="fl-f"/>
      </object_component>
      <object_component id="oc-1fe">
         <name>.text:_pconv_e</name>
         <load_address>0x1e20</load_address>
         <run_address>0x1e20</run_address>
         <size>0x13c</size>
         <input_file_ref idref="fl-ca"/>
      </object_component>
      <object_component id="oc-276">
         <name>.text</name>
         <load_address>0x1f5c</load_address>
         <run_address>0x1f5c</run_address>
         <size>0x136</size>
         <input_file_ref idref="fl-d1"/>
      </object_component>
      <object_component id="oc-293">
         <name>.text:fcvt</name>
         <load_address>0x2094</load_address>
         <run_address>0x2094</run_address>
         <size>0x124</size>
         <input_file_ref idref="fl-ca"/>
      </object_component>
      <object_component id="oc-236">
         <name>.text:fputs</name>
         <load_address>0x21b8</load_address>
         <run_address>0x21b8</run_address>
         <size>0x114</size>
         <input_file_ref idref="fl-cc"/>
      </object_component>
      <object_component id="oc-2a7">
         <name>.text:scalbn</name>
         <load_address>0x22cc</load_address>
         <run_address>0x22cc</run_address>
         <size>0x110</size>
         <input_file_ref idref="fl-ee"/>
      </object_component>
      <object_component id="oc-3b5">
         <name>.text:aligned_alloc</name>
         <load_address>0x23dc</load_address>
         <run_address>0x23dc</run_address>
         <size>0x100</size>
         <input_file_ref idref="fl-e5"/>
      </object_component>
      <object_component id="oc-158">
         <name>.text</name>
         <load_address>0x24dc</load_address>
         <run_address>0x24dc</run_address>
         <size>0xfc</size>
         <input_file_ref idref="fl-d2"/>
      </object_component>
      <object_component id="oc-373">
         <name>.text:free</name>
         <load_address>0x25d8</load_address>
         <run_address>0x25d8</run_address>
         <size>0xe4</size>
         <input_file_ref idref="fl-e5"/>
      </object_component>
      <object_component id="oc-345">
         <name>.text:setvbuf</name>
         <load_address>0x26bc</load_address>
         <run_address>0x26bc</run_address>
         <size>0xdc</size>
         <input_file_ref idref="fl-ce"/>
      </object_component>
      <object_component id="oc-1e7">
         <name>.text:_ltostr</name>
         <load_address>0x2798</load_address>
         <run_address>0x2798</run_address>
         <size>0xb1</size>
         <input_file_ref idref="fl-ca"/>
      </object_component>
      <object_component id="oc-ee">
         <name>.text</name>
         <load_address>0x284c</load_address>
         <run_address>0x284c</run_address>
         <size>0x9c</size>
         <input_file_ref idref="fl-5"/>
      </object_component>
      <object_component id="oc-3a">
         <name>.text</name>
         <load_address>0x28e8</load_address>
         <run_address>0x28e8</run_address>
         <size>0x9c</size>
         <input_file_ref idref="fl-d7"/>
      </object_component>
      <object_component id="oc-26f">
         <name>.text</name>
         <load_address>0x2984</load_address>
         <run_address>0x2984</run_address>
         <size>0x96</size>
         <input_file_ref idref="fl-d9"/>
      </object_component>
      <object_component id="oc-23d">
         <name>.text:fputc</name>
         <load_address>0x2a1c</load_address>
         <run_address>0x2a1c</run_address>
         <size>0x8c</size>
         <input_file_ref idref="fl-cb"/>
      </object_component>
      <object_component id="oc-1ed">
         <name>.text:__aeabi_cdcmple</name>
         <load_address>0x2aa8</load_address>
         <run_address>0x2aa8</run_address>
         <size>0x86</size>
         <input_file_ref idref="fl-d0"/>
      </object_component>
      <object_component id="oc-27b">
         <name>.text:__aeabi_cdrcmple</name>
         <load_address>0x2b2e</load_address>
         <run_address>0x2b2e</run_address>
         <size>0x86</size>
         <input_file_ref idref="fl-d0"/>
      </object_component>
      <object_component id="oc-fa">
         <name>.text</name>
         <load_address>0x2bb4</load_address>
         <run_address>0x2bb4</run_address>
         <size>0x7c</size>
         <input_file_ref idref="fl-2"/>
      </object_component>
      <object_component id="oc-8e">
         <name>.text</name>
         <load_address>0x2c30</load_address>
         <run_address>0x2c30</run_address>
         <size>0x7a</size>
         <input_file_ref idref="fl-d8"/>
      </object_component>
      <object_component id="oc-3bc">
         <name>.text:__TI_closefile</name>
         <load_address>0x2cac</load_address>
         <run_address>0x2cac</run_address>
         <size>0x74</size>
         <input_file_ref idref="fl-102"/>
      </object_component>
      <object_component id="oc-3fd">
         <name>.text:split</name>
         <load_address>0x2d20</load_address>
         <run_address>0x2d20</run_address>
         <size>0x70</size>
         <input_file_ref idref="fl-e5"/>
      </object_component>
      <object_component id="oc-28c">
         <name>.text:_mcpy</name>
         <load_address>0x2d90</load_address>
         <run_address>0x2d90</run_address>
         <size>0x6e</size>
         <input_file_ref idref="fl-ca"/>
      </object_component>
      <object_component id="oc-15d">
         <name>.text</name>
         <load_address>0x2dfe</load_address>
         <run_address>0x2dfe</run_address>
         <size>0x6e</size>
         <input_file_ref idref="fl-d4"/>
      </object_component>
      <object_component id="oc-3ec">
         <name>.text:HOSTrename</name>
         <load_address>0x2e6c</load_address>
         <run_address>0x2e6c</run_address>
         <size>0x6c</size>
         <input_file_ref idref="fl-fb"/>
      </object_component>
      <object_component id="oc-3e0">
         <name>.text:HOSTlseek</name>
         <load_address>0x2ed8</load_address>
         <run_address>0x2ed8</run_address>
         <size>0x68</size>
         <input_file_ref idref="fl-f8"/>
      </object_component>
      <object_component id="oc-17">
         <name>.text:decompress:lzss:__TI_decompress_lzss</name>
         <load_address>0x2f40</load_address>
         <run_address>0x2f40</run_address>
         <size>0x68</size>
         <input_file_ref idref="fl-dc"/>
      </object_component>
      <object_component id="oc-e8">
         <name>.text:printf</name>
         <load_address>0x2fa8</load_address>
         <run_address>0x2fa8</run_address>
         <size>0x68</size>
         <input_file_ref idref="fl-c9"/>
      </object_component>
      <object_component id="oc-2a1">
         <name>.text:frexp</name>
         <load_address>0x3010</load_address>
         <run_address>0x3010</run_address>
         <size>0x64</size>
         <input_file_ref idref="fl-ed"/>
      </object_component>
      <object_component id="oc-33f">
         <name>.text:fseek</name>
         <load_address>0x3074</load_address>
         <run_address>0x3074</run_address>
         <size>0x64</size>
         <input_file_ref idref="fl-f1"/>
      </object_component>
      <object_component id="oc-2d8">
         <name>.text:__TI_wrt_ok</name>
         <load_address>0x30d8</load_address>
         <run_address>0x30d8</run_address>
         <size>0x62</size>
         <input_file_ref idref="fl-cd"/>
      </object_component>
      <object_component id="oc-3c8">
         <name>.text:HOSTopen</name>
         <load_address>0x313c</load_address>
         <run_address>0x313c</run_address>
         <size>0x60</size>
         <input_file_ref idref="fl-f9"/>
      </object_component>
      <object_component id="oc-404">
         <name>.text:close</name>
         <load_address>0x319c</load_address>
         <run_address>0x319c</run_address>
         <size>0x5c</size>
         <input_file_ref idref="fl-108"/>
      </object_component>
      <object_component id="oc-3d4">
         <name>.text:HOSTread</name>
         <load_address>0x31f8</load_address>
         <run_address>0x31f8</run_address>
         <size>0x58</size>
         <input_file_ref idref="fl-fa"/>
      </object_component>
      <object_component id="oc-3da">
         <name>.text:HOSTwrite</name>
         <load_address>0x3250</load_address>
         <run_address>0x3250</run_address>
         <size>0x58</size>
         <input_file_ref idref="fl-fd"/>
      </object_component>
      <object_component id="oc-1f8">
         <name>.text:_pconv_f</name>
         <load_address>0x32a8</load_address>
         <run_address>0x32a8</run_address>
         <size>0x56</size>
         <input_file_ref idref="fl-ca"/>
      </object_component>
      <object_component id="oc-280">
         <name>.text:__TI_ltoa</name>
         <load_address>0x32fe</load_address>
         <run_address>0x32fe</run_address>
         <size>0x54</size>
         <input_file_ref idref="fl-df"/>
      </object_component>
      <object_component id="oc-286">
         <name>.text:_ecpy</name>
         <load_address>0x3352</load_address>
         <run_address>0x3352</run_address>
         <size>0x52</size>
         <input_file_ref idref="fl-ca"/>
      </object_component>
      <object_component id="oc-2e4">
         <name>.text:__TI_doflush</name>
         <load_address>0x33a4</load_address>
         <run_address>0x33a4</run_address>
         <size>0x4c</size>
         <input_file_ref idref="fl-ef"/>
      </object_component>
      <object_component id="oc-1e1">
         <name>.text:atoi</name>
         <load_address>0x33f0</load_address>
         <run_address>0x33f0</run_address>
         <size>0x4c</size>
         <input_file_ref idref="fl-e0"/>
      </object_component>
      <object_component id="oc-10c">
         <name>.text:exit</name>
         <load_address>0x343c</load_address>
         <run_address>0x343c</run_address>
         <size>0x48</size>
         <input_file_ref idref="fl-dd"/>
      </object_component>
      <object_component id="oc-167">
         <name>.text</name>
         <load_address>0x3484</load_address>
         <run_address>0x3484</run_address>
         <size>0x48</size>
         <input_file_ref idref="fl-d3"/>
      </object_component>
      <object_component id="oc-3ce">
         <name>.text:HOSTclose</name>
         <load_address>0x34cc</load_address>
         <run_address>0x34cc</run_address>
         <size>0x44</size>
         <input_file_ref idref="fl-f7"/>
      </object_component>
      <object_component id="oc-3e6">
         <name>.text:HOSTunlink</name>
         <load_address>0x3510</load_address>
         <run_address>0x3510</run_address>
         <size>0x44</size>
         <input_file_ref idref="fl-fc"/>
      </object_component>
      <object_component id="oc-112">
         <name>.text:__TI_auto_init_nobinit_nopinit:__TI_auto_init_nobinit_nopinit</name>
         <load_address>0x3554</load_address>
         <run_address>0x3554</run_address>
         <size>0x44</size>
         <input_file_ref idref="fl-f3"/>
      </object_component>
      <object_component id="oc-43c">
         <name>.text:getdevice</name>
         <load_address>0x3598</load_address>
         <run_address>0x3598</run_address>
         <size>0x44</size>
         <input_file_ref idref="fl-103"/>
      </object_component>
      <object_component id="oc-299">
         <name>.text:_fcpy</name>
         <load_address>0x35dc</load_address>
         <run_address>0x35dc</run_address>
         <size>0x3e</size>
         <input_file_ref idref="fl-ca"/>
      </object_component>
      <object_component id="oc-e2">
         <name>.text</name>
         <load_address>0x361c</load_address>
         <run_address>0x361c</run_address>
         <size>0x3c</size>
         <input_file_ref idref="fl-3"/>
      </object_component>
      <object_component id="oc-415">
         <name>.text:__TI_writemsg</name>
         <load_address>0x3658</load_address>
         <run_address>0x3658</run_address>
         <size>0x38</size>
         <input_file_ref idref="fl-fe"/>
      </object_component>
      <object_component id="oc-162">
         <name>.text</name>
         <load_address>0x3690</load_address>
         <run_address>0x3690</run_address>
         <size>0x38</size>
         <input_file_ref idref="fl-d5"/>
      </object_component>
      <object_component id="oc-45e">
         <name>.text:strncpy</name>
         <load_address>0x36c8</load_address>
         <run_address>0x36c8</run_address>
         <size>0x36</size>
         <input_file_ref idref="fl-106"/>
      </object_component>
      <object_component id="oc-37f">
         <name>.text:__TI_cleanup</name>
         <load_address>0x3700</load_address>
         <run_address>0x3700</run_address>
         <size>0x34</size>
         <input_file_ref idref="fl-f0"/>
      </object_component>
      <object_component id="oc-41b">
         <name>.text:__TI_readmsg</name>
         <load_address>0x3734</load_address>
         <run_address>0x3734</run_address>
         <size>0x34</size>
         <input_file_ref idref="fl-fe"/>
      </object_component>
      <object_component id="oc-58">
         <name>.text:_c_int00_noargs:_c_int00_noargs</name>
         <load_address>0x3768</load_address>
         <run_address>0x3768</run_address>
         <size>0x34</size>
         <input_file_ref idref="fl-e8"/>
      </object_component>
      <object_component id="oc-464">
         <name>.text:finddevice</name>
         <load_address>0x379c</load_address>
         <run_address>0x379c</run_address>
         <size>0x30</size>
         <input_file_ref idref="fl-103"/>
      </object_component>
      <object_component id="oc-14e">
         <name>.text</name>
         <load_address>0x37cc</load_address>
         <run_address>0x37cc</run_address>
         <size>0x2e</size>
         <input_file_ref idref="fl-d6"/>
      </object_component>
      <object_component id="oc-40a">
         <name>.text:unlink</name>
         <load_address>0x37fc</load_address>
         <run_address>0x37fc</run_address>
         <size>0x2c</size>
         <input_file_ref idref="fl-109"/>
      </object_component>
      <object_component id="oc-3ae">
         <name>.text:free_list_insert</name>
         <load_address>0x3828</load_address>
         <run_address>0x3828</run_address>
         <size>0x28</size>
         <input_file_ref idref="fl-e5"/>
      </object_component>
      <object_component id="oc-36b">
         <name>.text:lseek</name>
         <load_address>0x3850</load_address>
         <run_address>0x3850</run_address>
         <size>0x28</size>
         <input_file_ref idref="fl-100"/>
      </object_component>
      <object_component id="oc-2ea">
         <name>.text:write</name>
         <load_address>0x3878</load_address>
         <run_address>0x3878</run_address>
         <size>0x28</size>
         <input_file_ref idref="fl-e9"/>
      </object_component>
      <object_component id="oc-2de">
         <name>.text:memchr</name>
         <load_address>0x38a0</load_address>
         <run_address>0x38a0</run_address>
         <size>0x20</size>
         <input_file_ref idref="fl-e4"/>
      </object_component>
      <object_component id="oc-46">
         <name>.text:decompress:ZI:__TI_zero_init_nomemset:__TI_zero_init_nomemset</name>
         <load_address>0x38c0</load_address>
         <run_address>0x38c0</run_address>
         <size>0x1c</size>
         <input_file_ref idref="fl-da"/>
      </object_component>
      <object_component id="oc-3a8">
         <name>.text:free_list_remove</name>
         <load_address>0x38dc</load_address>
         <run_address>0x38dc</run_address>
         <size>0x1c</size>
         <input_file_ref idref="fl-e5"/>
      </object_component>
      <object_component id="oc-20a">
         <name>.text:memccpy</name>
         <load_address>0x38f8</load_address>
         <run_address>0x38f8</run_address>
         <size>0x1c</size>
         <input_file_ref idref="fl-e3"/>
      </object_component>
      <object_component id="oc-323">
         <name>.text:copysign</name>
         <load_address>0x3914</load_address>
         <run_address>0x3914</run_address>
         <size>0x1a</size>
         <input_file_ref idref="fl-101"/>
      </object_component>
      <object_component id="oc-47b">
         <name>.text:strcmp</name>
         <load_address>0x392e</load_address>
         <run_address>0x392e</run_address>
         <size>0x18</size>
         <input_file_ref idref="fl-104"/>
      </object_component>
      <object_component id="oc-2ad">
         <name>.text:strchr</name>
         <load_address>0x3946</load_address>
         <run_address>0x3946</run_address>
         <size>0x16</size>
         <input_file_ref idref="fl-e6"/>
      </object_component>
      <object_component id="oc-42f">
         <name>.text:strcpy</name>
         <load_address>0x395c</load_address>
         <run_address>0x395c</run_address>
         <size>0x14</size>
         <input_file_ref idref="fl-105"/>
      </object_component>
      <object_component id="oc-1db">
         <name>.text:strlen</name>
         <load_address>0x3970</load_address>
         <run_address>0x3970</run_address>
         <size>0x14</size>
         <input_file_ref idref="fl-e7"/>
      </object_component>
      <object_component id="oc-210">
         <name>.text:wcslen</name>
         <load_address>0x3984</load_address>
         <run_address>0x3984</run_address>
         <size>0x12</size>
         <input_file_ref idref="fl-ec"/>
      </object_component>
      <object_component id="oc-1d">
         <name>.text:decompress:none:__TI_decompress_none</name>
         <load_address>0x3996</load_address>
         <run_address>0x3996</run_address>
         <size>0xe</size>
         <input_file_ref idref="fl-db"/>
      </object_component>
      <object_component id="oc-6a">
         <name>.text</name>
         <load_address>0x39a4</load_address>
         <run_address>0x39a4</run_address>
         <size>0xe</size>
         <input_file_ref idref="fl-b"/>
      </object_component>
      <object_component id="oc-216">
         <name>.text:__aeabi_errno_addr</name>
         <load_address>0x39b4</load_address>
         <run_address>0x39b4</run_address>
         <size>0x8</size>
         <input_file_ref idref="fl-eb"/>
      </object_component>
      <object_component id="oc-379">
         <name>.text:malloc</name>
         <load_address>0x39bc</load_address>
         <run_address>0x39bc</run_address>
         <size>0x8</size>
         <input_file_ref idref="fl-e5"/>
      </object_component>
      <object_component id="oc-187">
         <name>.text:_outc</name>
         <load_address>0x39c4</load_address>
         <run_address>0x39c4</run_address>
         <size>0x4</size>
         <input_file_ref idref="fl-c9"/>
      </object_component>
      <object_component id="oc-181">
         <name>.text:_outs</name>
         <load_address>0x39c8</load_address>
         <run_address>0x39c8</run_address>
         <size>0x4</size>
         <input_file_ref idref="fl-c9"/>
      </object_component>
      <object_component id="oc-94">
         <name>.text:_system_pre_init</name>
         <load_address>0x39cc</load_address>
         <run_address>0x39cc</run_address>
         <size>0x4</size>
         <input_file_ref idref="fl-f4"/>
      </object_component>
      <object_component id="oc-106">
         <name>.text:abort:abort</name>
         <load_address>0x39d0</load_address>
         <run_address>0x39d0</run_address>
         <size>0x4</size>
         <input_file_ref idref="fl-dd"/>
      </object_component>
      <object_component id="oc-26a">
         <name>.const:.string:_ctypes_</name>
         <load_address>0x39d4</load_address>
         <run_address>0x39d4</run_address>
         <size>0x101</size>
         <input_file_ref idref="fl-e1"/>
      </object_component>
      <object_component id="oc-4bb">
         <name>.cinit..data.load</name>
         <load_address>0x3ad8</load_address>
         <run_address>0x3ad8</run_address>
         <size>0x70</size>
      </object_component>
      <object_component id="oc-4b9">
         <name>__TI_handler_table</name>
         <load_address>0x3b48</load_address>
         <run_address>0x3b48</run_address>
         <size>0xc</size>
      </object_component>
      <object_component id="oc-4bc">
         <name>.cinit..bss.load</name>
         <load_address>0x3b58</load_address>
         <run_address>0x3b58</run_address>
         <size>0x8</size>
      </object_component>
      <object_component id="oc-4ba">
         <name>__TI_cinit_table</name>
         <load_address>0x3b60</load_address>
         <run_address>0x3b60</run_address>
         <size>0x10</size>
      </object_component>
      <object_component id="oc-48d">
         <name>.binit</name>
         <load_address>0x0</load_address>
         <run_address>0x0</run_address>
         <size>0x0</size>
      </object_component>
      <object_component id="oc-16c">
         <name>.data</name>
         <load_address>0x200005d0</load_address>
         <run_address>0x200005d0</run_address>
         <size>0x11</size>
         <input_file_ref idref="fl-9"/>
      </object_component>
      <object_component id="oc-144">
         <name>.data</name>
         <load_address>0x20000614</load_address>
         <run_address>0x20000614</run_address>
         <size>0x4</size>
         <input_file_ref idref="fl-e"/>
      </object_component>
      <object_component id="oc-16f">
         <name>.data</name>
         <load_address>0x200005b8</load_address>
         <run_address>0x200005b8</run_address>
         <size>0x18</size>
         <input_file_ref idref="fl-f"/>
      </object_component>
      <object_component id="oc-1a0">
         <name>.data:$O1$$</name>
         <load_address>0x200005f4</load_address>
         <run_address>0x200005f4</run_address>
         <size>0xc</size>
         <input_file_ref idref="fl-dd"/>
      </object_component>
      <object_component id="oc-17b">
         <name>.data:$O1$$</name>
         <load_address>0x20000600</load_address>
         <run_address>0x20000600</run_address>
         <size>0x8</size>
         <input_file_ref idref="fl-de"/>
      </object_component>
      <object_component id="oc-17e">
         <name>.data:_ftable</name>
         <load_address>0x20000400</load_address>
         <run_address>0x20000400</run_address>
         <size>0xf0</size>
         <input_file_ref idref="fl-e2"/>
      </object_component>
      <object_component id="oc-3c2">
         <name>.data</name>
         <load_address>0x200005e4</load_address>
         <run_address>0x200005e4</run_address>
         <size>0x10</size>
         <input_file_ref idref="fl-e2"/>
      </object_component>
      <object_component id="oc-3f8">
         <name>.data:$O1$$</name>
         <load_address>0x20000608</load_address>
         <run_address>0x20000608</run_address>
         <size>0x8</size>
         <input_file_ref idref="fl-e5"/>
      </object_component>
      <object_component id="oc-392">
         <name>.data:_device</name>
         <load_address>0x200004f0</load_address>
         <run_address>0x200004f0</run_address>
         <size>0x78</size>
         <input_file_ref idref="fl-ea"/>
      </object_component>
      <object_component id="oc-351">
         <name>.data:_stream</name>
         <load_address>0x20000568</load_address>
         <run_address>0x20000568</run_address>
         <size>0x50</size>
         <input_file_ref idref="fl-ea"/>
      </object_component>
      <object_component id="oc-2bd">
         <name>.data</name>
         <load_address>0x20000610</load_address>
         <run_address>0x20000610</run_address>
         <size>0x4</size>
         <input_file_ref idref="fl-eb"/>
      </object_component>
      <object_component id="oc-446">
         <name>.bss:_CIOBUF_</name>
         <uninitialized>true</uninitialized>
         <run_address>0x20000618</run_address>
         <size>0x120</size>
         <input_file_ref idref="fl-fe"/>
      </object_component>
      <object_component id="oc-410">
         <name>.common:__TI_tmpnams</name>
         <uninitialized>true</uninitialized>
         <run_address>0x20000738</run_address>
         <size>0xa0</size>
      </object_component>
      <object_component id="oc-421">
         <name>.common:parmbuf</name>
         <uninitialized>true</uninitialized>
         <run_address>0x200007d8</run_address>
         <size>0x8</size>
      </object_component>
      <object_component id="oc-29">
         <name>.sysmem</name>
         <uninitialized>true</uninitialized>
         <run_address>0x20000000</run_address>
         <size>0x10</size>
         <input_file_ref idref="fl-e5"/>
      </object_component>
      <object_component id="oc-4bf">
         <name>.sysmem</name>
         <uninitialized>true</uninitialized>
         <run_address>0x20000000</run_address>
         <size>0x0</size>
      </object_component>
      <object_component id="oc-2c">
         <name>.stack</name>
         <uninitialized>true</uninitialized>
         <run_address>0x2000fe00</run_address>
         <size>0x4</size>
         <input_file_ref idref="fl-e8"/>
      </object_component>
      <object_component id="oc-4be">
         <name>.stack</name>
         <uninitialized>true</uninitialized>
         <run_address>0x2000fe00</run_address>
         <size>0x0</size>
      </object_component>
      <object_component id="oc-14d">
         <name>.debug_info</name>
         <load_address>0x0</load_address>
         <run_address>0x0</run_address>
         <size>0x554</size>
         <input_file_ref idref="fl-2"/>
      </object_component>
      <object_component id="oc-fc">
         <name>.debug_info</name>
         <load_address>0x554</load_address>
         <run_address>0x554</run_address>
         <size>0x171</size>
         <input_file_ref idref="fl-2"/>
      </object_component>
      <object_component id="oc-1c0">
         <name>.debug_info</name>
         <load_address>0x6c5</load_address>
         <run_address>0x6c5</run_address>
         <size>0x37e2</size>
         <input_file_ref idref="fl-2"/>
      </object_component>
      <object_component id="oc-b5">
         <name>.debug_info</name>
         <load_address>0x3ea7</load_address>
         <run_address>0x3ea7</run_address>
         <size>0x26b</size>
         <input_file_ref idref="fl-2"/>
      </object_component>
      <object_component id="oc-1c5">
         <name>.debug_info</name>
         <load_address>0x4112</load_address>
         <run_address>0x4112</run_address>
         <size>0x1055</size>
         <input_file_ref idref="fl-2"/>
      </object_component>
      <object_component id="oc-35">
         <name>.debug_info</name>
         <load_address>0x5167</load_address>
         <run_address>0x5167</run_address>
         <size>0x84</size>
         <input_file_ref idref="fl-2"/>
      </object_component>
      <object_component id="oc-148">
         <name>.debug_info</name>
         <load_address>0x51eb</load_address>
         <run_address>0x51eb</run_address>
         <size>0x2a4</size>
         <input_file_ref idref="fl-2"/>
      </object_component>
      <object_component id="oc-101">
         <name>.debug_info</name>
         <load_address>0x548f</load_address>
         <run_address>0x548f</run_address>
         <size>0xbb</size>
         <input_file_ref idref="fl-2"/>
      </object_component>
      <object_component id="oc-e3">
         <name>.debug_info</name>
         <load_address>0x554a</load_address>
         <run_address>0x554a</run_address>
         <size>0x140</size>
         <input_file_ref idref="fl-3"/>
      </object_component>
      <object_component id="oc-195">
         <name>.debug_info</name>
         <load_address>0x568a</load_address>
         <run_address>0x568a</run_address>
         <size>0x52c</size>
         <input_file_ref idref="fl-5"/>
      </object_component>
      <object_component id="oc-ef">
         <name>.debug_info</name>
         <load_address>0x5bb6</load_address>
         <run_address>0x5bb6</run_address>
         <size>0x293</size>
         <input_file_ref idref="fl-5"/>
      </object_component>
      <object_component id="oc-9d">
         <name>.debug_info</name>
         <load_address>0x5e49</load_address>
         <run_address>0x5e49</run_address>
         <size>0x6f2</size>
         <input_file_ref idref="fl-7"/>
      </object_component>
      <object_component id="oc-18f">
         <name>.debug_info</name>
         <load_address>0x653b</load_address>
         <run_address>0x653b</run_address>
         <size>0x2c</size>
         <input_file_ref idref="fl-7"/>
      </object_component>
      <object_component id="oc-19d">
         <name>.debug_info</name>
         <load_address>0x6567</load_address>
         <run_address>0x6567</run_address>
         <size>0x5b7</size>
         <input_file_ref idref="fl-8"/>
      </object_component>
      <object_component id="oc-f5">
         <name>.debug_info</name>
         <load_address>0x6b1e</load_address>
         <run_address>0x6b1e</run_address>
         <size>0x3ed</size>
         <input_file_ref idref="fl-8"/>
      </object_component>
      <object_component id="oc-16e">
         <name>.debug_info</name>
         <load_address>0x6f0b</load_address>
         <run_address>0x6f0b</run_address>
         <size>0x617</size>
         <input_file_ref idref="fl-9"/>
      </object_component>
      <object_component id="oc-d8">
         <name>.debug_info</name>
         <load_address>0x7522</load_address>
         <run_address>0x7522</run_address>
         <size>0x813</size>
         <input_file_ref idref="fl-9"/>
      </object_component>
      <object_component id="oc-24e">
         <name>.debug_info</name>
         <load_address>0x7d35</load_address>
         <run_address>0x7d35</run_address>
         <size>0x526</size>
         <input_file_ref idref="fl-a"/>
      </object_component>
      <object_component id="oc-197">
         <name>.debug_info</name>
         <load_address>0x825b</load_address>
         <run_address>0x825b</run_address>
         <size>0x78a</size>
         <input_file_ref idref="fl-a"/>
      </object_component>
      <object_component id="oc-2f6">
         <name>.debug_info</name>
         <load_address>0x89e5</load_address>
         <run_address>0x89e5</run_address>
         <size>0x37e2</size>
         <input_file_ref idref="fl-a"/>
      </object_component>
      <object_component id="oc-72">
         <name>.debug_info</name>
         <load_address>0xc1c7</load_address>
         <run_address>0xc1c7</run_address>
         <size>0x2c2</size>
         <input_file_ref idref="fl-b"/>
      </object_component>
      <object_component id="oc-27">
         <name>.debug_info</name>
         <load_address>0xc489</load_address>
         <run_address>0xc489</run_address>
         <size>0xee</size>
         <input_file_ref idref="fl-b"/>
      </object_component>
      <object_component id="oc-6d">
         <name>.debug_info</name>
         <load_address>0xc577</load_address>
         <run_address>0xc577</run_address>
         <size>0x1b5</size>
         <input_file_ref idref="fl-b"/>
      </object_component>
      <object_component id="oc-145">
         <name>.debug_info</name>
         <load_address>0xc72c</load_address>
         <run_address>0xc72c</run_address>
         <size>0xe7</size>
         <input_file_ref idref="fl-e"/>
      </object_component>
      <object_component id="oc-ae">
         <name>.debug_info</name>
         <load_address>0xc813</load_address>
         <run_address>0xc813</run_address>
         <size>0x253</size>
         <input_file_ref idref="fl-e"/>
      </object_component>
      <object_component id="oc-173">
         <name>.debug_info</name>
         <load_address>0xca66</load_address>
         <run_address>0xca66</run_address>
         <size>0x52d</size>
         <input_file_ref idref="fl-f"/>
      </object_component>
      <object_component id="oc-170">
         <name>.debug_info</name>
         <load_address>0xcf93</load_address>
         <run_address>0xcf93</run_address>
         <size>0x17f</size>
         <input_file_ref idref="fl-f"/>
      </object_component>
      <object_component id="oc-df">
         <name>.debug_info</name>
         <load_address>0xd112</load_address>
         <run_address>0xd112</run_address>
         <size>0x3e0</size>
         <input_file_ref idref="fl-f"/>
      </object_component>
      <object_component id="oc-1d6">
         <name>.debug_info</name>
         <load_address>0xd4f2</load_address>
         <run_address>0xd4f2</run_address>
         <size>0x37e2</size>
         <input_file_ref idref="fl-f"/>
      </object_component>
      <object_component id="oc-18e">
         <name>.debug_info</name>
         <load_address>0x10cd4</load_address>
         <run_address>0x10cd4</run_address>
         <size>0x3e5</size>
         <input_file_ref idref="fl-c9"/>
      </object_component>
      <object_component id="oc-189">
         <name>.debug_info</name>
         <load_address>0x110b9</load_address>
         <run_address>0x110b9</run_address>
         <size>0x157</size>
         <input_file_ref idref="fl-c9"/>
      </object_component>
      <object_component id="oc-183">
         <name>.debug_info</name>
         <load_address>0x11210</load_address>
         <run_address>0x11210</run_address>
         <size>0x166</size>
         <input_file_ref idref="fl-c9"/>
      </object_component>
      <object_component id="oc-ea">
         <name>.debug_info</name>
         <load_address>0x11376</load_address>
         <run_address>0x11376</run_address>
         <size>0x1ac</size>
         <input_file_ref idref="fl-c9"/>
      </object_component>
      <object_component id="oc-246">
         <name>.debug_info</name>
         <load_address>0x11522</load_address>
         <run_address>0x11522</run_address>
         <size>0xb2</size>
         <input_file_ref idref="fl-c9"/>
      </object_component>
      <object_component id="oc-21d">
         <name>.debug_info</name>
         <load_address>0x115d4</load_address>
         <run_address>0x115d4</run_address>
         <size>0x590</size>
         <input_file_ref idref="fl-ca"/>
      </object_component>
      <object_component id="oc-1e9">
         <name>.debug_info</name>
         <load_address>0x11b64</load_address>
         <run_address>0x11b64</run_address>
         <size>0x21e</size>
         <input_file_ref idref="fl-ca"/>
      </object_component>
      <object_component id="oc-287">
         <name>.debug_info</name>
         <load_address>0x11d82</load_address>
         <run_address>0x11d82</run_address>
         <size>0x1b3</size>
         <input_file_ref idref="fl-ca"/>
      </object_component>
      <object_component id="oc-28e">
         <name>.debug_info</name>
         <load_address>0x11f35</load_address>
         <run_address>0x11f35</run_address>
         <size>0x21b</size>
         <input_file_ref idref="fl-ca"/>
      </object_component>
      <object_component id="oc-1f4">
         <name>.debug_info</name>
         <load_address>0x12150</load_address>
         <run_address>0x12150</run_address>
         <size>0x3c0</size>
         <input_file_ref idref="fl-ca"/>
      </object_component>
      <object_component id="oc-294">
         <name>.debug_info</name>
         <load_address>0x12510</load_address>
         <run_address>0x12510</run_address>
         <size>0x30a</size>
         <input_file_ref idref="fl-ca"/>
      </object_component>
      <object_component id="oc-29b">
         <name>.debug_info</name>
         <load_address>0x1281a</load_address>
         <run_address>0x1281a</run_address>
         <size>0x215</size>
         <input_file_ref idref="fl-ca"/>
      </object_component>
      <object_component id="oc-1fa">
         <name>.debug_info</name>
         <load_address>0x12a2f</load_address>
         <run_address>0x12a2f</run_address>
         <size>0x215</size>
         <input_file_ref idref="fl-ca"/>
      </object_component>
      <object_component id="oc-200">
         <name>.debug_info</name>
         <load_address>0x12c44</load_address>
         <run_address>0x12c44</run_address>
         <size>0x304</size>
         <input_file_ref idref="fl-ca"/>
      </object_component>
      <object_component id="oc-205">
         <name>.debug_info</name>
         <load_address>0x12f48</load_address>
         <run_address>0x12f48</run_address>
         <size>0x4b5</size>
         <input_file_ref idref="fl-ca"/>
      </object_component>
      <object_component id="oc-176">
         <name>.debug_info</name>
         <load_address>0x133fd</load_address>
         <run_address>0x133fd</run_address>
         <size>0x5f4</size>
         <input_file_ref idref="fl-ca"/>
      </object_component>
      <object_component id="oc-21e">
         <name>.debug_info</name>
         <load_address>0x139f1</load_address>
         <run_address>0x139f1</run_address>
         <size>0x86</size>
         <input_file_ref idref="fl-ca"/>
      </object_component>
      <object_component id="oc-2c9">
         <name>.debug_info</name>
         <load_address>0x13a77</load_address>
         <run_address>0x13a77</run_address>
         <size>0x39</size>
         <input_file_ref idref="fl-ca"/>
      </object_component>
      <object_component id="oc-33a">
         <name>.debug_info</name>
         <load_address>0x13ab0</load_address>
         <run_address>0x13ab0</run_address>
         <size>0xb6</size>
         <input_file_ref idref="fl-ca"/>
      </object_component>
      <object_component id="oc-2ce">
         <name>.debug_info</name>
         <load_address>0x13b66</load_address>
         <run_address>0x13b66</run_address>
         <size>0x46</size>
         <input_file_ref idref="fl-ca"/>
      </object_component>
      <object_component id="oc-223">
         <name>.debug_info</name>
         <load_address>0x13bac</load_address>
         <run_address>0x13bac</run_address>
         <size>0x46</size>
         <input_file_ref idref="fl-ca"/>
      </object_component>
      <object_component id="oc-2c4">
         <name>.debug_info</name>
         <load_address>0x13bf2</load_address>
         <run_address>0x13bf2</run_address>
         <size>0x2c</size>
         <input_file_ref idref="fl-ca"/>
      </object_component>
      <object_component id="oc-2f3">
         <name>.debug_info</name>
         <load_address>0x13c1e</load_address>
         <run_address>0x13c1e</run_address>
         <size>0x383</size>
         <input_file_ref idref="fl-cb"/>
      </object_component>
      <object_component id="oc-241">
         <name>.debug_info</name>
         <load_address>0x13fa1</load_address>
         <run_address>0x13fa1</run_address>
         <size>0x1ea</size>
         <input_file_ref idref="fl-cb"/>
      </object_component>
      <object_component id="oc-2f1">
         <name>.debug_info</name>
         <load_address>0x1418b</load_address>
         <run_address>0x1418b</run_address>
         <size>0x3fc</size>
         <input_file_ref idref="fl-cc"/>
      </object_component>
      <object_component id="oc-237">
         <name>.debug_info</name>
         <load_address>0x14587</load_address>
         <run_address>0x14587</run_address>
         <size>0x2e2</size>
         <input_file_ref idref="fl-cc"/>
      </object_component>
      <object_component id="oc-cd">
         <name>.debug_info</name>
         <load_address>0x14869</load_address>
         <run_address>0x14869</run_address>
         <size>0x2c</size>
         <input_file_ref idref="fl-cc"/>
      </object_component>
      <object_component id="oc-34c">
         <name>.debug_info</name>
         <load_address>0x14895</load_address>
         <run_address>0x14895</run_address>
         <size>0x300</size>
         <input_file_ref idref="fl-cd"/>
      </object_component>
      <object_component id="oc-2d9">
         <name>.debug_info</name>
         <load_address>0x14b95</load_address>
         <run_address>0x14b95</run_address>
         <size>0x19c</size>
         <input_file_ref idref="fl-cd"/>
      </object_component>
      <object_component id="oc-387">
         <name>.debug_info</name>
         <load_address>0x14d31</load_address>
         <run_address>0x14d31</run_address>
         <size>0xbf</size>
         <input_file_ref idref="fl-cd"/>
      </object_component>
      <object_component id="oc-386">
         <name>.debug_info</name>
         <load_address>0x14df0</load_address>
         <run_address>0x14df0</run_address>
         <size>0x374</size>
         <input_file_ref idref="fl-ce"/>
      </object_component>
      <object_component id="oc-349">
         <name>.debug_info</name>
         <load_address>0x15164</load_address>
         <run_address>0x15164</run_address>
         <size>0x20b</size>
         <input_file_ref idref="fl-ce"/>
      </object_component>
      <object_component id="oc-156">
         <name>.debug_info</name>
         <load_address>0x1536f</load_address>
         <run_address>0x1536f</run_address>
         <size>0x14c</size>
         <input_file_ref idref="fl-cf"/>
      </object_component>
      <object_component id="oc-1f0">
         <name>.debug_info</name>
         <load_address>0x154bb</load_address>
         <run_address>0x154bb</run_address>
         <size>0x128</size>
         <input_file_ref idref="fl-d0"/>
      </object_component>
      <object_component id="oc-27d">
         <name>.debug_info</name>
         <load_address>0x155e3</load_address>
         <run_address>0x155e3</run_address>
         <size>0x12a</size>
         <input_file_ref idref="fl-d0"/>
      </object_component>
      <object_component id="oc-278">
         <name>.debug_info</name>
         <load_address>0x1570d</load_address>
         <run_address>0x1570d</run_address>
         <size>0x13a</size>
         <input_file_ref idref="fl-d1"/>
      </object_component>
      <object_component id="oc-15b">
         <name>.debug_info</name>
         <load_address>0x15847</load_address>
         <run_address>0x15847</run_address>
         <size>0x13a</size>
         <input_file_ref idref="fl-d2"/>
      </object_component>
      <object_component id="oc-16a">
         <name>.debug_info</name>
         <load_address>0x15981</load_address>
         <run_address>0x15981</run_address>
         <size>0x12e</size>
         <input_file_ref idref="fl-d3"/>
      </object_component>
      <object_component id="oc-15f">
         <name>.debug_info</name>
         <load_address>0x15aaf</load_address>
         <run_address>0x15aaf</run_address>
         <size>0x13e</size>
         <input_file_ref idref="fl-d4"/>
      </object_component>
      <object_component id="oc-164">
         <name>.debug_info</name>
         <load_address>0x15bed</load_address>
         <run_address>0x15bed</run_address>
         <size>0x12c</size>
         <input_file_ref idref="fl-d5"/>
      </object_component>
      <object_component id="oc-151">
         <name>.debug_info</name>
         <load_address>0x15d19</load_address>
         <run_address>0x15d19</run_address>
         <size>0x12c</size>
         <input_file_ref idref="fl-d6"/>
      </object_component>
      <object_component id="oc-3d">
         <name>.debug_info</name>
         <load_address>0x15e45</load_address>
         <run_address>0x15e45</run_address>
         <size>0x119</size>
         <input_file_ref idref="fl-d7"/>
      </object_component>
      <object_component id="oc-90">
         <name>.debug_info</name>
         <load_address>0x15f5e</load_address>
         <run_address>0x15f5e</run_address>
         <size>0x147</size>
         <input_file_ref idref="fl-d8"/>
      </object_component>
      <object_component id="oc-270">
         <name>.debug_info</name>
         <load_address>0x160a5</load_address>
         <run_address>0x160a5</run_address>
         <size>0x134</size>
         <input_file_ref idref="fl-d9"/>
      </object_component>
      <object_component id="oc-8d">
         <name>.debug_info</name>
         <load_address>0x161d9</load_address>
         <run_address>0x161d9</run_address>
         <size>0x2d4</size>
         <input_file_ref idref="fl-da"/>
      </object_component>
      <object_component id="oc-4a">
         <name>.debug_info</name>
         <load_address>0x164ad</load_address>
         <run_address>0x164ad</run_address>
         <size>0x1d2</size>
         <input_file_ref idref="fl-da"/>
      </object_component>
      <object_component id="oc-88">
         <name>.debug_info</name>
         <load_address>0x1667f</load_address>
         <run_address>0x1667f</run_address>
         <size>0x46</size>
         <input_file_ref idref="fl-da"/>
      </object_component>
      <object_component id="oc-45">
         <name>.debug_info</name>
         <load_address>0x166c5</load_address>
         <run_address>0x166c5</run_address>
         <size>0x2a8</size>
         <input_file_ref idref="fl-db"/>
      </object_component>
      <object_component id="oc-20">
         <name>.debug_info</name>
         <load_address>0x1696d</load_address>
         <run_address>0x1696d</run_address>
         <size>0x1ea</size>
         <input_file_ref idref="fl-db"/>
      </object_component>
      <object_component id="oc-40">
         <name>.debug_info</name>
         <load_address>0x16b57</load_address>
         <run_address>0x16b57</run_address>
         <size>0x46</size>
         <input_file_ref idref="fl-db"/>
      </object_component>
      <object_component id="oc-80">
         <name>.debug_info</name>
         <load_address>0x16b9d</load_address>
         <run_address>0x16b9d</run_address>
         <size>0x2c</size>
         <input_file_ref idref="fl-db"/>
      </object_component>
      <object_component id="oc-7e">
         <name>.debug_info</name>
         <load_address>0x16bc9</load_address>
         <run_address>0x16bc9</run_address>
         <size>0x29e</size>
         <input_file_ref idref="fl-dc"/>
      </object_component>
      <object_component id="oc-18">
         <name>.debug_info</name>
         <load_address>0x16e67</load_address>
         <run_address>0x16e67</run_address>
         <size>0x250</size>
         <input_file_ref idref="fl-dc"/>
      </object_component>
      <object_component id="oc-30">
         <name>.debug_info</name>
         <load_address>0x170b7</load_address>
         <run_address>0x170b7</run_address>
         <size>0x60</size>
         <input_file_ref idref="fl-dc"/>
      </object_component>
      <object_component id="oc-c6">
         <name>.debug_info</name>
         <load_address>0x17117</load_address>
         <run_address>0x17117</run_address>
         <size>0x46</size>
         <input_file_ref idref="fl-dc"/>
      </object_component>
      <object_component id="oc-79">
         <name>.debug_info</name>
         <load_address>0x1715d</load_address>
         <run_address>0x1715d</run_address>
         <size>0x39</size>
         <input_file_ref idref="fl-dc"/>
      </object_component>
      <object_component id="oc-1a4">
         <name>.debug_info</name>
         <load_address>0x17196</load_address>
         <run_address>0x17196</run_address>
         <size>0x3ad</size>
         <input_file_ref idref="fl-dd"/>
      </object_component>
      <object_component id="oc-1a1">
         <name>.debug_info</name>
         <load_address>0x17543</load_address>
         <run_address>0x17543</run_address>
         <size>0x190</size>
         <input_file_ref idref="fl-dd"/>
      </object_component>
      <object_component id="oc-10a">
         <name>.debug_info</name>
         <load_address>0x176d3</load_address>
         <run_address>0x176d3</run_address>
         <size>0x122</size>
         <input_file_ref idref="fl-dd"/>
      </object_component>
      <object_component id="oc-10f">
         <name>.debug_info</name>
         <load_address>0x177f5</load_address>
         <run_address>0x177f5</run_address>
         <size>0x184</size>
         <input_file_ref idref="fl-dd"/>
      </object_component>
      <object_component id="oc-230">
         <name>.debug_info</name>
         <load_address>0x17979</load_address>
         <run_address>0x17979</run_address>
         <size>0x2c9</size>
         <input_file_ref idref="fl-de"/>
      </object_component>
      <object_component id="oc-17c">
         <name>.debug_info</name>
         <load_address>0x17c42</load_address>
         <run_address>0x17c42</run_address>
         <size>0x11e</size>
         <input_file_ref idref="fl-de"/>
      </object_component>
      <object_component id="oc-22c">
         <name>.debug_info</name>
         <load_address>0x17d60</load_address>
         <run_address>0x17d60</run_address>
         <size>0x12e</size>
         <input_file_ref idref="fl-de"/>
      </object_component>
      <object_component id="oc-317">
         <name>.debug_info</name>
         <load_address>0x17e8e</load_address>
         <run_address>0x17e8e</run_address>
         <size>0x29c</size>
         <input_file_ref idref="fl-df"/>
      </object_component>
      <object_component id="oc-283">
         <name>.debug_info</name>
         <load_address>0x1812a</load_address>
         <run_address>0x1812a</run_address>
         <size>0x1da</size>
         <input_file_ref idref="fl-df"/>
      </object_component>
      <object_component id="oc-26e">
         <name>.debug_info</name>
         <load_address>0x18304</load_address>
         <run_address>0x18304</run_address>
         <size>0x2b9</size>
         <input_file_ref idref="fl-e0"/>
      </object_component>
      <object_component id="oc-1e2">
         <name>.debug_info</name>
         <load_address>0x185bd</load_address>
         <run_address>0x185bd</run_address>
         <size>0x17c</size>
         <input_file_ref idref="fl-e0"/>
      </object_component>
      <object_component id="oc-30b">
         <name>.debug_info</name>
         <load_address>0x18739</load_address>
         <run_address>0x18739</run_address>
         <size>0xf9</size>
         <input_file_ref idref="fl-e1"/>
      </object_component>
      <object_component id="oc-26b">
         <name>.debug_info</name>
         <load_address>0x18832</load_address>
         <run_address>0x18832</run_address>
         <size>0x105</size>
         <input_file_ref idref="fl-e1"/>
      </object_component>
      <object_component id="oc-234">
         <name>.debug_info</name>
         <load_address>0x18937</load_address>
         <run_address>0x18937</run_address>
         <size>0x144</size>
         <input_file_ref idref="fl-e2"/>
      </object_component>
      <object_component id="oc-17f">
         <name>.debug_info</name>
         <load_address>0x18a7b</load_address>
         <run_address>0x18a7b</run_address>
         <size>0x102</size>
         <input_file_ref idref="fl-e2"/>
      </object_component>
      <object_component id="oc-3c3">
         <name>.debug_info</name>
         <load_address>0x18b7d</load_address>
         <run_address>0x18b7d</run_address>
         <size>0x18f</size>
         <input_file_ref idref="fl-e2"/>
      </object_component>
      <object_component id="oc-2b5">
         <name>.debug_info</name>
         <load_address>0x18d0c</load_address>
         <run_address>0x18d0c</run_address>
         <size>0x2a7</size>
         <input_file_ref idref="fl-e3"/>
      </object_component>
      <object_component id="oc-20b">
         <name>.debug_info</name>
         <load_address>0x18fb3</load_address>
         <run_address>0x18fb3</run_address>
         <size>0x1b8</size>
         <input_file_ref idref="fl-e3"/>
      </object_component>
      <object_component id="oc-34e">
         <name>.debug_info</name>
         <load_address>0x1916b</load_address>
         <run_address>0x1916b</run_address>
         <size>0x2a5</size>
         <input_file_ref idref="fl-e4"/>
      </object_component>
      <object_component id="oc-2e0">
         <name>.debug_info</name>
         <load_address>0x19410</load_address>
         <run_address>0x19410</run_address>
         <size>0x25d</size>
         <input_file_ref idref="fl-e4"/>
      </object_component>
      <object_component id="oc-75">
         <name>.debug_info</name>
         <load_address>0x1966d</load_address>
         <run_address>0x1966d</run_address>
         <size>0x3b2</size>
         <input_file_ref idref="fl-e5"/>
      </object_component>
      <object_component id="oc-2a">
         <name>.debug_info</name>
         <load_address>0x19a1f</load_address>
         <run_address>0x19a1f</run_address>
         <size>0x10c</size>
         <input_file_ref idref="fl-e5"/>
      </object_component>
      <object_component id="oc-3f9">
         <name>.debug_info</name>
         <load_address>0x19b2b</load_address>
         <run_address>0x19b2b</run_address>
         <size>0x13f</size>
         <input_file_ref idref="fl-e5"/>
      </object_component>
      <object_component id="oc-37a">
         <name>.debug_info</name>
         <load_address>0x19c6a</load_address>
         <run_address>0x19c6a</run_address>
         <size>0x168</size>
         <input_file_ref idref="fl-e5"/>
      </object_component>
      <object_component id="oc-3a9">
         <name>.debug_info</name>
         <load_address>0x19dd2</load_address>
         <run_address>0x19dd2</run_address>
         <size>0x18e</size>
         <input_file_ref idref="fl-e5"/>
      </object_component>
      <object_component id="oc-3b0">
         <name>.debug_info</name>
         <load_address>0x19f60</load_address>
         <run_address>0x19f60</run_address>
         <size>0x19f</size>
         <input_file_ref idref="fl-e5"/>
      </object_component>
      <object_component id="oc-375">
         <name>.debug_info</name>
         <load_address>0x1a0ff</load_address>
         <run_address>0x1a0ff</run_address>
         <size>0x203</size>
         <input_file_ref idref="fl-e5"/>
      </object_component>
      <object_component id="oc-3ff">
         <name>.debug_info</name>
         <load_address>0x1a302</load_address>
         <run_address>0x1a302</run_address>
         <size>0x1db</size>
         <input_file_ref idref="fl-e5"/>
      </object_component>
      <object_component id="oc-3b6">
         <name>.debug_info</name>
         <load_address>0x1a4dd</load_address>
         <run_address>0x1a4dd</run_address>
         <size>0x299</size>
         <input_file_ref idref="fl-e5"/>
      </object_component>
      <object_component id="oc-c1">
         <name>.debug_info</name>
         <load_address>0x1a776</load_address>
         <run_address>0x1a776</run_address>
         <size>0xb2</size>
         <input_file_ref idref="fl-e5"/>
      </object_component>
      <object_component id="oc-bc">
         <name>.debug_info</name>
         <load_address>0x1a828</load_address>
         <run_address>0x1a828</run_address>
         <size>0x2c</size>
         <input_file_ref idref="fl-e5"/>
      </object_component>
      <object_component id="oc-32c">
         <name>.debug_info</name>
         <load_address>0x1a854</load_address>
         <run_address>0x1a854</run_address>
         <size>0x29a</size>
         <input_file_ref idref="fl-e6"/>
      </object_component>
      <object_component id="oc-2ae">
         <name>.debug_info</name>
         <load_address>0x1aaee</load_address>
         <run_address>0x1aaee</run_address>
         <size>0x262</size>
         <input_file_ref idref="fl-e6"/>
      </object_component>
      <object_component id="oc-269">
         <name>.debug_info</name>
         <load_address>0x1ad50</load_address>
         <run_address>0x1ad50</run_address>
         <size>0x28f</size>
         <input_file_ref idref="fl-e7"/>
      </object_component>
      <object_component id="oc-1df">
         <name>.debug_info</name>
         <load_address>0x1afdf</load_address>
         <run_address>0x1afdf</run_address>
         <size>0x245</size>
         <input_file_ref idref="fl-e7"/>
      </object_component>
      <object_component id="oc-2d">
         <name>.debug_info</name>
         <load_address>0x1b224</load_address>
         <run_address>0x1b224</run_address>
         <size>0x10b</size>
         <input_file_ref idref="fl-e8"/>
      </object_component>
      <object_component id="oc-5c">
         <name>.debug_info</name>
         <load_address>0x1b32f</load_address>
         <run_address>0x1b32f</run_address>
         <size>0x1a9</size>
         <input_file_ref idref="fl-e8"/>
      </object_component>
      <object_component id="oc-355">
         <name>.debug_info</name>
         <load_address>0x1b4d8</load_address>
         <run_address>0x1b4d8</run_address>
         <size>0x397</size>
         <input_file_ref idref="fl-e9"/>
      </object_component>
      <object_component id="oc-2ec">
         <name>.debug_info</name>
         <load_address>0x1b86f</load_address>
         <run_address>0x1b86f</run_address>
         <size>0x18f</size>
         <input_file_ref idref="fl-e9"/>
      </object_component>
      <object_component id="oc-39a">
         <name>.debug_info</name>
         <load_address>0x1b9fe</load_address>
         <run_address>0x1b9fe</run_address>
         <size>0x120</size>
         <input_file_ref idref="fl-e9"/>
      </object_component>
      <object_component id="oc-39f">
         <name>.debug_info</name>
         <load_address>0x1bb1e</load_address>
         <run_address>0x1bb1e</run_address>
         <size>0x2c</size>
[...]
      </symbol>
      <symbol id="sm-456">
         <name>__aeabi_d2f</name>
         <value>0x2dff</value>
         <object_component_ref idref="oc-15d"/>
      </symbol>
      <symbol id="sm-461">
         <name>__aeabi_f2d</name>
         <value>0x3691</value>
         <object_component_ref idref="oc-162"/>
      </symbol>
      <symbol id="sm-46b">
         <name>__aeabi_i2d</name>
         <value>0x37cd</value>
         <object_component_ref idref="oc-14e"/>
      </symbol>
      <symbol id="sm-486">
         <name>memcpy</name>
         <value>0x28e9</value>
         <object_component_ref idref="oc-3a"/>
      </symbol>
      <symbol id="sm-487">
         <name>__aeabi_memcpy</name>
         <value>0x28e9</value>
         <object_component_ref idref="oc-3a"/>
      </symbol>
      <symbol id="sm-488">
         <name>__aeabi_memcpy8</name>
         <value>0x28e9</value>
         <object_component_ref idref="oc-3a"/>
      </symbol>
      <symbol id="sm-489">
         <name>__aeabi_memcpy4</name>
         <value>0x28e9</value>
         <object_component_ref idref="oc-3a"/>
      </symbol>
      <symbol id="sm-498">
         <name>__aeabi_memset</name>
         <value>0x2c33</value>
         <object_component_ref idref="oc-8e"/>
      </symbol>
      <symbol id="sm-499">
         <name>memset</name>
         <value>0x2c39</value>
         <object_component_ref idref="oc-8e"/>
      </symbol>
      <symbol id="sm-49a">
         <name>__aeabi_memset8</name>
         <value>0x2c33</value>
         <object_component_ref idref="oc-8e"/>
      </symbol>
      <symbol id="sm-49b">
         <name>__aeabi_memset4</name>
         <value>0x2c33</value>
         <object_component_ref idref="oc-8e"/>
      </symbol>
      <symbol id="sm-49c">
         <name>__aeabi_memclr8</name>
         <value>0x2c31</value>
         <object_component_ref idref="oc-8e"/>
      </symbol>
      <symbol id="sm-49d">
         <name>__aeabi_memclr4</name>
         <value>0x2c31</value>
         <object_component_ref idref="oc-8e"/>
      </symbol>
      <symbol id="sm-49e">
         <name>__aeabi_memclr</name>
         <value>0x2c31</value>
         <object_component_ref idref="oc-8e"/>
      </symbol>
      <symbol id="sm-4ab">
         <name>__aeabi_uldivmod</name>
         <value>0x2985</value>
         <object_component_ref idref="oc-26f"/>
      </symbol>
      <symbol id="sm-4bf">
         <name>__TI_zero_init_nomemset</name>
         <value>0x38c1</value>
         <object_component_ref idref="oc-46"/>
      </symbol>
      <symbol id="sm-4d6">
         <name>__TI_decompress_none</name>
         <value>0x3997</value>
         <object_component_ref idref="oc-1d"/>
      </symbol>
      <symbol id="sm-4f9">
         <name>__TI_decompress_lzss</name>
         <value>0x2f41</value>
         <object_component_ref idref="oc-17"/>
      </symbol>
      <symbol id="sm-51f">
         <name>C$$EXIT</name>
         <value>0x39d1</value>
         <object_component_ref idref="oc-106"/>
      </symbol>
      <symbol id="sm-520">
         <name>abort</name>
         <value>0x39d1</value>
         <object_component_ref idref="oc-106"/>
      </symbol>
      <symbol id="sm-521">
         <name>__TI_dtors_ptr</name>
         <value>0x200005f8</value>
         <object_component_ref idref="oc-1a0"/>
      </symbol>
      <symbol id="sm-522">
         <name>__TI_cleanup_ptr</name>
         <value>0x200005f4</value>
         <object_component_ref idref="oc-1a0"/>
      </symbol>
      <symbol id="sm-523">
         <name>__TI_enable_exit_profile_output</name>
         <value>0x200005fc</value>
         <object_component_ref idref="oc-1a0"/>
      </symbol>
      <symbol id="sm-524">
         <name>exit</name>
         <value>0x343d</value>
         <object_component_ref idref="oc-10c"/>
      </symbol>
      <symbol id="sm-539">
         <name>_nop</name>
         <value>0xb33</value>
         <object_component_ref idref="oc-228"/>
      </symbol>
      <symbol id="sm-53a">
         <name>_lock</name>
         <value>0x20000600</value>
         <object_component_ref idref="oc-17b"/>
      </symbol>
      <symbol id="sm-53b">
         <name>_unlock</name>
         <value>0x20000604</value>
         <object_component_ref idref="oc-17b"/>
      </symbol>
      <symbol id="sm-54a">
         <name>__TI_ltoa</name>
         <value>0x32ff</value>
         <object_component_ref idref="oc-280"/>
      </symbol>
      <symbol id="sm-560">
         <name>atoi</name>
         <value>0x33f1</value>
         <object_component_ref idref="oc-1e1"/>
      </symbol>
      <symbol id="sm-56b">
         <name>_ctypes_</name>
         <value>0x39d4</value>
         <object_component_ref idref="oc-26a"/>
      </symbol>
      <symbol id="sm-580">
         <name>__TI_tmpnams</name>
         <value>0x20000738</value>
      </symbol>
      <symbol id="sm-581">
         <name>__aeabi_stdout</name>
         <value>0x200005ec</value>
         <object_component_ref idref="oc-3c2"/>
      </symbol>
      <symbol id="sm-582">
         <name>__aeabi_stderr</name>
         <value>0x200005f0</value>
         <object_component_ref idref="oc-3c2"/>
      </symbol>
      <symbol id="sm-583">
         <name>__aeabi_stdin</name>
         <value>0x200005e8</value>
         <object_component_ref idref="oc-3c2"/>
      </symbol>
      <symbol id="sm-584">
         <name>_ftable</name>
         <value>0x20000400</value>
         <object_component_ref idref="oc-17e"/>
      </symbol>
      <symbol id="sm-585">
         <name>__TI_ft_end</name>
         <value>0x200005e4</value>
         <object_component_ref idref="oc-3c2"/>
      </symbol>
      <symbol id="sm-595">
         <name>memccpy</name>
         <value>0x38f9</value>
         <object_component_ref idref="oc-20a"/>
      </symbol>
      <symbol id="sm-5a5">
         <name>memchr</name>
         <value>0x38a1</value>
         <object_component_ref idref="oc-2de"/>
      </symbol>
      <symbol id="sm-62e">
         <name>_sys_memory</name>
         <value>0x20000000</value>
         <object_component_ref idref="oc-29"/>
      </symbol>
      <symbol id="sm-62f">
         <name>free</name>
         <value>0x25d9</value>
         <object_component_ref idref="oc-373"/>
      </symbol>
      <symbol id="sm-630">
         <name>memalign</name>
         <value>0x23dd</value>
         <object_component_ref idref="oc-3b5"/>
      </symbol>
      <symbol id="sm-631">
         <name>malloc</name>
         <value>0x39bd</value>
         <object_component_ref idref="oc-379"/>
      </symbol>
      <symbol id="sm-632">
         <name>aligned_alloc</name>
         <value>0x23dd</value>
         <object_component_ref idref="oc-3b5"/>
      </symbol>
      <symbol id="sm-642">
         <name>strchr</name>
         <value>0x3947</value>
         <object_component_ref idref="oc-2ad"/>
      </symbol>
      <symbol id="sm-650">
         <name>strlen</name>
         <value>0x3971</value>
         <object_component_ref idref="oc-1db"/>
      </symbol>
      <symbol id="sm-663">
         <name>__stack</name>
         <value>0x2000fe00</value>
         <object_component_ref idref="oc-2c"/>
      </symbol>
      <symbol id="sm-664">
         <name>_c_int00_noargs</name>
         <value>0x3769</value>
         <object_component_ref idref="oc-58"/>
      </symbol>
      <symbol id="sm-67e">
         <name>write</name>
         <value>0x3879</value>
         <object_component_ref idref="oc-2ea"/>
      </symbol>
      <symbol id="sm-68f">
         <name>_stream</name>
         <value>0x20000568</value>
         <object_component_ref idref="oc-351"/>
      </symbol>
      <symbol id="sm-690">
         <name>_device</name>
         <value>0x200004f0</value>
         <object_component_ref idref="oc-392"/>
      </symbol>
      <symbol id="sm-6a6">
         <name>__aeabi_errno_addr</name>
         <value>0x39b5</value>
         <object_component_ref idref="oc-216"/>
      </symbol>
      <symbol id="sm-6a7">
         <name>errno</name>
         <value>0x20000610</value>
         <object_component_ref idref="oc-2bd"/>
      </symbol>
      <symbol id="sm-6c0">
         <name>wcslen</name>
         <value>0x3985</value>
         <object_component_ref idref="oc-210"/>
      </symbol>
      <symbol id="sm-6e0">
         <name>frexpl</name>
         <value>0x3011</value>
         <object_component_ref idref="oc-2a1"/>
      </symbol>
      <symbol id="sm-6e1">
         <name>frexp</name>
         <value>0x3011</value>
         <object_component_ref idref="oc-2a1"/>
      </symbol>
      <symbol id="sm-6fe">
         <name>scalbn</name>
         <value>0x22cd</value>
         <object_component_ref idref="oc-2a7"/>
      </symbol>
      <symbol id="sm-6ff">
         <name>scalbnl</name>
         <value>0x22cd</value>
         <object_component_ref idref="oc-2a7"/>
      </symbol>
      <symbol id="sm-700">
         <name>ldexpl</name>
         <value>0x22cd</value>
         <object_component_ref idref="oc-2a7"/>
      </symbol>
      <symbol id="sm-701">
         <name>ldexp</name>
         <value>0x22cd</value>
         <object_component_ref idref="oc-2a7"/>
      </symbol>
      <symbol id="sm-711">
         <name>__TI_doflush</name>
         <value>0x33a5</value>
         <object_component_ref idref="oc-2e4"/>
      </symbol>
      <symbol id="sm-721">
         <name>__TI_cleanup</name>
         <value>0x3701</value>
         <object_component_ref idref="oc-37f"/>
      </symbol>
      <symbol id="sm-733">
         <name>fseek</name>
         <value>0x3075</value>
         <object_component_ref idref="oc-33f"/>
      </symbol>
      <symbol id="sm-73d">
         <name>__aeabi_idiv0</name>
         <value>0x154b</value>
         <object_component_ref idref="oc-30e"/>
      </symbol>
      <symbol id="sm-73e">
         <name>__aeabi_ldiv0</name>
         <value>0x154b</value>
         <object_component_ref idref="oc-30e"/>
      </symbol>
      <symbol id="sm-766">
         <name>__TI_auto_init_nobinit_nopinit</name>
         <value>0x3555</value>
         <object_component_ref idref="oc-112"/>
      </symbol>
      <symbol id="sm-770">
         <name>_system_pre_init</name>
         <value>0x39cd</value>
         <object_component_ref idref="oc-94"/>
      </symbol>
      <symbol id="sm-783">
         <name>HOSTclose</name>
         <value>0x34cd</value>
         <object_component_ref idref="oc-3ce"/>
      </symbol>
      <symbol id="sm-794">
         <name>HOSTlseek</name>
         <value>0x2ed9</value>
         <object_component_ref idref="oc-3e0"/>
      </symbol>
      <symbol id="sm-7a6">
         <name>parmbuf</name>
         <value>0x200007d8</value>
      </symbol>
      <symbol id="sm-7a7">
         <name>HOSTopen</name>
         <value>0x313d</value>
         <object_component_ref idref="oc-3c8"/>
      </symbol>
      <symbol id="sm-7b8">
         <name>HOSTread</name>
         <value>0x31f9</value>
         <object_component_ref idref="oc-3d4"/>
      </symbol>
      <symbol id="sm-7c9">
         <name>HOSTrename</name>
         <value>0x2e6d</value>
         <object_component_ref idref="oc-3ec"/>
      </symbol>
      <symbol id="sm-7da">
         <name>HOSTunlink</name>
         <value>0x3511</value>
         <object_component_ref idref="oc-3e6"/>
      </symbol>
      <symbol id="sm-7eb">
         <name>HOSTwrite</name>
         <value>0x3251</value>
         <object_component_ref idref="oc-3da"/>
      </symbol>
      <symbol id="sm-80f">
         <name>__TI_readmsg</name>
         <value>0x3735</value>
         <object_component_ref idref="oc-41b"/>
      </symbol>
      <symbol id="sm-810">
         <name>C$$IO$$</name>
         <value>0x3687</value>
         <object_component_ref idref="oc-415"/>
      </symbol>
      <symbol id="sm-811">
         <name>__CIOBUF_</name>
         <value>0x20000618</value>
         <object_component_ref idref="oc-446"/>
      </symbol>
      <symbol id="sm-812">
         <name>__TI_writemsg</name>
         <value>0x3659</value>
         <object_component_ref idref="oc-415"/>
      </symbol>
      <symbol id="sm-823">
         <name>lseek</name>
         <value>0x3851</value>
         <object_component_ref idref="oc-36b"/>
      </symbol>
      <symbol id="sm-82d">
         <name>copysign</name>
         <value>0x3915</value>
         <object_component_ref idref="oc-323"/>
      </symbol>
      <symbol id="sm-82e">
         <name>copysignl</name>
         <value>0x3915</value>
         <object_component_ref idref="oc-323"/>
      </symbol>
      <symbol id="sm-843">
         <name>__TI_closefile</name>
         <value>0x2cad</value>
         <object_component_ref idref="oc-3bc"/>
      </symbol>
      <symbol id="sm-866">
         <name>finddevice</name>
         <value>0x379d</value>
         <object_component_ref idref="oc-464"/>
      </symbol>
      <symbol id="sm-867">
         <name>getdevice</name>
         <value>0x3599</value>
         <object_component_ref idref="oc-43c"/>
      </symbol>
      <symbol id="sm-876">
         <name>strcmp</name>
         <value>0x392f</value>
         <object_component_ref idref="oc-47b"/>
      </symbol>
      <symbol id="sm-884">
         <name>strcpy</name>
         <value>0x395d</value>
         <object_component_ref idref="oc-42f"/>
      </symbol>
      <symbol id="sm-894">
         <name>strncpy</name>
         <value>0x36c9</value>
         <object_component_ref idref="oc-45e"/>
      </symbol>
      <symbol id="sm-8a9">
         <name>close</name>
         <value>0x319d</value>
         <object_component_ref idref="oc-404"/>
      </symbol>
      <symbol id="sm-8b9">
         <name>unlink</name>
         <value>0x37fd</value>
         <object_component_ref idref="oc-40a"/>
      </symbol>
      <symbol id="sm-8ba">
         <name>__TI_static_base__</name>
         <value>0x0</value>
      </symbol>
      <symbol id="sm-8bd">
         <name>__mpu_init</name>
         <value>0x0</value>
      </symbol>
      <symbol id="sm-8be">
         <name>_system_post_cinit</name>
         <value>0x0</value>
      </symbol>
      <symbol id="sm-8bf">
         <name>NMI_Handler</name>
         <value>0x39b1</value>
      </symbol>
      <symbol id="sm-8c0">
         <name>HardFault_Handler</name>
         <value>0x39b1</value>
      </symbol>
      <symbol id="sm-8c1">
         <name>MemManage_Handler</name>
         <value>0x39b1</value>
      </symbol>
      <symbol id="sm-8c2">
         <name>BusFault_Handler</name>
         <value>0x39b1</value>
      </symbol>
      <symbol id="sm-8c3">
         <name>UsageFault_Handler</name>
         <value>0x39b1</value>
      </symbol>
      <symbol id="sm-8c4">
         <name>SVC_Handler</name>
         <value>0x39b1</value>
      </symbol>
      <symbol id="sm-8c5">
         <name>DebugMon_Handler</name>
         <value>0x39b1</value>
      </symbol>
      <symbol id="sm-8c6">
         <name>PendSV_Handler</name>
         <value>0x39b1</value>
      </symbol>
      <symbol id="sm-8c7">
         <name>SysTick_Handler</name>
         <value>0x39b1</value>
      </symbol>
      <symbol id="sm-8c8">
         <name>PSS_IRQHandler</name>
         <value>0x39b1</value>
      </symbol>
      <symbol id="sm-8c9">
         <name>CS_IRQHandler</name>
         <value>0x39b1</value>
      </symbol>
      <symbol id="sm-8ca">
         <name>PCM_IRQHandler</name>
         <value>0x39b1</value>
      </symbol>
      <symbol id="sm-8cb">
         <name>WDT_A_IRQHandler</name>
         <value>0x39b1</value>
      </symbol>
      <symbol id="sm-8cc">
         <name>FPU_IRQHandler</name>
         <value>0x39b1</value>
      </symbol>
      <symbol id="sm-8cd">
         <name>FLCTL_IRQHandler</name>
         <value>0x39b1</value>
      </symbol>
      <symbol id="sm-8ce">
         <name>COMP_E0_IRQHandler</name>
         <value>0x39b1</value>
      </symbol>
      <symbol id="sm-8cf">
         <name>COMP_E1_IRQHandler</name>
         <value>0x39b1</value>
      </symbol>
      <symbol id="sm-8d0">
         <name>TA0_0_IRQHandler</name>
         <value>0x39b1</value>
      </symbol>
      <symbol id="sm-8d1">
         <name>TA0_N_IRQHandler</name>
         <value>0x39b1</value>
      </symbol>
      <symbol id="sm-8d2">
         <name>TA1_0_IRQHandler</name>
         <value>0x39b1</value>
      </symbol>
      <symbol id="sm-8d3">
         <name>TA1_N_IRQHandler</name>
         <value>0x39b1</value>
      </symbol>
      <symbol id="sm-8d4">
         <name>TA2_0_IRQHandler</name>
         <value>0x39b1</value>
      </symbol>
      <symbol id="sm-8d5">
         <name>TA2_N_IRQHandler</name>
         <value>0x39b1</value>
      </symbol>
      <symbol id="sm-8d6">
         <name>TA3_0_IRQHandler</name>
         <value>0x39b1</value>
      </symbol>
      <symbol id="sm-8d7">
         <name>TA3_N_IRQHandler</name>
         <value>0x39b1</value>
      </symbol>
      <symbol id="sm-8d8">
         <name>EUSCIA0_IRQHandler</name>
         <value>0x39b1</value>
      </symbol>
      <symbol id="sm-8d9">
         <name>EUSCIA1_IRQHandler</name>
         <value>0x39b1</value>
      </symbol>
      <symbol id="sm-8da">
         <name>EUSCIA2_IRQHandler</name>
         <value>0x39b1</value>
      </symbol>
      <symbol id="sm-8db">
         <name>EUSCIA3_IRQHandler</name>
         <value>0x39b1</value>
      </symbol>
      <symbol id="sm-8dc">
         <name>EUSCIB0_IRQHandler</name>
         <value>0x39b1</value>
      </symbol>
      <symbol id="sm-8dd">
         <name>EUSCIB1_IRQHandler</name>
         <value>0x39b1</value>
      </symbol>
      <symbol id="sm-8de">
         <name>EUSCIB2_IRQHandler</name>
         <value>0x39b1</value>
      </symbol>
      <symbol id="sm-8df">
         <name>EUSCIB3_IRQHandler</name>
         <value>0x39b1</value>
      </symbol>
      <symbol id="sm-8e0">
         <name>ADC14_IRQHandler</name>
         <value>0x39b1</value>
      </symbol>
      <symbol id="sm-8e1">
         <name>T32_INT1_IRQHandler</name>
         <value>0x39b1</value>
      </symbol>
      <symbol id="sm-8e2">
         <name>T32_INT2_IRQHandler</name>
         <value>0x39b1</value>
      </symbol>
      <symbol id="sm-8e3">
         <name>T32_INTC_IRQHandler</name>
         <value>0x39b1</value>
      </symbol>
      <symbol id="sm-8e4">
         <name>AES256_IRQHandler</name>
         <value>0x39b1</value>
      </symbol>
      <symbol id="sm-8e5">
         <name>RTC_C_IRQHandler</name>
         <value>0x39b1</value>
      </symbol>
      <symbol id="sm-8e6">
         <name>DMA_ERR_IRQHandler</name>
         <value>0x39b1</value>
      </symbol>
      <symbol id="sm-8e7">
         <name>DMA_INT3_IRQHandler</name>
         <value>0x39b1</value>
      </symbol>
      <symbol id="sm-8e8">
         <name>DMA_INT2_IRQHandler</name>
         <value>0x39b1</value>
      </symbol>
      <symbol id="sm-8e9">
         <name>DMA_INT1_IRQHandler</name>
         <value>0x39b1</value>
      </symbol>
      <symbol id="sm-8ea">
         <name>DMA_INT0_IRQHandler</name>
         <value>0x39b1</value>
      </symbol>
      <symbol id="sm-8eb">
         <name>PORT1_IRQHandler</name>
         <value>0x39b1</value>
      </symbol>
      <symbol id="sm-8ec">
         <name>PORT2_IRQHandler</name>
         <value>0x39b1</value>
      </symbol>
      <symbol id="sm-8ed">
         <name>PORT3_IRQHandler</name>
         <value>0x39b1</value>
      </symbol>
      <symbol id="sm-8ee">
         <name>PORT4_IRQHandler</name>
         <value>0x39b1</value>
      </symbol>
      <symbol id="sm-8ef">
         <name>PORT5_IRQHandler</name>
         <value>0x39b1</value>
      </symbol>
      <symbol id="sm-8f0">
         <name>PORT6_IRQHandler</name>
         <value>0x39b1</value>
      </symbol>
      <symbol id="sm-8f1">
         <name>remove</name>
         <value>0x37fd</value>
      </symbol>
   </symbol_table>
   <title>Link successful</title>
</link_info>
